
centris no 18586802:
Total criteria rows to process: 129
  Processing: Prix (Source: Excel, Category: Non-négociables)
    Found 6 ranges: [('820 000 $-850 000 $', 7.0), ('800 000 $-820 000 $', 9.0), ('750 000 $-800 000 $', 10.0), ('700 000 $-750 000 $', 9.0), ('650 000 $-700 000 $', 5.0), ('400 000 $-650 000 $', 3.0)]
      Comparing '789 000 $' vs '820 000 $-850 000 $'
      Comparing '789 000 $' vs '800 000 $-820 000 $'
      Comparing '789 000 $' vs '750 000 $-800 000 $'
    Prix (Excel): 789 000 $ in range 750 000 $-800 000 $ -> 10.0 pts
  Processing: Type de bâtiment (Source: Excel, Category: Non-négociables)
    Found 2 ranges: [('Isolé (détaché)', 3.0), ('NON', 0.0)]
      Comparing 'Isolé (détaché)' vs 'Isolé (détaché)'
    Type de bâtiment (Excel): Isolé (détaché) matches Isolé (détaché) -> 3.0 pts
  Processing: Style de bâtiment (Source: Excel, Category: Non-négociables)
    Found 3 ranges: [('de plain-pied', 7.0), ('à étages', 6.0), ('Cottage', 4.0)]
      Comparing 'à étages' vs 'de plain-pied'
      Comparing 'à étages' vs 'à étages'
    Style de bâtiment (Excel): à étages matches à étages -> 6.0 pts
  Processing: Année de construction (Source: Excel, Category: Non-négociables)
    Found 6 ranges: [('2024-2025', 6.0), ('2022-2023', 5.0), ('2020-2021', 4.0), ('2017-2019', 3.0), ('2010-2016', 2.0), ('2000-2009', 1.0)]
      Comparing '2016' vs '2024-2025'
      Comparing '2016' vs '2022-2023'
      Comparing '2016' vs '2020-2021'
      Comparing '2016' vs '2017-2019'
      Comparing '2016' vs '2010-2016'
    Année de construction (Excel): 2016 in range 2010-2016 -> 2.0 pts
  Processing: Garage (Source: Excel, Category: Non-négociables)
    Found 2 ranges: [('OUI', 5.0), ('Non', 0.0)]
      Comparing 'Oui' vs 'OUI'
    Garage (Excel): Oui matches OUI -> 5.0 pts
  Processing: Pièces (Source: Excel, Category: Non-négociables)
    Found 4 ranges: [('14-25', 8.0), ('10-13', 7.0), ('7-9', 4.0), ('0-6', 1.0)]
      Comparing '14' vs '14-25'
    Pièces (Excel): 14 in range 14-25 -> 8.0 pts
  Processing: Date d'app/maj (Source: Excel, Category: Non-négociables)
    Found 3 ranges: [('0-4', 4.0), ('5-8', 3.0), ('9-12', 1.0)]
      Comparing 'depuis 11 jours' vs '0-4'
      Comparing 'depuis 11 jours' vs '5-8'
      Comparing 'depuis 11 jours' vs '9-12'
    Date d'app/maj (Excel): depuis 11 jours in range 9-12 -> 1.0 pts
  Processing: Secteur (Source: Excel, Category: Non-négociables)
    Found 4 ranges: [('Vieux-Longueuil', 9.0), ('Greenfield Park', 4.0), ('Saint-Hubert', 7.0), ('Brossard', 6.0)]
      Comparing 'Brossard' vs 'Vieux-Longueuil'
      Comparing 'Brossard' vs 'Greenfield Park'
      Comparing 'Brossard' vs 'Saint-Hubert'
      Comparing 'Brossard' vs 'Brossard'
    Secteur (Excel): Brossard matches Brossard -> 6.0 pts
  Processing: DollardDistance (Source: Excel, Category: Non-négociables)
    Found 4 ranges: [('0-10', 5.0), ('11-15', 2.0), ('16-20', 1.0), ('21+', 0.0)]
      Comparing '13' vs '0-10'
      Comparing '13' vs '11-15'
    DollardDistance (Excel): 13 in range 11-15 -> 2.0 pts
  Processing: WalkScore (Source: Excel, Category: Non-négociables)
    Found 4 ranges: [('80-100', 2.0), ('60-79', 1.5), ('40-59', 1.0), ('<40', 0.0)]
      Comparing '77' vs '80-100'
      Comparing '77' vs '60-79'
    WalkScore (Excel): 77 in range 60-79 -> 1.5 pts
  Processing: SuperficieDuterrain (Source: Excel, Category: Non-négociables)
    Found 5 ranges: [('7000-15000 pc', 6.0), ('5500-6999 pc', 5.0), ('4500-5499 pc', 4.0), ('3500-4499 pc', 2.0), ('0-3499 pc', 1.0)]
      Comparing '2 438 pc' vs '7000-15000 pc'
      Comparing '2 438 pc' vs '5500-6999 pc'
      Comparing '2 438 pc' vs '4500-5499 pc'
      Comparing '2 438 pc' vs '3500-4499 pc'
      Comparing '2 438 pc' vs '0-3499 pc'
    SuperficieDuterrain (Excel): 2 438 pc in range 0-3499 pc -> 1.0 pts
  Non-négociables category total: 10.0 + 3.0 + 6.0 + 2.0 + 5.0 + 8.0 + 1.0 + 6.0 + 2.0 + 1.5 + 1.0 = 45.5
  Processing: Énergie/Chauffage (Source: Excel, Category: Souhaits importants)
    Found 3 ranges: [('Électricité', 1.0), ('Électricité, Gaz naturel', 2.0), ('Électricité, Propane', 3.0)]
      Comparing 'Électricité' vs 'Électricité'
    Énergie/Chauffage (Excel): Électricité matches Électricité -> 1.0 pts
  Processing: SDB + SE (Source: Excel, Category: Souhaits importants)
    Found 3 ranges: [('1+1', 1.0), ('2+0', 3.0), ('2+1', 4.0)]
      Comparing '2+1' vs '1+1'
      Comparing '2+1' vs '2+0'
      Comparing '2+1' vs '2+1'
    SDB + SE (Excel): 2+1 matches 2+1 -> 4.0 pts
  Processing: Foyer-Poêle (Source: Excel, Category: Souhaits importants)
    Found 2 ranges: [('OUI', 5.0), ('NON', 0.0)]
      Comparing 'Non' vs 'OUI'
      Comparing 'Non' vs 'NON'
    Foyer-Poêle (Excel): Non matches NON -> 0.0 pts
    Foyer-Poêle (Excel): Non -> No match found -> 0 pts
  Processing: Piscine (Source: Excel, Category: Souhaits importants)
    Found 2 ranges: [('OUI', 8.0), ('NON', 0.0)]
      Comparing 'Non' vs 'OUI'
      Comparing 'Non' vs 'NON'
    Piscine (Excel): Non matches NON -> 0.0 pts
    Piscine (Excel): Non -> No match found -> 0 pts
  Souhaits importants category total: 1.0 + 4.0 + 0.0 + 0.0 = 5.0
  Processing Souhaits secondaires via Bedrock agent...
  Criteria processed by category: {'Non-négociables': 11, 'Souhaits importants': 4, 'Souhaits secondaires': 0}
  Non-négociables: 10.0 + 3.0 + 6.0 + 2.0 + 5.0 + 8.0 + 1.0 + 6.0 + 2.0 + 1.5 + 1.0 = 45.5
  Souhaits importants: 1.0 + 4.0 + 0.0 + 0.0 = 5.0
  Souhaits secondaires:  = 0
  TOTAL: 50.5
Calling Bedrock agent ZGK3NF5FWW (alias: YQF8BEKCCF) for centris 18586802
Prompt: Score total pour categorie SOUHAITS SECONDAIRES pour centris num 18586802
Agent response: 

SOUHAITS SECONDAIRES - Centris #18586802
==========================================
Propriété: 5925 Rue Alexandre, Brossard, QC, J3W 2G4

Document(s) utilisé(s) - Source validée:
- Royal LePage (No. Inscription 18586802)

Scores Individuels:
------------------
16. **Calme et sécurité**: 0.5/1 - Secteur résidentiel de Brossard, quartier calme typique mais sans indication spécifique de très haute tranquillité

17. **Proximité parcs**: 1/1 - Parc à proximité mentionné dans les caractéristiques

18. **Potentiel de revente**: 1/1 - Brossard, construction récente (2016), secteur en développement avec REM à proximité, fort potentiel

19. **Flexibilité**: 0.5/1 - Sous-sol totalement aménagé offre une certaine flexibilité, mais pas d'indication de potentiel duplex ou agrandissement majeur

20. **Électroménagers inclus**: 0.5/1 - Information partielle disponible (cuisine équipée visible), mais liste complète non précisée

22. **Air climatisé mural**: 0.5/0.5 - Climatiseur central installé (mieux qu'un mural)

23. **Extras**: 0.5/1 - Thermopompe centrale et échangeur d'air inclus, mais pas de mention de terrasse ou garantie GCR

24. **Superficie habitable**: 2/3 - Environ 1000-1199 pi² estimé (construction 2016, 3 chambres, sous-sol aménagé - information exacte non fournie)

25. **Fenestration/Orientation**: 0.25/0.5 - Information sur l'orientation non disponible dans les documents

26. **Stationnement (Allée)**: 0.5/1 - Stationnement disponible mais nombre de places non précisé

27. **Isolation/Résilience hiver**: 0.5/0.5 - Construction récente (2016) avec thermopompe centrale et échangeur d'air, isolation moderne

28. **Date d'emménagement**: 1/1 - Information non spécifiée mais propriété existante suggère disponibilité rapide (avant juillet 2026)

29. **Aménagement intérieur**: 0.5/0.5 - Cuisine moderne (construction 2016) et sous-sol totalement aménagé

30. **Espace rangement**: 1/1 - Sous-sol aménagé avec plusieurs espaces de rangement mentionnés

31. **Zone gazon/jardin**: 0.5/1 - Terrain de 226.51 m² avec gazon probable, mais pas de jardin aménagé mentionné

==========================================
**SCORE TOTAL - SOUHAITS SECONDAIRES: 10.25 / 15 points**

Calcul détaillé: 0.5 + 1 + 1 + 0.5 + 0.5 + 0.5 + 0.5 + 2 + 0.25 + 0.5 + 0.5 + 1 + 0.5 + 1 + 0.5 = **10.25 points**

⚠️ RAPPEL: Seuls les documents avec l'URL ou numéro d'inscription contenant le Centris #18586802 ont été utilisés pour cette évaluation.



Reference URLs used (5 total):
  [1] https://www.royallepage.ca/fr/property/quebec/brossard/5925-rue-alexandre/26836554/mls18586802/?print=1
  [2] https://www.royallepage.ca/fr/property/quebec/brossard/5925-rue-alexandre/26836554/mls18586802/?ref=1
  [3] https://www.royallepage.ca/fr/property/quebec/brossard/5925-rue-alexandre/26836554/mls18586802/
  [4] https://www.royallepage.ca/fr/property/quebec/brossard/5925-rue-alexandre/26836554/mls18586802/
  [5] https://www.royallepage.ca/fr/property/quebec/brossard/5925-rue-alexandre/26836554/mls18586802/?ref=1
Extracted score: 10.25

centris no 23215645:
Total criteria rows to process: 129
  Processing: Prix (Source: Excel, Category: Non-négociables)
    Found 6 ranges: [('820 000 $-850 000 $', 7.0), ('800 000 $-820 000 $', 9.0), ('750 000 $-800 000 $', 10.0), ('700 000 $-750 000 $', 9.0), ('650 000 $-700 000 $', 5.0), ('400 000 $-650 000 $', 3.0)]
      Comparing '810 000 $' vs '820 000 $-850 000 $'
      Comparing '810 000 $' vs '800 000 $-820 000 $'
    Prix (Excel): 810 000 $ in range 800 000 $-820 000 $ -> 9.0 pts
  Processing: Type de bâtiment (Source: Excel, Category: Non-négociables)
    Found 2 ranges: [('Isolé (détaché)', 3.0), ('NON', 0.0)]
      Comparing 'Isolé (détaché)' vs 'Isolé (détaché)'
    Type de bâtiment (Excel): Isolé (détaché) matches Isolé (détaché) -> 3.0 pts
  Processing: Style de bâtiment (Source: Excel, Category: Non-négociables)
    Found 3 ranges: [('de plain-pied', 7.0), ('à étages', 6.0), ('Cottage', 4.0)]
      Comparing 'de plain-pied' vs 'de plain-pied'
    Style de bâtiment (Excel): de plain-pied matches de plain-pied -> 7.0 pts
  Processing: Année de construction (Source: Excel, Category: Non-négociables)
    Found 6 ranges: [('2024-2025', 6.0), ('2022-2023', 5.0), ('2020-2021', 4.0), ('2017-2019', 3.0), ('2010-2016', 2.0), ('2000-2009', 1.0)]
      Comparing '2017' vs '2024-2025'
      Comparing '2017' vs '2022-2023'
      Comparing '2017' vs '2020-2021'
      Comparing '2017' vs '2017-2019'
    Année de construction (Excel): 2017 in range 2017-2019 -> 3.0 pts
  Processing: Garage (Source: Excel, Category: Non-négociables)
    Found 2 ranges: [('OUI', 5.0), ('Non', 0.0)]
      Comparing 'Non' vs 'OUI'
      Comparing 'Non' vs 'Non'
    Garage (Excel): Non matches Non -> 0.0 pts
    Garage (Excel): Non -> No match found -> 0 pts
  Processing: Pièces (Source: Excel, Category: Non-négociables)
    Found 4 ranges: [('14-25', 8.0), ('10-13', 7.0), ('7-9', 4.0), ('0-6', 1.0)]
      Comparing '10' vs '14-25'
      Comparing '10' vs '10-13'
    Pièces (Excel): 10 in range 10-13 -> 7.0 pts
  Processing: Date d'app/maj (Source: Excel, Category: Non-négociables)
    Found 3 ranges: [('0-4', 4.0), ('5-8', 3.0), ('9-12', 1.0)]
      Comparing 'depuis 11 jours' vs '0-4'
      Comparing 'depuis 11 jours' vs '5-8'
      Comparing 'depuis 11 jours' vs '9-12'
    Date d'app/maj (Excel): depuis 11 jours in range 9-12 -> 1.0 pts
  Processing: Secteur (Source: Excel, Category: Non-négociables)
    Found 4 ranges: [('Vieux-Longueuil', 9.0), ('Greenfield Park', 4.0), ('Saint-Hubert', 7.0), ('Brossard', 6.0)]
      Comparing 'Saint-Hubert' vs 'Vieux-Longueuil'
      Comparing 'Saint-Hubert' vs 'Greenfield Park'
      Comparing 'Saint-Hubert' vs 'Saint-Hubert'
    Secteur (Excel): Saint-Hubert matches Saint-Hubert -> 7.0 pts
  Processing: DollardDistance (Source: Excel, Category: Non-négociables)
    Found 4 ranges: [('0-10', 5.0), ('11-15', 2.0), ('16-20', 1.0), ('21+', 0.0)]
      Comparing '15' vs '0-10'
      Comparing '15' vs '11-15'
    DollardDistance (Excel): 15 in range 11-15 -> 2.0 pts
  Processing: WalkScore (Source: Excel, Category: Non-négociables)
    Found 4 ranges: [('80-100', 2.0), ('60-79', 1.5), ('40-59', 1.0), ('<40', 0.0)]
      Comparing '76' vs '80-100'
      Comparing '76' vs '60-79'
    WalkScore (Excel): 76 in range 60-79 -> 1.5 pts
  Processing: SuperficieDuterrain (Source: Excel, Category: Non-négociables)
    Found 5 ranges: [('7000-15000 pc', 6.0), ('5500-6999 pc', 5.0), ('4500-5499 pc', 4.0), ('3500-4499 pc', 2.0), ('0-3499 pc', 1.0)]
      Comparing '4 901 pc' vs '7000-15000 pc'
      Comparing '4 901 pc' vs '5500-6999 pc'
      Comparing '4 901 pc' vs '4500-5499 pc'
    SuperficieDuterrain (Excel): 4 901 pc in range 4500-5499 pc -> 4.0 pts
  Non-négociables category total: 9.0 + 3.0 + 7.0 + 3.0 + 0.0 + 7.0 + 1.0 + 7.0 + 2.0 + 1.5 + 4.0 = 44.5
  Processing: Énergie/Chauffage (Source: Excel, Category: Souhaits importants)
    Found 3 ranges: [('Électricité', 1.0), ('Électricité, Gaz naturel', 2.0), ('Électricité, Propane', 3.0)]
      Comparing 'Électricité' vs 'Électricité'
    Énergie/Chauffage (Excel): Électricité matches Électricité -> 1.0 pts
  Processing: SDB + SE (Source: Excel, Category: Souhaits importants)
    Found 3 ranges: [('1+1', 1.0), ('2+0', 3.0), ('2+1', 4.0)]
      Comparing '2+0' vs '1+1'
      Comparing '2+0' vs '2+0'
    SDB + SE (Excel): 2+0 matches 2+0 -> 3.0 pts
  Processing: Foyer-Poêle (Source: Excel, Category: Souhaits importants)
    Found 2 ranges: [('OUI', 5.0), ('NON', 0.0)]
      Comparing 'Non' vs 'OUI'
      Comparing 'Non' vs 'NON'
    Foyer-Poêle (Excel): Non matches NON -> 0.0 pts
    Foyer-Poêle (Excel): Non -> No match found -> 0 pts
  Processing: Piscine (Source: Excel, Category: Souhaits importants)
    Found 2 ranges: [('OUI', 8.0), ('NON', 0.0)]
      Comparing 'Non' vs 'OUI'
      Comparing 'Non' vs 'NON'
    Piscine (Excel): Non matches NON -> 0.0 pts
    Piscine (Excel): Non -> No match found -> 0 pts
  Souhaits importants category total: 1.0 + 3.0 + 0.0 + 0.0 = 4.0
  Processing Souhaits secondaires via Bedrock agent...
  Criteria processed by category: {'Non-négociables': 11, 'Souhaits importants': 4, 'Souhaits secondaires': 0}
  Non-négociables: 9.0 + 3.0 + 7.0 + 3.0 + 0.0 + 7.0 + 1.0 + 7.0 + 2.0 + 1.5 + 4.0 = 44.5
  Souhaits importants: 1.0 + 3.0 + 0.0 + 0.0 = 4.0
  Souhaits secondaires:  = 0
  TOTAL: 48.5
Calling Bedrock agent ZGK3NF5FWW (alias: YQF8BEKCCF) for centris 23215645
Prompt: Score total pour categorie SOUHAITS SECONDAIRES pour centris num 23215645
Agent response: 

SOUHAITS SECONDAIRES - Centris #23215645
==========================================
Document(s) utilisé(s) - Source validée:
- Sources confirmées contenant le numéro Centris 23215645 (5140 Rue Hubert-Guertin, Longueuil, Saint-Hubert, Orchard)

Scores Individuels:
------------------
16. Calme et sécurité: 1.0/1 - Rue paisible sans issue (cul-de-sac) dans secteur résidentiel Saint-Hubert (Orchard), quartier très calme confirmé dans description

17. Proximité parcs: 1.0/1 - Proximité immédiate à un parc et piste cyclable mentionnée dans les commodités

18. Potentiel de revente: 1.0/1 - Construction récente 2017, secteur recherché, accès REM + multiples transports, forte demande

19. Flexibilité: 1.0/1 - Bureau indépendant à la maison pouvant servir de 6e chambre, possibilité de place d'affaires, sous-sol totalement aménagé

20. Électroménagers inclus: 1.0/1 - Hotte micro-ondes, lave-vaisselle, plusieurs autres inclusions majeures confirmées

22. Air climatisé mural: 0.5/0.5 - 2 thermopompes avec 2 unités murales explicitement mentionnées dans les inclusions

23. Extras: 1.0/1 - Table patio ronde avec chaises, système d'alarme inclus, caméras extérieures incluses, semi-meublé avec nombreux extras

24. Superficie habitable: 1.0/3 - Dimensions bâtiment 28'1" X 36' = environ 1,011 pi² par niveau, avec sous-sol totalement aménagé (superficie totale estimée entre 800-1,000 pi² habitable)

25. Fenestration/Orientation: 0.25/0.5 - Fenestration PVC manivelle (battant) présente, mais orientation exacte non précisée dans les documents

26. Stationnement (Allée): 1.0/1 - Stationnement allée pavé uni avec 2 places + abri d'auto (1), total de 3 places confirmées

27. Isolation/Résilience hiver: 0.5/0.5 - Construction récente 2017, toiture bardeaux d'asphalte, 2 thermopompes, échangeur d'air, isolation moderne optimale

28. Date d'emménagement: 0.0/1 - Date d'occupation non spécifiée dans les documents disponibles

29. Aménagement intérieur: 0.5/0.5 - Cuisine fonctionnelle, sous-sol totalement aménagé (6 pieds et plus), grande salle familiale au sous-sol

30. Espace rangement: 1.0/1 - Remise incluse dans les inclusions ET sous-sol totalement aménagé avec atelier

31. Zone gazon/jardin: 0.5/1 - Terrain 54' X 90'11" (455,30 m²), mais aménagement paysager non détaillé, seulement gazon simple confirmé

==========================================
SCORE TOTAL - SOUHAITS SECONDAIRES: 11.25 / 15 points

Calcul détaillé: 1.0 + 1.0 + 1.0 + 1.0 + 1.0 + 0.5 + 1.0 + 1.0 + 0.25 + 1.0 + 0.5 + 0.0 + 0.5 + 1.0 + 0.5 = 11.25

⚠️ RAPPEL: Seuls les documents avec l'URL contenant le numéro Centris 23215645 ont été utilisés.



Reference URLs used (11 total):
  [1] https://www.remax-quebec.com/fr/proprietes/maison-a-vendre-rive-sud-de-montreal/5140-rue-hubert-guertin-longueuil-saint-hubert-orchard-23215645
  [2] https://www.remax-quebec.com/fr/proprietes/maison-a-vendre-rive-sud-de-montreal/5140-rue-hubert-guertin-longueuil-saint-hubert-orchard-23215645
  [3] https://www.remax-quebec.com/fr/proprietes/maison-a-vendre-rive-sud-de-montreal/5140-rue-hubert-guertin-longueuil-saint-hubert-orchard-23215645
  [4] https://www.remax-quebec.com/fr/proprietes/maison-a-vendre-rive-sud-de-montreal/5140-rue-hubert-guertin-longueuil-saint-hubert-orchard-23215645
  [5] https://www.remax-quebec.com/fr/proprietes/maison-a-vendre-rive-sud-de-montreal/5140-rue-hubert-guertin-longueuil-saint-hubert-orchard-23215645
  [6] https://www.remax-quebec.com/fr/proprietes/maison-a-vendre-rive-sud-de-montreal/5140-rue-hubert-guertin-longueuil-saint-hubert-orchard-23215645
  [7] https://www.remax-quebec.com/fr/proprietes/maison-a-vendre-rive-sud-de-montreal/5140-rue-hubert-guertin-longueuil-saint-hubert-orchard-23215645
  [8] https://www.remax-quebec.com/fr/proprietes/maison-a-vendre-rive-sud-de-montreal/5140-rue-hubert-guertin-longueuil-saint-hubert-orchard-23215645
  [9] https://www.remax-quebec.com/fr/proprietes/maison-a-vendre-rive-sud-de-montreal/5140-rue-hubert-guertin-longueuil-saint-hubert-orchard-23215645
  [10] https://www.remax-quebec.com/fr/proprietes/maison-a-vendre-rive-sud-de-montreal/5140-rue-hubert-guertin-longueuil-saint-hubert-orchard-23215645
  [11] https://www.remax-quebec.com/fr/proprietes/maison-a-vendre-rive-sud-de-montreal/5140-rue-hubert-guertin-longueuil-saint-hubert-orchard-23215645
Extracted score: 11.25

centris no 26451970:
Total criteria rows to process: 129
  Processing: Prix (Source: Excel, Category: Non-négociables)
    Found 6 ranges: [('820 000 $-850 000 $', 7.0), ('800 000 $-820 000 $', 9.0), ('750 000 $-800 000 $', 10.0), ('700 000 $-750 000 $', 9.0), ('650 000 $-700 000 $', 5.0), ('400 000 $-650 000 $', 3.0)]
      Comparing '849 800 $' vs '820 000 $-850 000 $'
    Prix (Excel): 849 800 $ in range 820 000 $-850 000 $ -> 7.0 pts
  Processing: Type de bâtiment (Source: Excel, Category: Non-négociables)
    Found 2 ranges: [('Isolé (détaché)', 3.0), ('NON', 0.0)]
      Comparing 'Isolé (détaché)' vs 'Isolé (détaché)'
    Type de bâtiment (Excel): Isolé (détaché) matches Isolé (détaché) -> 3.0 pts
  Processing: Style de bâtiment (Source: Excel, Category: Non-négociables)
    Found 3 ranges: [('de plain-pied', 7.0), ('à étages', 6.0), ('Cottage', 4.0)]
      Comparing 'à étages' vs 'de plain-pied'
      Comparing 'à étages' vs 'à étages'
    Style de bâtiment (Excel): à étages matches à étages -> 6.0 pts
  Processing: Année de construction (Source: Excel, Category: Non-négociables)
    Found 6 ranges: [('2024-2025', 6.0), ('2022-2023', 5.0), ('2020-2021', 4.0), ('2017-2019', 3.0), ('2010-2016', 2.0), ('2000-2009', 1.0)]
      Comparing '2011' vs '2024-2025'
      Comparing '2011' vs '2022-2023'
      Comparing '2011' vs '2020-2021'
      Comparing '2011' vs '2017-2019'
      Comparing '2011' vs '2010-2016'
    Année de construction (Excel): 2011 in range 2010-2016 -> 2.0 pts
  Processing: Garage (Source: Excel, Category: Non-négociables)
    Found 2 ranges: [('OUI', 5.0), ('Non', 0.0)]
      Comparing 'Non' vs 'OUI'
      Comparing 'Non' vs 'Non'
    Garage (Excel): Non matches Non -> 0.0 pts
    Garage (Excel): Non -> No match found -> 0 pts
  Processing: Pièces (Source: Excel, Category: Non-négociables)
    Found 4 ranges: [('14-25', 8.0), ('10-13', 7.0), ('7-9', 4.0), ('0-6', 1.0)]
      Comparing '11' vs '14-25'
      Comparing '11' vs '10-13'
    Pièces (Excel): 11 in range 10-13 -> 7.0 pts
  Processing: Date d'app/maj (Source: Excel, Category: Non-négociables)
    Found 3 ranges: [('0-4', 4.0), ('5-8', 3.0), ('9-12', 1.0)]
      Comparing 'depuis 11 jours' vs '0-4'
      Comparing 'depuis 11 jours' vs '5-8'
      Comparing 'depuis 11 jours' vs '9-12'
    Date d'app/maj (Excel): depuis 11 jours in range 9-12 -> 1.0 pts
  Processing: Secteur (Source: Excel, Category: Non-négociables)
    Found 4 ranges: [('Vieux-Longueuil', 9.0), ('Greenfield Park', 4.0), ('Saint-Hubert', 7.0), ('Brossard', 6.0)]
      Comparing 'Saint-Hubert' vs 'Vieux-Longueuil'
      Comparing 'Saint-Hubert' vs 'Greenfield Park'
      Comparing 'Saint-Hubert' vs 'Saint-Hubert'
    Secteur (Excel): Saint-Hubert matches Saint-Hubert -> 7.0 pts
  Processing: DollardDistance (Source: Excel, Category: Non-négociables)
    Found 4 ranges: [('0-10', 5.0), ('11-15', 2.0), ('16-20', 1.0), ('21+', 0.0)]
      Comparing '18' vs '0-10'
      Comparing '18' vs '11-15'
      Comparing '18' vs '16-20'
    DollardDistance (Excel): 18 in range 16-20 -> 1.0 pts
  Processing: WalkScore (Source: Excel, Category: Non-négociables)
    Found 4 ranges: [('80-100', 2.0), ('60-79', 1.5), ('40-59', 1.0), ('<40', 0.0)]
      Comparing '32' vs '80-100'
      Comparing '32' vs '60-79'
      Comparing '32' vs '40-59'
      Comparing '32' vs '<40'
    WalkScore (Excel): 32 -> No match found -> 0 pts
  Processing: SuperficieDuterrain (Source: Excel, Category: Non-négociables)
    Found 5 ranges: [('7000-15000 pc', 6.0), ('5500-6999 pc', 5.0), ('4500-5499 pc', 4.0), ('3500-4499 pc', 2.0), ('0-3499 pc', 1.0)]
      Comparing '4 855 pc' vs '7000-15000 pc'
      Comparing '4 855 pc' vs '5500-6999 pc'
      Comparing '4 855 pc' vs '4500-5499 pc'
    SuperficieDuterrain (Excel): 4 855 pc in range 4500-5499 pc -> 4.0 pts
  Non-négociables category total: 7.0 + 3.0 + 6.0 + 2.0 + 0.0 + 7.0 + 1.0 + 7.0 + 1.0 + 0.0 + 4.0 = 38.0
  Processing: Énergie/Chauffage (Source: Excel, Category: Souhaits importants)
    Found 3 ranges: [('Électricité', 1.0), ('Électricité, Gaz naturel', 2.0), ('Électricité, Propane', 3.0)]
      Comparing 'Électricité' vs 'Électricité'
    Énergie/Chauffage (Excel): Électricité matches Électricité -> 1.0 pts
  Processing: SDB + SE (Source: Excel, Category: Souhaits importants)
    Found 3 ranges: [('1+1', 1.0), ('2+0', 3.0), ('2+1', 4.0)]
      Comparing '2+1' vs '1+1'
      Comparing '2+1' vs '2+0'
      Comparing '2+1' vs '2+1'
    SDB + SE (Excel): 2+1 matches 2+1 -> 4.0 pts
  Processing: Foyer-Poêle (Source: Excel, Category: Souhaits importants)
    Found 2 ranges: [('OUI', 5.0), ('NON', 0.0)]
      Comparing 'Non' vs 'OUI'
      Comparing 'Non' vs 'NON'
    Foyer-Poêle (Excel): Non matches NON -> 0.0 pts
    Foyer-Poêle (Excel): Non -> No match found -> 0 pts
  Processing: Piscine (Source: Excel, Category: Souhaits importants)
    Found 2 ranges: [('OUI', 8.0), ('NON', 0.0)]
      Comparing 'Non' vs 'OUI'
      Comparing 'Non' vs 'NON'
    Piscine (Excel): Non matches NON -> 0.0 pts
    Piscine (Excel): Non -> No match found -> 0 pts
  Souhaits importants category total: 1.0 + 4.0 + 0.0 + 0.0 = 5.0
  Processing Souhaits secondaires via Bedrock agent...
  Criteria processed by category: {'Non-négociables': 11, 'Souhaits importants': 4, 'Souhaits secondaires': 0}
  Non-négociables: 7.0 + 3.0 + 6.0 + 2.0 + 0.0 + 7.0 + 1.0 + 7.0 + 1.0 + 0.0 + 4.0 = 38.0
  Souhaits importants: 1.0 + 4.0 + 0.0 + 0.0 = 5.0
  Souhaits secondaires:  = 0
  TOTAL: 43.0
Calling Bedrock agent ZGK3NF5FWW (alias: YQF8BEKCCF) for centris 26451970
Prompt: Score total pour categorie SOUHAITS SECONDAIRES pour centris num 26451970
Agent response: 

Le score total pour la catégorie SOUHAITS SECONDAIRES pour le Centris #26451970 est de **7.25 / 15 points**.

Points forts de cette propriété:
- Excellent emplacement (quartier calme et sécurisé, proximité parcs)
- Fort potentiel de revente
- 4 places de stationnement en allée
- Thermopompe murale incluse
- Sous-sol totalement aménagé

Points faibles:
- Aucun électroménager inclus
- Informations manquantes sur la superficie habitable et la date d'emménagement
- Aucune information sur l'isolation/toiture récente



Reference URLs used (4 total):
  [1] https://www.remax-quebec.com/fr/proprietes/maison-a-vendre-rive-sud-de-montreal/4768-rue-des-hydrangees-longueuil-saint-hubert-westley-26451970
  [2] https://www.remax-quebec.com/fr/proprietes/maison-a-vendre-rive-sud-de-montreal/4768-rue-des-hydrangees-longueuil-saint-hubert-westley-26451970
  [3] https://www.remax-quebec.com/fr/proprietes/maison-a-vendre-rive-sud-de-montreal/4768-rue-des-hydrangees-longueuil-saint-hubert-westley-26451970
  [4] https://www.remax-quebec.com/fr/proprietes/maison-a-vendre-rive-sud-de-montreal/4768-rue-des-hydrangees-longueuil-saint-hubert-westley-26451970
No score found in response

centris no 28956420:
Total criteria rows to process: 129
  Processing: Prix (Source: Excel, Category: Non-négociables)
    Found 6 ranges: [('820 000 $-850 000 $', 7.0), ('800 000 $-820 000 $', 9.0), ('750 000 $-800 000 $', 10.0), ('700 000 $-750 000 $', 9.0), ('650 000 $-700 000 $', 5.0), ('400 000 $-650 000 $', 3.0)]
      Comparing '659 000 $' vs '820 000 $-850 000 $'
      Comparing '659 000 $' vs '800 000 $-820 000 $'
      Comparing '659 000 $' vs '750 000 $-800 000 $'
      Comparing '659 000 $' vs '700 000 $-750 000 $'
      Comparing '659 000 $' vs '650 000 $-700 000 $'
    Prix (Excel): 659 000 $ in range 650 000 $-700 000 $ -> 5.0 pts
  Processing: Type de bâtiment (Source: Excel, Category: Non-négociables)
    Found 2 ranges: [('Isolé (détaché)', 3.0), ('NON', 0.0)]
      Comparing 'Isolé (détaché)' vs 'Isolé (détaché)'
    Type de bâtiment (Excel): Isolé (détaché) matches Isolé (détaché) -> 3.0 pts
  Processing: Style de bâtiment (Source: Excel, Category: Non-négociables)
    Found 3 ranges: [('de plain-pied', 7.0), ('à étages', 6.0), ('Cottage', 4.0)]
      Comparing 'de plain-pied' vs 'de plain-pied'
    Style de bâtiment (Excel): de plain-pied matches de plain-pied -> 7.0 pts
  Processing: Année de construction (Source: Excel, Category: Non-négociables)
    Found 6 ranges: [('2024-2025', 6.0), ('2022-2023', 5.0), ('2020-2021', 4.0), ('2017-2019', 3.0), ('2010-2016', 2.0), ('2000-2009', 1.0)]
      Comparing '2014' vs '2024-2025'
      Comparing '2014' vs '2022-2023'
      Comparing '2014' vs '2020-2021'
      Comparing '2014' vs '2017-2019'
      Comparing '2014' vs '2010-2016'
    Année de construction (Excel): 2014 in range 2010-2016 -> 2.0 pts
  Processing: Garage (Source: Excel, Category: Non-négociables)
    Found 2 ranges: [('OUI', 5.0), ('Non', 0.0)]
      Comparing 'Non' vs 'OUI'
      Comparing 'Non' vs 'Non'
    Garage (Excel): Non matches Non -> 0.0 pts
    Garage (Excel): Non -> No match found -> 0 pts
  Processing: Pièces (Source: Excel, Category: Non-négociables)
    Found 4 ranges: [('14-25', 8.0), ('10-13', 7.0), ('7-9', 4.0), ('0-6', 1.0)]
      Comparing '12' vs '14-25'
      Comparing '12' vs '10-13'
    Pièces (Excel): 12 in range 10-13 -> 7.0 pts
  Processing: Date d'app/maj (Source: Excel, Category: Non-négociables)
    Found 3 ranges: [('0-4', 4.0), ('5-8', 3.0), ('9-12', 1.0)]
      Comparing 'depuis 11 jours' vs '0-4'
      Comparing 'depuis 11 jours' vs '5-8'
      Comparing 'depuis 11 jours' vs '9-12'
    Date d'app/maj (Excel): depuis 11 jours in range 9-12 -> 1.0 pts
  Processing: Secteur (Source: Excel, Category: Non-négociables)
    Found 4 ranges: [('Vieux-Longueuil', 9.0), ('Greenfield Park', 4.0), ('Saint-Hubert', 7.0), ('Brossard', 6.0)]
      Comparing 'Le Vieux-Longueuil' vs 'Vieux-Longueuil'
      Comparing 'Le Vieux-Longueuil' vs 'Greenfield Park'
      Comparing 'Le Vieux-Longueuil' vs 'Saint-Hubert'
      Comparing 'Le Vieux-Longueuil' vs 'Brossard'
    Secteur (Excel): Le Vieux-Longueuil -> No match found -> 0 pts
  Processing: DollardDistance (Source: Excel, Category: Non-négociables)
    Found 4 ranges: [('0-10', 5.0), ('11-15', 2.0), ('16-20', 1.0), ('21+', 0.0)]
      Comparing '4' vs '0-10'
    DollardDistance (Excel): 4 in range 0-10 -> 5.0 pts
  Processing: WalkScore (Source: Excel, Category: Non-négociables)
    Found 4 ranges: [('80-100', 2.0), ('60-79', 1.5), ('40-59', 1.0), ('<40', 0.0)]
      Comparing '89' vs '80-100'
    WalkScore (Excel): 89 in range 80-100 -> 2.0 pts
  Processing: SuperficieDuterrain (Source: Excel, Category: Non-négociables)
    Found 5 ranges: [('7000-15000 pc', 6.0), ('5500-6999 pc', 5.0), ('4500-5499 pc', 4.0), ('3500-4499 pc', 2.0), ('0-3499 pc', 1.0)]
      Comparing '4 940 pc' vs '7000-15000 pc'
      Comparing '4 940 pc' vs '5500-6999 pc'
      Comparing '4 940 pc' vs '4500-5499 pc'
    SuperficieDuterrain (Excel): 4 940 pc in range 4500-5499 pc -> 4.0 pts
  Non-négociables category total: 5.0 + 3.0 + 7.0 + 2.0 + 0.0 + 7.0 + 1.0 + 0.0 + 5.0 + 2.0 + 4.0 = 36.0
  Processing: Énergie/Chauffage (Source: Excel, Category: Souhaits importants)
    Found 3 ranges: [('Électricité', 1.0), ('Électricité, Gaz naturel', 2.0), ('Électricité, Propane', 3.0)]
      Comparing 'Électricité' vs 'Électricité'
    Énergie/Chauffage (Excel): Électricité matches Électricité -> 1.0 pts
  Processing: SDB + SE (Source: Excel, Category: Souhaits importants)
    Found 3 ranges: [('1+1', 1.0), ('2+0', 3.0), ('2+1', 4.0)]
      Comparing '2+0' vs '1+1'
      Comparing '2+0' vs '2+0'
    SDB + SE (Excel): 2+0 matches 2+0 -> 3.0 pts
  Processing: Foyer-Poêle (Source: Excel, Category: Souhaits importants)
    Found 2 ranges: [('OUI', 5.0), ('NON', 0.0)]
      Comparing 'Non' vs 'OUI'
      Comparing 'Non' vs 'NON'
    Foyer-Poêle (Excel): Non matches NON -> 0.0 pts
    Foyer-Poêle (Excel): Non -> No match found -> 0 pts
  Processing: Piscine (Source: Excel, Category: Souhaits importants)
    Found 2 ranges: [('OUI', 8.0), ('NON', 0.0)]
      Comparing 'Non' vs 'OUI'
      Comparing 'Non' vs 'NON'
    Piscine (Excel): Non matches NON -> 0.0 pts
    Piscine (Excel): Non -> No match found -> 0 pts
  Souhaits importants category total: 1.0 + 3.0 + 0.0 + 0.0 = 4.0
  Processing Souhaits secondaires via Bedrock agent...
  Criteria processed by category: {'Non-négociables': 11, 'Souhaits importants': 4, 'Souhaits secondaires': 0}
  Non-négociables: 5.0 + 3.0 + 7.0 + 2.0 + 0.0 + 7.0 + 1.0 + 0.0 + 5.0 + 2.0 + 4.0 = 36.0
  Souhaits importants: 1.0 + 3.0 + 0.0 + 0.0 = 4.0
  Souhaits secondaires:  = 0
  TOTAL: 40.0
Calling Bedrock agent ZGK3NF5FWW (alias: YQF8BEKCCF) for centris 28956420
Prompt: Score total pour categorie SOUHAITS SECONDAIRES pour centris num 28956420
Agent response: 

SOUHAITS SECONDAIRES - Centris #28956420
==========================================
Document(s) utilisé(s) - Source validée:
- Source Chhs (contient 28956420)

Propriété: 1079 Rue Albani, Longueuil (Le Vieux-Longueuil)
Prix: 659 000$

Scores Individuels:
------------------
16. **Calme et sécurité**: 1.0 point
   - Terrain d'angle tranquille bordé par deux rues paisibles dans secteur stratégique de Longueuil

17. **Proximité parcs**: 1.0 point
   - Accès facile aux pistes cyclables et parcs mentionnés, proximité Parc-espace vert

18. **Potentiel de revente**: 1.0 point
   - Fort potentiel: construction 2014, emplacement stratégique à 15 min du centre-ville Montréal, près métro ligne Jaune

19. **Flexibilité**: 1.0 point
   - Ville de Longueuil autorise conversion en duplex et construction d'un garage dans la cour

20. **Électroménagers inclus**: 0.0 point
   - Aucun électroménager mentionné dans les inclusions (seulement éclairage, auvent, aspirateur central, climatiseur)

22. **Air climatisé mural**: 0.5 point
   - Climatiseur mural inclus dans les inclusions

23. **Extras**: 1.0 point
   - Terrasse 150 pi² avec auvent rétractable + cabanon 200 pi² + système sécurité/caméras

24. **Superficie habitable**: 1.0 point
   - Superficie indiquée "0" dans la fiche, mais calcul des pièces suggère environ 1000 pi² (plain-pied + sous-sol aménagé)

25. **Fenestration/Orientation**: 0.5 point
   - Fenêtres sur les quatre façades, maison lumineuse, terrain d'angle permettant lumière naturelle abondante

26. **Stationnement (Allée)**: 1.0 point
   - Deux entrées de stationnement donnant sur des rues distinctes, allée en asphalte

27. **Isolation/Résilience hiver**: 0.25 point
   - Toiture en bardeaux d'asphalte, sous-sol avec insonorisation supérieure et échangeur d'air, mais âge toiture non précisé (construction 2014)

28. **Date d'emménagement**: 1.0 point
   - Disponibilité immédiate présumée (aucune restriction mentionnée)

29. **Aménagement intérieur**: 0.5 point
   - Cuisine au rez-de-chaussée + sous-sol entièrement aménagé en 2023 avec matériaux qualité

30. **Espace rangement**: 1.0 point
   - Cabanon lumineux 200 pi² ET sous-sol aménagé avec rangement, espace sous escalier, salle mécanique

31. **Zone gazon/jardin**: 1.0 point
   - Terrain 4939.56 pi², cour entièrement clôturée, terrasse arrière aménagée

==========================================
**SCORE TOTAL - SOUHAITS SECONDAIRES: 11.75 / 15 points**

Calcul détaillé: 1.0 + 1.0 + 1.0 + 1.0 + 0.0 + 0.5 + 1.0 + 1.0 + 0.5 + 1.0 + 0.25 + 1.0 + 0.5 + 1.0 + 1.0 = **11.75**

⚠️ RAPPEL: Seul le document avec l'URL contenant le numéro Centris 28956420 a été utilisé.



Reference URLs used (1 total):
  [1] https://charisma.ca/fr/properties/?mls=28956420
Extracted score: 11.75

centris no 18278673:
Total criteria rows to process: 129
  Processing: Prix (Source: Excel, Category: Non-négociables)
    Found 6 ranges: [('820 000 $-850 000 $', 7.0), ('800 000 $-820 000 $', 9.0), ('750 000 $-800 000 $', 10.0), ('700 000 $-750 000 $', 9.0), ('650 000 $-700 000 $', 5.0), ('400 000 $-650 000 $', 3.0)]
      Comparing '699 000 $' vs '820 000 $-850 000 $'
      Comparing '699 000 $' vs '800 000 $-820 000 $'
      Comparing '699 000 $' vs '750 000 $-800 000 $'
      Comparing '699 000 $' vs '700 000 $-750 000 $'
      Comparing '699 000 $' vs '650 000 $-700 000 $'
    Prix (Excel): 699 000 $ in range 650 000 $-700 000 $ -> 5.0 pts
  Processing: Type de bâtiment (Source: Excel, Category: Non-négociables)
    Found 2 ranges: [('Isolé (détaché)', 3.0), ('NON', 0.0)]
      Comparing 'Isolé (détaché)' vs 'Isolé (détaché)'
    Type de bâtiment (Excel): Isolé (détaché) matches Isolé (détaché) -> 3.0 pts
  Processing: Style de bâtiment (Source: Excel, Category: Non-négociables)
    Found 3 ranges: [('de plain-pied', 7.0), ('à étages', 6.0), ('Cottage', 4.0)]
      Comparing 'de plain-pied' vs 'de plain-pied'
    Style de bâtiment (Excel): de plain-pied matches de plain-pied -> 7.0 pts
  Processing: Année de construction (Source: Excel, Category: Non-négociables)
    Found 6 ranges: [('2024-2025', 6.0), ('2022-2023', 5.0), ('2020-2021', 4.0), ('2017-2019', 3.0), ('2010-2016', 2.0), ('2000-2009', 1.0)]
      Comparing '2001' vs '2024-2025'
      Comparing '2001' vs '2022-2023'
      Comparing '2001' vs '2020-2021'
      Comparing '2001' vs '2017-2019'
      Comparing '2001' vs '2010-2016'
      Comparing '2001' vs '2000-2009'
    Année de construction (Excel): 2001 in range 2000-2009 -> 1.0 pts
  Processing: Garage (Source: Excel, Category: Non-négociables)
    Found 2 ranges: [('OUI', 5.0), ('Non', 0.0)]
      Comparing 'Oui' vs 'OUI'
    Garage (Excel): Oui matches OUI -> 5.0 pts
  Processing: Pièces (Source: Excel, Category: Non-négociables)
    Found 4 ranges: [('14-25', 8.0), ('10-13', 7.0), ('7-9', 4.0), ('0-6', 1.0)]
      Comparing '11' vs '14-25'
      Comparing '11' vs '10-13'
    Pièces (Excel): 11 in range 10-13 -> 7.0 pts
  Processing: Date d'app/maj (Source: Excel, Category: Non-négociables)
    Found 3 ranges: [('0-4', 4.0), ('5-8', 3.0), ('9-12', 1.0)]
      Comparing 'depuis 11 jours' vs '0-4'
      Comparing 'depuis 11 jours' vs '5-8'
      Comparing 'depuis 11 jours' vs '9-12'
    Date d'app/maj (Excel): depuis 11 jours in range 9-12 -> 1.0 pts
  Processing: Secteur (Source: Excel, Category: Non-négociables)
    Found 4 ranges: [('Vieux-Longueuil', 9.0), ('Greenfield Park', 4.0), ('Saint-Hubert', 7.0), ('Brossard', 6.0)]
      Comparing 'Le Vieux-Longueuil' vs 'Vieux-Longueuil'
      Comparing 'Le Vieux-Longueuil' vs 'Greenfield Park'
      Comparing 'Le Vieux-Longueuil' vs 'Saint-Hubert'
      Comparing 'Le Vieux-Longueuil' vs 'Brossard'
    Secteur (Excel): Le Vieux-Longueuil -> No match found -> 0 pts
  Processing: DollardDistance (Source: Excel, Category: Non-négociables)
    Found 4 ranges: [('0-10', 5.0), ('11-15', 2.0), ('16-20', 1.0), ('21+', 0.0)]
      Comparing '12' vs '0-10'
      Comparing '12' vs '11-15'
    DollardDistance (Excel): 12 in range 11-15 -> 2.0 pts
  Processing: WalkScore (Source: Excel, Category: Non-négociables)
    Found 4 ranges: [('80-100', 2.0), ('60-79', 1.5), ('40-59', 1.0), ('<40', 0.0)]
      Comparing '46' vs '80-100'
      Comparing '46' vs '60-79'
      Comparing '46' vs '40-59'
    WalkScore (Excel): 46 in range 40-59 -> 1.0 pts
  Processing: SuperficieDuterrain (Source: Excel, Category: Non-négociables)
    Found 5 ranges: [('7000-15000 pc', 6.0), ('5500-6999 pc', 5.0), ('4500-5499 pc', 4.0), ('3500-4499 pc', 2.0), ('0-3499 pc', 1.0)]
      Comparing '4 018 pc' vs '7000-15000 pc'
      Comparing '4 018 pc' vs '5500-6999 pc'
      Comparing '4 018 pc' vs '4500-5499 pc'
      Comparing '4 018 pc' vs '3500-4499 pc'
    SuperficieDuterrain (Excel): 4 018 pc in range 3500-4499 pc -> 2.0 pts
  Non-négociables category total: 5.0 + 3.0 + 7.0 + 1.0 + 5.0 + 7.0 + 1.0 + 0.0 + 2.0 + 1.0 + 2.0 = 34.0
  Processing: Énergie/Chauffage (Source: Excel, Category: Souhaits importants)
    Found 3 ranges: [('Électricité', 1.0), ('Électricité, Gaz naturel', 2.0), ('Électricité, Propane', 3.0)]
      Comparing 'Électricité, Gaz naturel' vs 'Électricité'
      Comparing 'Électricité, Gaz naturel' vs 'Électricité, Gaz naturel'
    Énergie/Chauffage (Excel): Électricité, Gaz naturel matches Électricité, Gaz naturel -> 2.0 pts
  Processing: SDB + SE (Source: Excel, Category: Souhaits importants)
    Found 3 ranges: [('1+1', 1.0), ('2+0', 3.0), ('2+1', 4.0)]
      Comparing '2+0' vs '1+1'
      Comparing '2+0' vs '2+0'
    SDB + SE (Excel): 2+0 matches 2+0 -> 3.0 pts
  Processing: Foyer-Poêle (Source: Excel, Category: Souhaits importants)
    Found 2 ranges: [('OUI', 5.0), ('NON', 0.0)]
      Comparing 'Non' vs 'OUI'
      Comparing 'Non' vs 'NON'
    Foyer-Poêle (Excel): Non matches NON -> 0.0 pts
    Foyer-Poêle (Excel): Non -> No match found -> 0 pts
  Processing: Piscine (Source: Excel, Category: Souhaits importants)
    Found 2 ranges: [('OUI', 8.0), ('NON', 0.0)]
      Comparing 'Non' vs 'OUI'
      Comparing 'Non' vs 'NON'
    Piscine (Excel): Non matches NON -> 0.0 pts
    Piscine (Excel): Non -> No match found -> 0 pts
  Souhaits importants category total: 2.0 + 3.0 + 0.0 + 0.0 = 5.0
  Processing Souhaits secondaires via Bedrock agent...
  Criteria processed by category: {'Non-négociables': 11, 'Souhaits importants': 4, 'Souhaits secondaires': 0}
  Non-négociables: 5.0 + 3.0 + 7.0 + 1.0 + 5.0 + 7.0 + 1.0 + 0.0 + 2.0 + 1.0 + 2.0 = 34.0
  Souhaits importants: 2.0 + 3.0 + 0.0 + 0.0 = 5.0
  Souhaits secondaires:  = 0
  TOTAL: 39.0
Calling Bedrock agent ZGK3NF5FWW (alias: YQF8BEKCCF) for centris 18278673
Prompt: Score total pour categorie SOUHAITS SECONDAIRES pour centris num 18278673
Agent response: 

SOUHAITS SECONDAIRES - Centris #18278673
==========================================
Document(s) utilisé(s) - Source validée:
Maison de plain-pied à vendre - Longueuil (Le Vieux-Longueuil) - Pierre Boucher

Scores Individuels:
------------------
16. **Calme et sécurité: 1.0** - Secteur paisible à Longueuil (Pierre Boucher), quartier résidentiel tranquille

17. **Proximité parcs: 0.5** - Zone résidentielle de Longueuil, proximité raisonnable aux espaces verts (information limitée)

18. **Potentiel de revente: 1.0** - Excellent secteur près de l'hôpital Pierre-Boucher, écoles, services, transport en commun

19. **Flexibilité: 1.0** - Sous-sol totalement aménagé avec 2 chambres additionnelles et salle familiale, possibilité de revenus

20. **Électroménagers inclus: 1.0** - Lave-vaisselle, luminaires, stores et rideaux inclus

22. **Air climatisé mural: 0.5** - Système de climatisation à air pulsé central (thermopompe centrale mentionnée)

23. **Extras: 1.0** - Terrasse en bois, abri de jardin, BBQ, prise BBQ au gaz naturel, meuble de rangement garage

24. **Superficie habitable: 1.0** - Dimensions 29'8" x 35'2" (environ 1,045 pi²), maison plain-pied

25. **Fenestration/Orientation: 0.25** - Fenêtres PVC, aire ouverte lumineuse, mais orientation non spécifiée

26. **Stationnement (Allée): 0.5** - Garage intégré simple largeur + Tempo pour voiture mentionné (1 place couverte)

27. **Isolation/Résilience hiver: 0.25** - Toiture bardeaux d'asphalte (2001), système chauffage gaz naturel et électricité

28. **Date d'emménagement: 0** - Information non disponible

29. **Aménagement intérieur: 0.5** - Cuisine moderne air ouverte + sous-sol totalement aménagé avec salle familiale

30. **Espace rangement: 1.0** - Abri de jardin ET sous-sol aménagé avec meuble de rangement au garage

31. **Zone gazon/jardin: 1.0** - Cour privée clôturée avec terrasse en bois et aménagements

==========================================
**SCORE TOTAL - SOUHAITS SECONDAIRES: 10.5 / 15 points**

Calcul détaillé: 1.0 + 0.5 + 1.0 + 1.0 + 1.0 + 0.5 + 1.0 + 1.0 + 0.25 + 0.5 + 0.25 + 0 + 0.5 + 1.0 + 1.0 = **10.5**

⚠️ Points forts: Excellente flexibilité avec sous-sol aménagé, secteur calme recherché, inclusions généreuses, bon potentiel de revente
⚠️ Points à améliorer: Superficie habitable en dessous de l'optimal (< 1200 pi²), date d'emménagement non précisée



Reference URLs used (5 total):
  [1] https://www.remax-quebec.com/fr/proprietes/maison-a-vendre-rive-sud-de-montreal/1429-rue-du-beaujolais-longueuil-le-vieux-longueuil-pierre-boucher-18278673
  [2] https://www.remax-quebec.com/fr/proprietes/maison-a-vendre-rive-sud-de-montreal/1429-rue-du-beaujolais-longueuil-le-vieux-longueuil-pierre-boucher-18278673
  [3] https://www.remax-quebec.com/fr/proprietes/maison-a-vendre-rive-sud-de-montreal/1429-rue-du-beaujolais-longueuil-le-vieux-longueuil-pierre-boucher-18278673
  [4] https://www.remax-quebec.com/fr/proprietes/maison-a-vendre-rive-sud-de-montreal/1429-rue-du-beaujolais-longueuil-le-vieux-longueuil-pierre-boucher-18278673
  [5] https://www.remax-quebec.com/fr/proprietes/maison-a-vendre-rive-sud-de-montreal/1429-rue-du-beaujolais-longueuil-le-vieux-longueuil-pierre-boucher-18278673
Extracted score: 10.5

centris no 24569753:
Total criteria rows to process: 129
  Processing: Prix (Source: Excel, Category: Non-négociables)
    Found 6 ranges: [('820 000 $-850 000 $', 7.0), ('800 000 $-820 000 $', 9.0), ('750 000 $-800 000 $', 10.0), ('700 000 $-750 000 $', 9.0), ('650 000 $-700 000 $', 5.0), ('400 000 $-650 000 $', 3.0)]
      Comparing '819 900 $' vs '820 000 $-850 000 $'
      Comparing '819 900 $' vs '800 000 $-820 000 $'
    Prix (Excel): 819 900 $ in range 800 000 $-820 000 $ -> 9.0 pts
  Processing: Type de bâtiment (Source: Excel, Category: Non-négociables)
    Found 2 ranges: [('Isolé (détaché)', 3.0), ('NON', 0.0)]
      Comparing 'Isolé (détaché)' vs 'Isolé (détaché)'
    Type de bâtiment (Excel): Isolé (détaché) matches Isolé (détaché) -> 3.0 pts
  Processing: Style de bâtiment (Source: Excel, Category: Non-négociables)
    Found 3 ranges: [('de plain-pied', 7.0), ('à étages', 6.0), ('Cottage', 4.0)]
      Comparing 'à étages' vs 'de plain-pied'
      Comparing 'à étages' vs 'à étages'
    Style de bâtiment (Excel): à étages matches à étages -> 6.0 pts
  Processing: Année de construction (Source: Excel, Category: Non-négociables)
    Found 6 ranges: [('2024-2025', 6.0), ('2022-2023', 5.0), ('2020-2021', 4.0), ('2017-2019', 3.0), ('2010-2016', 2.0), ('2000-2009', 1.0)]
      Comparing '2000' vs '2024-2025'
      Comparing '2000' vs '2022-2023'
      Comparing '2000' vs '2020-2021'
      Comparing '2000' vs '2017-2019'
      Comparing '2000' vs '2010-2016'
      Comparing '2000' vs '2000-2009'
    Année de construction (Excel): 2000 in range 2000-2009 -> 1.0 pts
  Processing: Garage (Source: Excel, Category: Non-négociables)
    Found 2 ranges: [('OUI', 5.0), ('Non', 0.0)]
      Comparing 'Oui' vs 'OUI'
    Garage (Excel): Oui matches OUI -> 5.0 pts
  Processing: Pièces (Source: Excel, Category: Non-négociables)
    Found 4 ranges: [('14-25', 8.0), ('10-13', 7.0), ('7-9', 4.0), ('0-6', 1.0)]
      Comparing '9' vs '14-25'
      Comparing '9' vs '10-13'
      Comparing '9' vs '7-9'
    Pièces (Excel): 9 in range 7-9 -> 4.0 pts
  Processing: Date d'app/maj (Source: Excel, Category: Non-négociables)
    Found 3 ranges: [('0-4', 4.0), ('5-8', 3.0), ('9-12', 1.0)]
      Comparing 'depuis 11 jours' vs '0-4'
      Comparing 'depuis 11 jours' vs '5-8'
      Comparing 'depuis 11 jours' vs '9-12'
    Date d'app/maj (Excel): depuis 11 jours in range 9-12 -> 1.0 pts
  Processing: Secteur (Source: Excel, Category: Non-négociables)
    Found 4 ranges: [('Vieux-Longueuil', 9.0), ('Greenfield Park', 4.0), ('Saint-Hubert', 7.0), ('Brossard', 6.0)]
      Comparing 'Le Vieux-Longueuil' vs 'Vieux-Longueuil'
      Comparing 'Le Vieux-Longueuil' vs 'Greenfield Park'
      Comparing 'Le Vieux-Longueuil' vs 'Saint-Hubert'
      Comparing 'Le Vieux-Longueuil' vs 'Brossard'
    Secteur (Excel): Le Vieux-Longueuil -> No match found -> 0 pts
  Processing: DollardDistance (Source: Excel, Category: Non-négociables)
    Found 4 ranges: [('0-10', 5.0), ('11-15', 2.0), ('16-20', 1.0), ('21+', 0.0)]
      Comparing '12' vs '0-10'
      Comparing '12' vs '11-15'
    DollardDistance (Excel): 12 in range 11-15 -> 2.0 pts
  Processing: WalkScore (Source: Excel, Category: Non-négociables)
    Found 4 ranges: [('80-100', 2.0), ('60-79', 1.5), ('40-59', 1.0), ('<40', 0.0)]
      Comparing '48' vs '80-100'
      Comparing '48' vs '60-79'
      Comparing '48' vs '40-59'
    WalkScore (Excel): 48 in range 40-59 -> 1.0 pts
  Processing: SuperficieDuterrain (Source: Excel, Category: Non-négociables)
    Found 5 ranges: [('7000-15000 pc', 6.0), ('5500-6999 pc', 5.0), ('4500-5499 pc', 4.0), ('3500-4499 pc', 2.0), ('0-3499 pc', 1.0)]
      Comparing '4 272 pc' vs '7000-15000 pc'
      Comparing '4 272 pc' vs '5500-6999 pc'
      Comparing '4 272 pc' vs '4500-5499 pc'
      Comparing '4 272 pc' vs '3500-4499 pc'
    SuperficieDuterrain (Excel): 4 272 pc in range 3500-4499 pc -> 2.0 pts
  Non-négociables category total: 9.0 + 3.0 + 6.0 + 1.0 + 5.0 + 4.0 + 1.0 + 0.0 + 2.0 + 1.0 + 2.0 = 34.0
  Processing: Énergie/Chauffage (Source: Excel, Category: Souhaits importants)
    Found 3 ranges: [('Électricité', 1.0), ('Électricité, Gaz naturel', 2.0), ('Électricité, Propane', 3.0)]
      Comparing 'Électricité, Propane' vs 'Électricité'
      Comparing 'Électricité, Propane' vs 'Électricité, Gaz naturel'
      Comparing 'Électricité, Propane' vs 'Électricité, Propane'
    Énergie/Chauffage (Excel): Électricité, Propane matches Électricité, Propane -> 3.0 pts
  Processing: SDB + SE (Source: Excel, Category: Souhaits importants)
    Found 3 ranges: [('1+1', 1.0), ('2+0', 3.0), ('2+1', 4.0)]
      Comparing '1+1' vs '1+1'
    SDB + SE (Excel): 1+1 matches 1+1 -> 1.0 pts
  Processing: Foyer-Poêle (Source: Excel, Category: Souhaits importants)
    Found 2 ranges: [('OUI', 5.0), ('NON', 0.0)]
      Comparing 'Oui' vs 'OUI'
    Foyer-Poêle (Excel): Oui matches OUI -> 5.0 pts
  Processing: Piscine (Source: Excel, Category: Souhaits importants)
    Found 2 ranges: [('OUI', 8.0), ('NON', 0.0)]
      Comparing 'Oui' vs 'OUI'
    Piscine (Excel): Oui matches OUI -> 8.0 pts
  Souhaits importants category total: 3.0 + 1.0 + 5.0 + 8.0 = 17.0
  Processing Souhaits secondaires via Bedrock agent...
  Criteria processed by category: {'Non-négociables': 11, 'Souhaits importants': 4, 'Souhaits secondaires': 0}
  Non-négociables: 9.0 + 3.0 + 6.0 + 1.0 + 5.0 + 4.0 + 1.0 + 0.0 + 2.0 + 1.0 + 2.0 = 34.0
  Souhaits importants: 3.0 + 1.0 + 5.0 + 8.0 = 17.0
  Souhaits secondaires:  = 0
  TOTAL: 51.0
Calling Bedrock agent ZGK3NF5FWW (alias: YQF8BEKCCF) for centris 24569753
Prompt: Score total pour categorie SOUHAITS SECONDAIRES pour centris num 24569753
Agent response: Aucun document trouvé dans la Knowledge Base pour le numéro Centris 24569753. Impossible d'effectuer l'évaluation des SOUHAITS SECONDAIRES.

La Knowledge Base ne contient pas d'informations sur cette propriété. Pour pouvoir calculer le score total de la catégorie SOUHAITS SECONDAIRES (qui comprend 15 critères notés sur un maximum de 15 points), j'aurais besoin d'accéder aux détails de l'annonce tels que:
- Superficie habitable
- Équipements et électroménagers inclus
- Stationnement
- Aménagements intérieurs
- Date d'occupation
- Caractéristiques du terrain
- Orientation et fenestration
- Et autres critères secondaires

Veuillez vérifier que le numéro Centris est correct ou ajouter les données de cette propriété à la Knowledge Base.
No reference URLs found in response
No score found in response
