
centris no 18586802:
Total criteria rows to process: 129
  Processing: Prix (Source: Excel, Category: Non-négociables)
    Found 6 ranges: [('820 000 $-850 000 $', 7.0), ('800 000 $-820 000 $', 9.0), ('750 000 $-800 000 $', 10.0), ('700 000 $-750 000 $', 9.0), ('650 000 $-700 000 $', 5.0), ('400 000 $-650 000 $', 3.0)]
      Comparing '789 000 $' vs '820 000 $-850 000 $'
      Comparing '789 000 $' vs '800 000 $-820 000 $'
      Comparing '789 000 $' vs '750 000 $-800 000 $'
    Prix (Excel): 789 000 $ in range 750 000 $-800 000 $ -> 10.0 pts
  Processing: Type de bâtiment (Source: Excel, Category: Non-négociables)
    Found 2 ranges: [('Isolé (détaché)', 3.0), ('NON', 0.0)]
      Comparing 'Isolé (détaché)' vs 'Isolé (détaché)'
    Type de bâtiment (Excel): Isolé (détaché) matches Isolé (détaché) -> 3.0 pts
  Processing: Style de bâtiment (Source: Excel, Category: Non-négociables)
    Found 3 ranges: [('de plain-pied', 7.0), ('à étages', 6.0), ('Cottage', 4.0)]
      Comparing 'à étages' vs 'de plain-pied'
      Comparing 'à étages' vs 'à étages'
    Style de bâtiment (Excel): à étages matches à étages -> 6.0 pts
  Processing: Année de construction (Source: Excel, Category: Non-négociables)
    Found 6 ranges: [('2024-2025', 6.0), ('2022-2023', 5.0), ('2020-2021', 4.0), ('2017-2019', 3.0), ('2010-2016', 2.0), ('2000-2009', 1.0)]
      Comparing '2016' vs '2024-2025'
      Comparing '2016' vs '2022-2023'
      Comparing '2016' vs '2020-2021'
      Comparing '2016' vs '2017-2019'
      Comparing '2016' vs '2010-2016'
    Année de construction (Excel): 2016 in range 2010-2016 -> 2.0 pts
  Processing: Garage (Source: Excel, Category: Non-négociables)
    Found 2 ranges: [('OUI', 5.0), ('Non', 0.0)]
      Comparing 'Oui' vs 'OUI'
    Garage (Excel): Oui matches OUI -> 5.0 pts
  Processing: Pièces (Source: Excel, Category: Non-négociables)
    Found 4 ranges: [('14-25', 8.0), ('10-13', 7.0), ('7-9', 4.0), ('0-6', 1.0)]
      Comparing '14' vs '14-25'
    Pièces (Excel): 14 in range 14-25 -> 8.0 pts
  Processing: Date d'app/maj (Source: Excel, Category: Non-négociables)
    Found 3 ranges: [('0-4', 4.0), ('5-8', 3.0), ('9-12', 1.0)]
      Comparing 'depuis 11 jours' vs '0-4'
      Comparing 'depuis 11 jours' vs '5-8'
      Comparing 'depuis 11 jours' vs '9-12'
    Date d'app/maj (Excel): depuis 11 jours in range 9-12 -> 1.0 pts
  Processing: Secteur (Source: Excel, Category: Non-négociables)
    Found 4 ranges: [('Vieux-Longueuil', 9.0), ('Greenfield Park', 4.0), ('Saint-Hubert', 7.0), ('Brossard', 6.0)]
      Comparing 'Brossard' vs 'Vieux-Longueuil'
      Comparing 'Brossard' vs 'Greenfield Park'
      Comparing 'Brossard' vs 'Saint-Hubert'
      Comparing 'Brossard' vs 'Brossard'
    Secteur (Excel): Brossard matches Brossard -> 6.0 pts
  Processing: DollardDistance (Source: Excel, Category: Non-négociables)
    Found 4 ranges: [('0-10', 5.0), ('11-15', 2.0), ('16-20', 1.0), ('21+', 0.0)]
      Comparing '13' vs '0-10'
      Comparing '13' vs '11-15'
    DollardDistance (Excel): 13 in range 11-15 -> 2.0 pts
  Processing: WalkScore (Source: Excel, Category: Non-négociables)
    Found 4 ranges: [('80-100', 2.0), ('60-79', 1.5), ('40-59', 1.0), ('<40', 0.0)]
      Comparing '77' vs '80-100'
      Comparing '77' vs '60-79'
    WalkScore (Excel): 77 in range 60-79 -> 1.5 pts
  Processing: SuperficieDuterrain (Source: Excel, Category: Non-négociables)
    Found 5 ranges: [('7000-15000 pc', 6.0), ('5500-6999 pc', 5.0), ('4500-5499 pc', 4.0), ('3500-4499 pc', 2.0), ('0-3499 pc', 1.0)]
      Comparing '2 438 pc' vs '7000-15000 pc'
      Comparing '2 438 pc' vs '5500-6999 pc'
      Comparing '2 438 pc' vs '4500-5499 pc'
      Comparing '2 438 pc' vs '3500-4499 pc'
      Comparing '2 438 pc' vs '0-3499 pc'
    SuperficieDuterrain (Excel): 2 438 pc in range 0-3499 pc -> 1.0 pts
  Non-négociables category total: 10.0 + 3.0 + 6.0 + 2.0 + 5.0 + 8.0 + 1.0 + 6.0 + 2.0 + 1.5 + 1.0 = 45.5
  Processing: Énergie/Chauffage (Source: Excel, Category: Souhaits importants)
    Found 3 ranges: [('Électricité', 1.0), ('Électricité, Gaz naturel', 2.0), ('Électricité, Propane', 3.0)]
      Comparing 'Électricité' vs 'Électricité'
    Énergie/Chauffage (Excel): Électricité matches Électricité -> 1.0 pts
  Processing: SDB + SE (Source: Excel, Category: Souhaits importants)
    Found 3 ranges: [('1+1', 1.0), ('2+0', 3.0), ('2+1', 4.0)]
      Comparing '2+1' vs '1+1'
      Comparing '2+1' vs '2+0'
      Comparing '2+1' vs '2+1'
    SDB + SE (Excel): 2+1 matches 2+1 -> 4.0 pts
  Processing: Foyer-Poêle (Source: Excel, Category: Souhaits importants)
    Found 2 ranges: [('OUI', 5.0), ('NON', 0.0)]
      Comparing 'Non' vs 'OUI'
      Comparing 'Non' vs 'NON'
    Foyer-Poêle (Excel): Non matches NON -> 0.0 pts
    Foyer-Poêle (Excel): Non -> No match found -> 0 pts
  Processing: Piscine (Source: Excel, Category: Souhaits importants)
    Found 2 ranges: [('OUI', 8.0), ('NON', 0.0)]
      Comparing 'Non' vs 'OUI'
      Comparing 'Non' vs 'NON'
    Piscine (Excel): Non matches NON -> 0.0 pts
    Piscine (Excel): Non -> No match found -> 0 pts
  Souhaits importants category total: 1.0 + 4.0 + 0.0 + 0.0 = 5.0
  Processing: Décision recommandée (Source: nan, Category: Souhaits secondaires)
    Found 0 ranges: []
  Processing: 🟢 EXCELLENT - Propriété idéale, à visiter en priorité (Source: nan, Category: Souhaits secondaires)
    Found 0 ranges: []
  Processing: 🟡 TRÈS BON - Correspond bien aux critères, à considérer sérieusement (Source: nan, Category: Souhaits secondaires)
    Found 0 ranges: []
  Processing: 🟠 ACCEPTABLE - Compromis nécessaires, analyser les manques (Source: nan, Category: Souhaits secondaires)
    Found 0 ranges: []
  Processing: 🔴 LIMITE - Manques importants, à reconsidérer (Source: nan, Category: Souhaits secondaires)
    Found 0 ranges: []
  Processing: ⛔ À REJETER - Ne correspond pas aux besoins (Source: nan, Category: Souhaits secondaires)
    Found 0 ranges: []
  Processing: ✓ Obligatoire - Vérifier certificat de localisation (Source: nan, Category: Souhaits secondaires)
    Found 0 ranges: []
  Souhaits secondaires category total: 0.0 + 0.0 + 0.0 + 0.0 + 0.0 + 0.0 + 0.0 = 0.0
  Criteria processed by category: {'Non-négociables': 11, 'Souhaits importants': 4, 'Souhaits secondaires': 7}
  Non-négociables: 10.0 + 3.0 + 6.0 + 2.0 + 5.0 + 8.0 + 1.0 + 6.0 + 2.0 + 1.5 + 1.0 = 45.5
  Souhaits importants: 1.0 + 4.0 + 0.0 + 0.0 = 5.0
  Souhaits secondaires: 0.0 + 0.0 + 0.0 + 0.0 + 0.0 + 0.0 + 0.0 = 0.0
  TOTAL: 50.5
Calling Bedrock agent ZGK3NF5FWW (alias: YQF8BEKCCF) for centris 18586802
Prompt: Score total pour categorie SOUHAITS SECONDAIRES pour centris num 18586802
Agent response: 

SOUHAITS SECONDAIRES - Centris #18586802
==========================================
Propriété: 5925 Rue Alexandre, Brossard, QC, J3W 2G4

Document(s) utilisé(s) - Source validée:
- Royal LePage - No. MLS® 18586802

Scores Individuels:
------------------
16. Calme et sécurité: 1.0 - Quartier résidentiel moderne (construction 2016), situé dans un cul-de-sac à Brossard secteur A, zone familiale reconnue pour être tranquille et sécuritaire.

17. Proximité parcs: 1.0 - Proximité immédiate aux parcs et pistes cyclables mentionnée, quartier bien desservi en espaces verts.

18. Potentiel de revente: 1.0 - Excellente localisation stratégique à quelques pas du centre commercial Champlain et de la station REM, construction récente (2016), évaluation municipale de 710 400$, secteur recherché.

19. Flexibilité: 1.0 - Sous-sol totalement aménagé avec possibilité de 4e chambre, bureau indépendant à la maison mentionné, grande salle familiale au sous-sol, espaces adaptables.

20. Électroménagers inclus: 0.5 - Hotte micro-ondes et lave-vaisselle inclus selon la liste des inclusions, mais électroménagers majeurs (réfrigérateur, cuisinière) non mentionnés comme inclus.

22. Air climatisé mural: 0.5 - Climatiseur central installé + Thermopompe centrale + Échangeur d'air (système complet de climatisation).

23. Extras: 0.5 - Système d'alarme inclus, table patio avec chaises, balayeuse centrale (addenda), nombreux meubles inclus, mais pas de garantie GCR ou terrasse élaborée mentionnée.

24. Superficie habitable: 2.0 - Superficie habitable approximative de 152.5 m² (environ 1 641 pi²), ce qui correspond à la fourchette 1000-1199 pi² selon la grille (2 points).

25. Fenestration/Orientation: 0.5 - Fenêtres mur à mur au rez-de-chaussée donnant sur cour arrière clôturée, fenestration PVC avec manivelle (battant), bonne luminosité, orientation non spécifiée.

26. Stationnement (Allée): 1.0 - 3 espaces de stationnement: Allée (2 places) + Abri d'auto (1 place), allée en pavé uni.

27. Isolation/Résilience hiver: 0.5 - Construction récente (2016) avec normes modernes, revêtement toiture en bardeaux d'asphalte, échangeur d'air et thermopompe pour efficacité énergétique, isolation présumée adéquate pour maison neuve.

28. Date d'emménagement: 0.0 - Information non disponible dans les documents consultés.

29. Aménagement intérieur: 0.5 - Cuisine fonctionnelle moderne, salon/salle à manger en aire ouverte au rez-de-chaussée, sous-sol totalement aménagé (6 pieds et plus) avec salle familiale et salle de bains complète.

30. Espace rangement: 0.5 - Sous-sol aménagé avec 3 espaces de rangement dédiés (dimensions: 9.11' x 6.2', 3.6' x 4', 3' x 7'), aucun cabanon extérieur mentionné.

31. Zone gazon/jardin: 0.5 - Cour arrière clôturée et grande cour mentionnée, terrain de 455,30 m², table patio incluse, gazon simple sans aménagement paysager élaboré spécifié.

==========================================
SCORE TOTAL - SOUHAITS SECONDAIRES: 10.0 / 15 points

Calcul détaillé: 1.0 + 1.0 + 1.0 + 1.0 + 0.5 + 0.5 + 0.5 + 2.0 + 0.5 + 1.0 + 0.5 + 0.0 + 0.5 + 0.5 + 0.5 = 10.0

⚠️ RAPPEL: Seuls les documents avec l'URL contenant le numéro MLS® 18586802 ont été utilisés pour cette évaluation.

**Note importante**: La date d'emménagement n'étant pas spécifiée dans la fiche, un score de 0 a été attribué pour le critère 28. Il serait recommandé de vérifier cette information directement auprès du courtier inscripteur pour potentiellement obtenir 1 point supplémentaire si l'occupation est possible avant juillet 2026.



Extracted score: 10.0

centris no 23215645:
Total criteria rows to process: 129
  Processing: Prix (Source: Excel, Category: Non-négociables)
    Found 6 ranges: [('820 000 $-850 000 $', 7.0), ('800 000 $-820 000 $', 9.0), ('750 000 $-800 000 $', 10.0), ('700 000 $-750 000 $', 9.0), ('650 000 $-700 000 $', 5.0), ('400 000 $-650 000 $', 3.0)]
      Comparing '810 000 $' vs '820 000 $-850 000 $'
      Comparing '810 000 $' vs '800 000 $-820 000 $'
    Prix (Excel): 810 000 $ in range 800 000 $-820 000 $ -> 9.0 pts
  Processing: Type de bâtiment (Source: Excel, Category: Non-négociables)
    Found 2 ranges: [('Isolé (détaché)', 3.0), ('NON', 0.0)]
      Comparing 'Isolé (détaché)' vs 'Isolé (détaché)'
    Type de bâtiment (Excel): Isolé (détaché) matches Isolé (détaché) -> 3.0 pts
  Processing: Style de bâtiment (Source: Excel, Category: Non-négociables)
    Found 3 ranges: [('de plain-pied', 7.0), ('à étages', 6.0), ('Cottage', 4.0)]
      Comparing 'de plain-pied' vs 'de plain-pied'
    Style de bâtiment (Excel): de plain-pied matches de plain-pied -> 7.0 pts
  Processing: Année de construction (Source: Excel, Category: Non-négociables)
    Found 6 ranges: [('2024-2025', 6.0), ('2022-2023', 5.0), ('2020-2021', 4.0), ('2017-2019', 3.0), ('2010-2016', 2.0), ('2000-2009', 1.0)]
      Comparing '2017' vs '2024-2025'
      Comparing '2017' vs '2022-2023'
      Comparing '2017' vs '2020-2021'
      Comparing '2017' vs '2017-2019'
    Année de construction (Excel): 2017 in range 2017-2019 -> 3.0 pts
  Processing: Garage (Source: Excel, Category: Non-négociables)
    Found 2 ranges: [('OUI', 5.0), ('Non', 0.0)]
      Comparing 'Non' vs 'OUI'
      Comparing 'Non' vs 'Non'
    Garage (Excel): Non matches Non -> 0.0 pts
    Garage (Excel): Non -> No match found -> 0 pts
  Processing: Pièces (Source: Excel, Category: Non-négociables)
    Found 4 ranges: [('14-25', 8.0), ('10-13', 7.0), ('7-9', 4.0), ('0-6', 1.0)]
      Comparing '10' vs '14-25'
      Comparing '10' vs '10-13'
    Pièces (Excel): 10 in range 10-13 -> 7.0 pts
  Processing: Date d'app/maj (Source: Excel, Category: Non-négociables)
    Found 3 ranges: [('0-4', 4.0), ('5-8', 3.0), ('9-12', 1.0)]
      Comparing 'depuis 11 jours' vs '0-4'
      Comparing 'depuis 11 jours' vs '5-8'
      Comparing 'depuis 11 jours' vs '9-12'
    Date d'app/maj (Excel): depuis 11 jours in range 9-12 -> 1.0 pts
  Processing: Secteur (Source: Excel, Category: Non-négociables)
    Found 4 ranges: [('Vieux-Longueuil', 9.0), ('Greenfield Park', 4.0), ('Saint-Hubert', 7.0), ('Brossard', 6.0)]
      Comparing 'Saint-Hubert' vs 'Vieux-Longueuil'
      Comparing 'Saint-Hubert' vs 'Greenfield Park'
      Comparing 'Saint-Hubert' vs 'Saint-Hubert'
    Secteur (Excel): Saint-Hubert matches Saint-Hubert -> 7.0 pts
  Processing: DollardDistance (Source: Excel, Category: Non-négociables)
    Found 4 ranges: [('0-10', 5.0), ('11-15', 2.0), ('16-20', 1.0), ('21+', 0.0)]
      Comparing '15' vs '0-10'
      Comparing '15' vs '11-15'
    DollardDistance (Excel): 15 in range 11-15 -> 2.0 pts
  Processing: WalkScore (Source: Excel, Category: Non-négociables)
    Found 4 ranges: [('80-100', 2.0), ('60-79', 1.5), ('40-59', 1.0), ('<40', 0.0)]
      Comparing '76' vs '80-100'
      Comparing '76' vs '60-79'
    WalkScore (Excel): 76 in range 60-79 -> 1.5 pts
  Processing: SuperficieDuterrain (Source: Excel, Category: Non-négociables)
    Found 5 ranges: [('7000-15000 pc', 6.0), ('5500-6999 pc', 5.0), ('4500-5499 pc', 4.0), ('3500-4499 pc', 2.0), ('0-3499 pc', 1.0)]
      Comparing '4 901 pc' vs '7000-15000 pc'
      Comparing '4 901 pc' vs '5500-6999 pc'
      Comparing '4 901 pc' vs '4500-5499 pc'
    SuperficieDuterrain (Excel): 4 901 pc in range 4500-5499 pc -> 4.0 pts
  Non-négociables category total: 9.0 + 3.0 + 7.0 + 3.0 + 0.0 + 7.0 + 1.0 + 7.0 + 2.0 + 1.5 + 4.0 = 44.5
  Processing: Énergie/Chauffage (Source: Excel, Category: Souhaits importants)
    Found 3 ranges: [('Électricité', 1.0), ('Électricité, Gaz naturel', 2.0), ('Électricité, Propane', 3.0)]
      Comparing 'Électricité' vs 'Électricité'
    Énergie/Chauffage (Excel): Électricité matches Électricité -> 1.0 pts
  Processing: SDB + SE (Source: Excel, Category: Souhaits importants)
    Found 3 ranges: [('1+1', 1.0), ('2+0', 3.0), ('2+1', 4.0)]
      Comparing '2+0' vs '1+1'
      Comparing '2+0' vs '2+0'
    SDB + SE (Excel): 2+0 matches 2+0 -> 3.0 pts
  Processing: Foyer-Poêle (Source: Excel, Category: Souhaits importants)
    Found 2 ranges: [('OUI', 5.0), ('NON', 0.0)]
      Comparing 'Non' vs 'OUI'
      Comparing 'Non' vs 'NON'
    Foyer-Poêle (Excel): Non matches NON -> 0.0 pts
    Foyer-Poêle (Excel): Non -> No match found -> 0 pts
  Processing: Piscine (Source: Excel, Category: Souhaits importants)
    Found 2 ranges: [('OUI', 8.0), ('NON', 0.0)]
      Comparing 'Non' vs 'OUI'
      Comparing 'Non' vs 'NON'
    Piscine (Excel): Non matches NON -> 0.0 pts
    Piscine (Excel): Non -> No match found -> 0 pts
  Souhaits importants category total: 1.0 + 3.0 + 0.0 + 0.0 = 4.0
  Processing: Décision recommandée (Source: nan, Category: Souhaits secondaires)
    Found 0 ranges: []
  Processing: 🟢 EXCELLENT - Propriété idéale, à visiter en priorité (Source: nan, Category: Souhaits secondaires)
    Found 0 ranges: []
  Processing: 🟡 TRÈS BON - Correspond bien aux critères, à considérer sérieusement (Source: nan, Category: Souhaits secondaires)
    Found 0 ranges: []
  Processing: 🟠 ACCEPTABLE - Compromis nécessaires, analyser les manques (Source: nan, Category: Souhaits secondaires)
    Found 0 ranges: []
  Processing: 🔴 LIMITE - Manques importants, à reconsidérer (Source: nan, Category: Souhaits secondaires)
    Found 0 ranges: []
  Processing: ⛔ À REJETER - Ne correspond pas aux besoins (Source: nan, Category: Souhaits secondaires)
    Found 0 ranges: []
  Processing: ✓ Obligatoire - Vérifier certificat de localisation (Source: nan, Category: Souhaits secondaires)
    Found 0 ranges: []
  Souhaits secondaires category total: 0.0 + 0.0 + 0.0 + 0.0 + 0.0 + 0.0 + 0.0 = 0.0
  Criteria processed by category: {'Non-négociables': 11, 'Souhaits importants': 4, 'Souhaits secondaires': 7}
  Non-négociables: 9.0 + 3.0 + 7.0 + 3.0 + 0.0 + 7.0 + 1.0 + 7.0 + 2.0 + 1.5 + 4.0 = 44.5
  Souhaits importants: 1.0 + 3.0 + 0.0 + 0.0 = 4.0
  Souhaits secondaires: 0.0 + 0.0 + 0.0 + 0.0 + 0.0 + 0.0 + 0.0 = 0.0
  TOTAL: 48.5
Calling Bedrock agent ZGK3NF5FWW (alias: YQF8BEKCCF) for centris 23215645
Prompt: Score total pour categorie SOUHAITS SECONDAIRES pour centris num 23215645
Agent response: 

SOUHAITS SECONDAIRES - Centris #23215645
==========================================
Propriété: 5140 Rue Hubert-Guertin, Longueuil (Saint-Hubert) (Orchard)

Document(s) utilisé(s) - Source validée:
- Documents confirmés pour Centris #23215645 (ULS: 23215645)

Scores Individuels:
------------------
16. Calme et sécurité: 1.0 - Rue paisible sans issue (cul-de-sac), quartier résidentiel tranquille

17. Proximité parcs: 1.0 - Proximité immédiate aux parcs, pistes cyclables, garderies/CPE, écoles primaires et secondaires

18. Potentiel de revente: 1.0 - Propriété reconstruite en 2017, secteur prisé avec REM, écoles, hôpital, services à proximité, évaluation municipale de 710 400$

19. Flexibilité: 1.0 - Bureau indépendant à la maison (validez possibilité place d'affaires avec ville), potentiel 6e chambre, sous-sol totalement aménagé

20. Électroménagers inclus: 1.0 - Plusieurs inclus: hotte micro-ondes, lave-vaisselle, balayeuse centrale + accessoires

22. Air climatisé mural: 0.5 - 2 thermopompes ET 2 unités murales installées

23. Extras: 1.0 - Table patio ronde + chaises, remise incluse, système d'alarme, 3 chaises électriques escaliers, caméras extérieures, miroirs LED salle de bain, échangeur d'air

24. Superficie habitable: 2.0 - 152.5 m² = 1,641 pi² (correspond au barème 1000-1199 pi² = 2 points)

25. Fenestration/Orientation: 0.25 - Fenêtres PVC à manivelle (battant), mais orientation non spécifiée

26. Stationnement (Allée): 1.0 - 3 espaces: Allée pavé uni (2 places) + Abri d'auto (1 place)

27. Isolation/Résilience hiver: 0.5 - Propriété reconstruite 2017, toiture bardeaux d'asphalte récente, échangeur d'air, isolation moderne

28. Date d'emménagement: 0.0 - Information non disponible dans le listing (date de possession non précisée)

29. Aménagement intérieur: 0.5 - Belle cuisine fonctionnelle moderne + sous-sol totalement aménagé avec salle familiale

30. Espace rangement: 1.0 - Remise (cabanon) ET sous-sol avec 3 espaces de rangement dédiés

31. Zone gazon/jardin: 0.5 - Terrain de 455.30 m² (54' X 90'11") avec gazon, aménagement paysager non détaillé

==========================================
SCORE TOTAL - SOUHAITS SECONDAIRES: 12.25 / 15 points

Calcul détaillé: 1.0 + 1.0 + 1.0 + 1.0 + 1.0 + 0.5 + 1.0 + 2.0 + 0.25 + 1.0 + 0.5 + 0.0 + 0.5 + 1.0 + 0.5 = 12.25

⚠️ NOTES:
- Excellente propriété reconstruite en 2017 dans secteur paisible et sécuritaire
- Points forts: Cul-de-sac tranquille, équipements modernes complets, excellente proximité services/transport
- Flexibilité élevée avec bureau indépendant et sous-sol totalement aménagé
- Point à améliorer: Clarifier la date d'occupation/possession avec le courtier

⚠️ RAPPEL: Seuls les documents avec l'URL contenant le numéro Centris 23215645 ont été utilisés.



Extracted score: 12.25

centris no 26451970:
Total criteria rows to process: 129
  Processing: Prix (Source: Excel, Category: Non-négociables)
    Found 6 ranges: [('820 000 $-850 000 $', 7.0), ('800 000 $-820 000 $', 9.0), ('750 000 $-800 000 $', 10.0), ('700 000 $-750 000 $', 9.0), ('650 000 $-700 000 $', 5.0), ('400 000 $-650 000 $', 3.0)]
      Comparing '849 800 $' vs '820 000 $-850 000 $'
    Prix (Excel): 849 800 $ in range 820 000 $-850 000 $ -> 7.0 pts
  Processing: Type de bâtiment (Source: Excel, Category: Non-négociables)
    Found 2 ranges: [('Isolé (détaché)', 3.0), ('NON', 0.0)]
      Comparing 'Isolé (détaché)' vs 'Isolé (détaché)'
    Type de bâtiment (Excel): Isolé (détaché) matches Isolé (détaché) -> 3.0 pts
  Processing: Style de bâtiment (Source: Excel, Category: Non-négociables)
    Found 3 ranges: [('de plain-pied', 7.0), ('à étages', 6.0), ('Cottage', 4.0)]
      Comparing 'à étages' vs 'de plain-pied'
      Comparing 'à étages' vs 'à étages'
    Style de bâtiment (Excel): à étages matches à étages -> 6.0 pts
  Processing: Année de construction (Source: Excel, Category: Non-négociables)
    Found 6 ranges: [('2024-2025', 6.0), ('2022-2023', 5.0), ('2020-2021', 4.0), ('2017-2019', 3.0), ('2010-2016', 2.0), ('2000-2009', 1.0)]
      Comparing '2011' vs '2024-2025'
      Comparing '2011' vs '2022-2023'
      Comparing '2011' vs '2020-2021'
      Comparing '2011' vs '2017-2019'
      Comparing '2011' vs '2010-2016'
    Année de construction (Excel): 2011 in range 2010-2016 -> 2.0 pts
  Processing: Garage (Source: Excel, Category: Non-négociables)
    Found 2 ranges: [('OUI', 5.0), ('Non', 0.0)]
      Comparing 'Non' vs 'OUI'
      Comparing 'Non' vs 'Non'
    Garage (Excel): Non matches Non -> 0.0 pts
    Garage (Excel): Non -> No match found -> 0 pts
  Processing: Pièces (Source: Excel, Category: Non-négociables)
    Found 4 ranges: [('14-25', 8.0), ('10-13', 7.0), ('7-9', 4.0), ('0-6', 1.0)]
      Comparing '11' vs '14-25'
      Comparing '11' vs '10-13'
    Pièces (Excel): 11 in range 10-13 -> 7.0 pts
  Processing: Date d'app/maj (Source: Excel, Category: Non-négociables)
    Found 3 ranges: [('0-4', 4.0), ('5-8', 3.0), ('9-12', 1.0)]
      Comparing 'depuis 11 jours' vs '0-4'
      Comparing 'depuis 11 jours' vs '5-8'
      Comparing 'depuis 11 jours' vs '9-12'
    Date d'app/maj (Excel): depuis 11 jours in range 9-12 -> 1.0 pts
  Processing: Secteur (Source: Excel, Category: Non-négociables)
    Found 4 ranges: [('Vieux-Longueuil', 9.0), ('Greenfield Park', 4.0), ('Saint-Hubert', 7.0), ('Brossard', 6.0)]
      Comparing 'Saint-Hubert' vs 'Vieux-Longueuil'
      Comparing 'Saint-Hubert' vs 'Greenfield Park'
      Comparing 'Saint-Hubert' vs 'Saint-Hubert'
    Secteur (Excel): Saint-Hubert matches Saint-Hubert -> 7.0 pts
  Processing: DollardDistance (Source: Excel, Category: Non-négociables)
    Found 4 ranges: [('0-10', 5.0), ('11-15', 2.0), ('16-20', 1.0), ('21+', 0.0)]
      Comparing '18' vs '0-10'
      Comparing '18' vs '11-15'
      Comparing '18' vs '16-20'
    DollardDistance (Excel): 18 in range 16-20 -> 1.0 pts
  Processing: WalkScore (Source: Excel, Category: Non-négociables)
    Found 4 ranges: [('80-100', 2.0), ('60-79', 1.5), ('40-59', 1.0), ('<40', 0.0)]
      Comparing '32' vs '80-100'
      Comparing '32' vs '60-79'
      Comparing '32' vs '40-59'
      Comparing '32' vs '<40'
    WalkScore (Excel): 32 -> No match found -> 0 pts
  Processing: SuperficieDuterrain (Source: Excel, Category: Non-négociables)
    Found 5 ranges: [('7000-15000 pc', 6.0), ('5500-6999 pc', 5.0), ('4500-5499 pc', 4.0), ('3500-4499 pc', 2.0), ('0-3499 pc', 1.0)]
      Comparing '4 855 pc' vs '7000-15000 pc'
      Comparing '4 855 pc' vs '5500-6999 pc'
      Comparing '4 855 pc' vs '4500-5499 pc'
    SuperficieDuterrain (Excel): 4 855 pc in range 4500-5499 pc -> 4.0 pts
  Non-négociables category total: 7.0 + 3.0 + 6.0 + 2.0 + 0.0 + 7.0 + 1.0 + 7.0 + 1.0 + 0.0 + 4.0 = 38.0
  Processing: Énergie/Chauffage (Source: Excel, Category: Souhaits importants)
    Found 3 ranges: [('Électricité', 1.0), ('Électricité, Gaz naturel', 2.0), ('Électricité, Propane', 3.0)]
      Comparing 'Électricité' vs 'Électricité'
    Énergie/Chauffage (Excel): Électricité matches Électricité -> 1.0 pts
  Processing: SDB + SE (Source: Excel, Category: Souhaits importants)
    Found 3 ranges: [('1+1', 1.0), ('2+0', 3.0), ('2+1', 4.0)]
      Comparing '2+1' vs '1+1'
      Comparing '2+1' vs '2+0'
      Comparing '2+1' vs '2+1'
    SDB + SE (Excel): 2+1 matches 2+1 -> 4.0 pts
  Processing: Foyer-Poêle (Source: Excel, Category: Souhaits importants)
    Found 2 ranges: [('OUI', 5.0), ('NON', 0.0)]
      Comparing 'Non' vs 'OUI'
      Comparing 'Non' vs 'NON'
    Foyer-Poêle (Excel): Non matches NON -> 0.0 pts
    Foyer-Poêle (Excel): Non -> No match found -> 0 pts
  Processing: Piscine (Source: Excel, Category: Souhaits importants)
    Found 2 ranges: [('OUI', 8.0), ('NON', 0.0)]
      Comparing 'Non' vs 'OUI'
      Comparing 'Non' vs 'NON'
    Piscine (Excel): Non matches NON -> 0.0 pts
    Piscine (Excel): Non -> No match found -> 0 pts
  Souhaits importants category total: 1.0 + 4.0 + 0.0 + 0.0 = 5.0
  Processing: Décision recommandée (Source: nan, Category: Souhaits secondaires)
    Found 0 ranges: []
  Processing: 🟢 EXCELLENT - Propriété idéale, à visiter en priorité (Source: nan, Category: Souhaits secondaires)
    Found 0 ranges: []
  Processing: 🟡 TRÈS BON - Correspond bien aux critères, à considérer sérieusement (Source: nan, Category: Souhaits secondaires)
    Found 0 ranges: []
  Processing: 🟠 ACCEPTABLE - Compromis nécessaires, analyser les manques (Source: nan, Category: Souhaits secondaires)
    Found 0 ranges: []
  Processing: 🔴 LIMITE - Manques importants, à reconsidérer (Source: nan, Category: Souhaits secondaires)
    Found 0 ranges: []
  Processing: ⛔ À REJETER - Ne correspond pas aux besoins (Source: nan, Category: Souhaits secondaires)
    Found 0 ranges: []
  Processing: ✓ Obligatoire - Vérifier certificat de localisation (Source: nan, Category: Souhaits secondaires)
    Found 0 ranges: []
  Souhaits secondaires category total: 0.0 + 0.0 + 0.0 + 0.0 + 0.0 + 0.0 + 0.0 = 0.0
  Criteria processed by category: {'Non-négociables': 11, 'Souhaits importants': 4, 'Souhaits secondaires': 7}
  Non-négociables: 7.0 + 3.0 + 6.0 + 2.0 + 0.0 + 7.0 + 1.0 + 7.0 + 1.0 + 0.0 + 4.0 = 38.0
  Souhaits importants: 1.0 + 4.0 + 0.0 + 0.0 = 5.0
  Souhaits secondaires: 0.0 + 0.0 + 0.0 + 0.0 + 0.0 + 0.0 + 0.0 = 0.0
  TOTAL: 43.0
Calling Bedrock agent ZGK3NF5FWW (alias: YQF8BEKCCF) for centris 26451970
Prompt: Score total pour categorie SOUHAITS SECONDAIRES pour centris num 26451970
Agent response: Aucun document trouvé dans la Knowledge Base pour le numéro Centris 26451970. Impossible d'effectuer l'évaluation des SOUHAITS SECONDAIRES.

La Knowledge Base semble être vide ou ne contient pas de données pour cette propriété. Sans accès aux informations détaillées de la propriété (superficie, équipements, stationnement, aménagements, etc.), je ne peux pas calculer le score total de la catégorie SOUHAITS SECONDAIRES.

**Options possibles :**
1. Vérifier que les documents de propriétés ont bien été chargés dans la Knowledge Base
2. Confirmer que le numéro Centris 26451970 est correct
3. Me fournir directement les détails de la propriété pour que je puisse effectuer l'évaluation manuellement
No score found in response

centris no 28956420:
Total criteria rows to process: 129
  Processing: Prix (Source: Excel, Category: Non-négociables)
    Found 6 ranges: [('820 000 $-850 000 $', 7.0), ('800 000 $-820 000 $', 9.0), ('750 000 $-800 000 $', 10.0), ('700 000 $-750 000 $', 9.0), ('650 000 $-700 000 $', 5.0), ('400 000 $-650 000 $', 3.0)]
      Comparing '659 000 $' vs '820 000 $-850 000 $'
      Comparing '659 000 $' vs '800 000 $-820 000 $'
      Comparing '659 000 $' vs '750 000 $-800 000 $'
      Comparing '659 000 $' vs '700 000 $-750 000 $'
      Comparing '659 000 $' vs '650 000 $-700 000 $'
    Prix (Excel): 659 000 $ in range 650 000 $-700 000 $ -> 5.0 pts
  Processing: Type de bâtiment (Source: Excel, Category: Non-négociables)
    Found 2 ranges: [('Isolé (détaché)', 3.0), ('NON', 0.0)]
      Comparing 'Isolé (détaché)' vs 'Isolé (détaché)'
    Type de bâtiment (Excel): Isolé (détaché) matches Isolé (détaché) -> 3.0 pts
  Processing: Style de bâtiment (Source: Excel, Category: Non-négociables)
    Found 3 ranges: [('de plain-pied', 7.0), ('à étages', 6.0), ('Cottage', 4.0)]
      Comparing 'de plain-pied' vs 'de plain-pied'
    Style de bâtiment (Excel): de plain-pied matches de plain-pied -> 7.0 pts
  Processing: Année de construction (Source: Excel, Category: Non-négociables)
    Found 6 ranges: [('2024-2025', 6.0), ('2022-2023', 5.0), ('2020-2021', 4.0), ('2017-2019', 3.0), ('2010-2016', 2.0), ('2000-2009', 1.0)]
      Comparing '2014' vs '2024-2025'
      Comparing '2014' vs '2022-2023'
      Comparing '2014' vs '2020-2021'
      Comparing '2014' vs '2017-2019'
      Comparing '2014' vs '2010-2016'
    Année de construction (Excel): 2014 in range 2010-2016 -> 2.0 pts
  Processing: Garage (Source: Excel, Category: Non-négociables)
    Found 2 ranges: [('OUI', 5.0), ('Non', 0.0)]
      Comparing 'Non' vs 'OUI'
      Comparing 'Non' vs 'Non'
    Garage (Excel): Non matches Non -> 0.0 pts
    Garage (Excel): Non -> No match found -> 0 pts
  Processing: Pièces (Source: Excel, Category: Non-négociables)
    Found 4 ranges: [('14-25', 8.0), ('10-13', 7.0), ('7-9', 4.0), ('0-6', 1.0)]
      Comparing '12' vs '14-25'
      Comparing '12' vs '10-13'
    Pièces (Excel): 12 in range 10-13 -> 7.0 pts
  Processing: Date d'app/maj (Source: Excel, Category: Non-négociables)
    Found 3 ranges: [('0-4', 4.0), ('5-8', 3.0), ('9-12', 1.0)]
      Comparing 'depuis 11 jours' vs '0-4'
      Comparing 'depuis 11 jours' vs '5-8'
      Comparing 'depuis 11 jours' vs '9-12'
    Date d'app/maj (Excel): depuis 11 jours in range 9-12 -> 1.0 pts
  Processing: Secteur (Source: Excel, Category: Non-négociables)
    Found 4 ranges: [('Vieux-Longueuil', 9.0), ('Greenfield Park', 4.0), ('Saint-Hubert', 7.0), ('Brossard', 6.0)]
      Comparing 'Le Vieux-Longueuil' vs 'Vieux-Longueuil'
      Comparing 'Le Vieux-Longueuil' vs 'Greenfield Park'
      Comparing 'Le Vieux-Longueuil' vs 'Saint-Hubert'
      Comparing 'Le Vieux-Longueuil' vs 'Brossard'
    Secteur (Excel): Le Vieux-Longueuil -> No match found -> 0 pts
  Processing: DollardDistance (Source: Excel, Category: Non-négociables)
    Found 4 ranges: [('0-10', 5.0), ('11-15', 2.0), ('16-20', 1.0), ('21+', 0.0)]
      Comparing '4' vs '0-10'
    DollardDistance (Excel): 4 in range 0-10 -> 5.0 pts
  Processing: WalkScore (Source: Excel, Category: Non-négociables)
    Found 4 ranges: [('80-100', 2.0), ('60-79', 1.5), ('40-59', 1.0), ('<40', 0.0)]
      Comparing '89' vs '80-100'
    WalkScore (Excel): 89 in range 80-100 -> 2.0 pts
  Processing: SuperficieDuterrain (Source: Excel, Category: Non-négociables)
    Found 5 ranges: [('7000-15000 pc', 6.0), ('5500-6999 pc', 5.0), ('4500-5499 pc', 4.0), ('3500-4499 pc', 2.0), ('0-3499 pc', 1.0)]
      Comparing '4 940 pc' vs '7000-15000 pc'
      Comparing '4 940 pc' vs '5500-6999 pc'
      Comparing '4 940 pc' vs '4500-5499 pc'
    SuperficieDuterrain (Excel): 4 940 pc in range 4500-5499 pc -> 4.0 pts
  Non-négociables category total: 5.0 + 3.0 + 7.0 + 2.0 + 0.0 + 7.0 + 1.0 + 0.0 + 5.0 + 2.0 + 4.0 = 36.0
  Processing: Énergie/Chauffage (Source: Excel, Category: Souhaits importants)
    Found 3 ranges: [('Électricité', 1.0), ('Électricité, Gaz naturel', 2.0), ('Électricité, Propane', 3.0)]
      Comparing 'Électricité' vs 'Électricité'
    Énergie/Chauffage (Excel): Électricité matches Électricité -> 1.0 pts
  Processing: SDB + SE (Source: Excel, Category: Souhaits importants)
    Found 3 ranges: [('1+1', 1.0), ('2+0', 3.0), ('2+1', 4.0)]
      Comparing '2+0' vs '1+1'
      Comparing '2+0' vs '2+0'
    SDB + SE (Excel): 2+0 matches 2+0 -> 3.0 pts
  Processing: Foyer-Poêle (Source: Excel, Category: Souhaits importants)
    Found 2 ranges: [('OUI', 5.0), ('NON', 0.0)]
      Comparing 'Non' vs 'OUI'
      Comparing 'Non' vs 'NON'
    Foyer-Poêle (Excel): Non matches NON -> 0.0 pts
    Foyer-Poêle (Excel): Non -> No match found -> 0 pts
  Processing: Piscine (Source: Excel, Category: Souhaits importants)
    Found 2 ranges: [('OUI', 8.0), ('NON', 0.0)]
      Comparing 'Non' vs 'OUI'
      Comparing 'Non' vs 'NON'
    Piscine (Excel): Non matches NON -> 0.0 pts
    Piscine (Excel): Non -> No match found -> 0 pts
  Souhaits importants category total: 1.0 + 3.0 + 0.0 + 0.0 = 4.0
  Processing: Décision recommandée (Source: nan, Category: Souhaits secondaires)
    Found 0 ranges: []
  Processing: 🟢 EXCELLENT - Propriété idéale, à visiter en priorité (Source: nan, Category: Souhaits secondaires)
    Found 0 ranges: []
  Processing: 🟡 TRÈS BON - Correspond bien aux critères, à considérer sérieusement (Source: nan, Category: Souhaits secondaires)
    Found 0 ranges: []
  Processing: 🟠 ACCEPTABLE - Compromis nécessaires, analyser les manques (Source: nan, Category: Souhaits secondaires)
    Found 0 ranges: []
  Processing: 🔴 LIMITE - Manques importants, à reconsidérer (Source: nan, Category: Souhaits secondaires)
    Found 0 ranges: []
  Processing: ⛔ À REJETER - Ne correspond pas aux besoins (Source: nan, Category: Souhaits secondaires)
    Found 0 ranges: []
  Processing: ✓ Obligatoire - Vérifier certificat de localisation (Source: nan, Category: Souhaits secondaires)
    Found 0 ranges: []
  Souhaits secondaires category total: 0.0 + 0.0 + 0.0 + 0.0 + 0.0 + 0.0 + 0.0 = 0.0
  Criteria processed by category: {'Non-négociables': 11, 'Souhaits importants': 4, 'Souhaits secondaires': 7}
  Non-négociables: 5.0 + 3.0 + 7.0 + 2.0 + 0.0 + 7.0 + 1.0 + 0.0 + 5.0 + 2.0 + 4.0 = 36.0
  Souhaits importants: 1.0 + 3.0 + 0.0 + 0.0 = 4.0
  Souhaits secondaires: 0.0 + 0.0 + 0.0 + 0.0 + 0.0 + 0.0 + 0.0 = 0.0
  TOTAL: 40.0
Calling Bedrock agent ZGK3NF5FWW (alias: YQF8BEKCCF) for centris 28956420
Prompt: Score total pour categorie SOUHAITS SECONDAIRES pour centris num 28956420
Agent response: Aucun document trouvé dans la Knowledge Base pour le numéro Centris 28956420. Impossible d'effectuer l'évaluation des SOUHAITS SECONDAIRES.

La Knowledge Base ne contient actuellement aucune information sur cette propriété. Pour procéder à l'évaluation selon les 15 critères des SOUHAITS SECONDAIRES (calme et sécurité, proximité parcs, potentiel de revente, flexibilité, électroménagers, air climatisé, extras, superficie, fenestration, stationnement, isolation, date d'emménagement, aménagement intérieur, espace rangement, zone gazon/jardin), veuillez d'abord ajouter les données de la propriété Centris #28956420 à la Knowledge Base.

Vous pouvez également me fournir directement les informations de la propriété si vous les avez disponibles, et je pourrai effectuer l'évaluation.
No score found in response

centris no 18278673:
Total criteria rows to process: 129
  Processing: Prix (Source: Excel, Category: Non-négociables)
    Found 6 ranges: [('820 000 $-850 000 $', 7.0), ('800 000 $-820 000 $', 9.0), ('750 000 $-800 000 $', 10.0), ('700 000 $-750 000 $', 9.0), ('650 000 $-700 000 $', 5.0), ('400 000 $-650 000 $', 3.0)]
      Comparing '699 000 $' vs '820 000 $-850 000 $'
      Comparing '699 000 $' vs '800 000 $-820 000 $'
      Comparing '699 000 $' vs '750 000 $-800 000 $'
      Comparing '699 000 $' vs '700 000 $-750 000 $'
      Comparing '699 000 $' vs '650 000 $-700 000 $'
    Prix (Excel): 699 000 $ in range 650 000 $-700 000 $ -> 5.0 pts
  Processing: Type de bâtiment (Source: Excel, Category: Non-négociables)
    Found 2 ranges: [('Isolé (détaché)', 3.0), ('NON', 0.0)]
      Comparing 'Isolé (détaché)' vs 'Isolé (détaché)'
    Type de bâtiment (Excel): Isolé (détaché) matches Isolé (détaché) -> 3.0 pts
  Processing: Style de bâtiment (Source: Excel, Category: Non-négociables)
    Found 3 ranges: [('de plain-pied', 7.0), ('à étages', 6.0), ('Cottage', 4.0)]
      Comparing 'de plain-pied' vs 'de plain-pied'
    Style de bâtiment (Excel): de plain-pied matches de plain-pied -> 7.0 pts
  Processing: Année de construction (Source: Excel, Category: Non-négociables)
    Found 6 ranges: [('2024-2025', 6.0), ('2022-2023', 5.0), ('2020-2021', 4.0), ('2017-2019', 3.0), ('2010-2016', 2.0), ('2000-2009', 1.0)]
      Comparing '2001' vs '2024-2025'
      Comparing '2001' vs '2022-2023'
      Comparing '2001' vs '2020-2021'
      Comparing '2001' vs '2017-2019'
      Comparing '2001' vs '2010-2016'
      Comparing '2001' vs '2000-2009'
    Année de construction (Excel): 2001 in range 2000-2009 -> 1.0 pts
  Processing: Garage (Source: Excel, Category: Non-négociables)
    Found 2 ranges: [('OUI', 5.0), ('Non', 0.0)]
      Comparing 'Oui' vs 'OUI'
    Garage (Excel): Oui matches OUI -> 5.0 pts
  Processing: Pièces (Source: Excel, Category: Non-négociables)
    Found 4 ranges: [('14-25', 8.0), ('10-13', 7.0), ('7-9', 4.0), ('0-6', 1.0)]
      Comparing '11' vs '14-25'
      Comparing '11' vs '10-13'
    Pièces (Excel): 11 in range 10-13 -> 7.0 pts
  Processing: Date d'app/maj (Source: Excel, Category: Non-négociables)
    Found 3 ranges: [('0-4', 4.0), ('5-8', 3.0), ('9-12', 1.0)]
      Comparing 'depuis 11 jours' vs '0-4'
      Comparing 'depuis 11 jours' vs '5-8'
      Comparing 'depuis 11 jours' vs '9-12'
    Date d'app/maj (Excel): depuis 11 jours in range 9-12 -> 1.0 pts
  Processing: Secteur (Source: Excel, Category: Non-négociables)
    Found 4 ranges: [('Vieux-Longueuil', 9.0), ('Greenfield Park', 4.0), ('Saint-Hubert', 7.0), ('Brossard', 6.0)]
      Comparing 'Le Vieux-Longueuil' vs 'Vieux-Longueuil'
      Comparing 'Le Vieux-Longueuil' vs 'Greenfield Park'
      Comparing 'Le Vieux-Longueuil' vs 'Saint-Hubert'
      Comparing 'Le Vieux-Longueuil' vs 'Brossard'
    Secteur (Excel): Le Vieux-Longueuil -> No match found -> 0 pts
  Processing: DollardDistance (Source: Excel, Category: Non-négociables)
    Found 4 ranges: [('0-10', 5.0), ('11-15', 2.0), ('16-20', 1.0), ('21+', 0.0)]
      Comparing '12' vs '0-10'
      Comparing '12' vs '11-15'
    DollardDistance (Excel): 12 in range 11-15 -> 2.0 pts
  Processing: WalkScore (Source: Excel, Category: Non-négociables)
    Found 4 ranges: [('80-100', 2.0), ('60-79', 1.5), ('40-59', 1.0), ('<40', 0.0)]
      Comparing '46' vs '80-100'
      Comparing '46' vs '60-79'
      Comparing '46' vs '40-59'
    WalkScore (Excel): 46 in range 40-59 -> 1.0 pts
  Processing: SuperficieDuterrain (Source: Excel, Category: Non-négociables)
    Found 5 ranges: [('7000-15000 pc', 6.0), ('5500-6999 pc', 5.0), ('4500-5499 pc', 4.0), ('3500-4499 pc', 2.0), ('0-3499 pc', 1.0)]
      Comparing '4 018 pc' vs '7000-15000 pc'
      Comparing '4 018 pc' vs '5500-6999 pc'
      Comparing '4 018 pc' vs '4500-5499 pc'
      Comparing '4 018 pc' vs '3500-4499 pc'
    SuperficieDuterrain (Excel): 4 018 pc in range 3500-4499 pc -> 2.0 pts
  Non-négociables category total: 5.0 + 3.0 + 7.0 + 1.0 + 5.0 + 7.0 + 1.0 + 0.0 + 2.0 + 1.0 + 2.0 = 34.0
  Processing: Énergie/Chauffage (Source: Excel, Category: Souhaits importants)
    Found 3 ranges: [('Électricité', 1.0), ('Électricité, Gaz naturel', 2.0), ('Électricité, Propane', 3.0)]
      Comparing 'Électricité, Gaz naturel' vs 'Électricité'
      Comparing 'Électricité, Gaz naturel' vs 'Électricité, Gaz naturel'
    Énergie/Chauffage (Excel): Électricité, Gaz naturel matches Électricité, Gaz naturel -> 2.0 pts
  Processing: SDB + SE (Source: Excel, Category: Souhaits importants)
    Found 3 ranges: [('1+1', 1.0), ('2+0', 3.0), ('2+1', 4.0)]
      Comparing '2+0' vs '1+1'
      Comparing '2+0' vs '2+0'
    SDB + SE (Excel): 2+0 matches 2+0 -> 3.0 pts
  Processing: Foyer-Poêle (Source: Excel, Category: Souhaits importants)
    Found 2 ranges: [('OUI', 5.0), ('NON', 0.0)]
      Comparing 'Non' vs 'OUI'
      Comparing 'Non' vs 'NON'
    Foyer-Poêle (Excel): Non matches NON -> 0.0 pts
    Foyer-Poêle (Excel): Non -> No match found -> 0 pts
  Processing: Piscine (Source: Excel, Category: Souhaits importants)
    Found 2 ranges: [('OUI', 8.0), ('NON', 0.0)]
      Comparing 'Non' vs 'OUI'
      Comparing 'Non' vs 'NON'
    Piscine (Excel): Non matches NON -> 0.0 pts
    Piscine (Excel): Non -> No match found -> 0 pts
  Souhaits importants category total: 2.0 + 3.0 + 0.0 + 0.0 = 5.0
  Processing: Décision recommandée (Source: nan, Category: Souhaits secondaires)
    Found 0 ranges: []
  Processing: 🟢 EXCELLENT - Propriété idéale, à visiter en priorité (Source: nan, Category: Souhaits secondaires)
    Found 0 ranges: []
  Processing: 🟡 TRÈS BON - Correspond bien aux critères, à considérer sérieusement (Source: nan, Category: Souhaits secondaires)
    Found 0 ranges: []
  Processing: 🟠 ACCEPTABLE - Compromis nécessaires, analyser les manques (Source: nan, Category: Souhaits secondaires)
    Found 0 ranges: []
  Processing: 🔴 LIMITE - Manques importants, à reconsidérer (Source: nan, Category: Souhaits secondaires)
    Found 0 ranges: []
  Processing: ⛔ À REJETER - Ne correspond pas aux besoins (Source: nan, Category: Souhaits secondaires)
    Found 0 ranges: []
  Processing: ✓ Obligatoire - Vérifier certificat de localisation (Source: nan, Category: Souhaits secondaires)
    Found 0 ranges: []
  Souhaits secondaires category total: 0.0 + 0.0 + 0.0 + 0.0 + 0.0 + 0.0 + 0.0 = 0.0
  Criteria processed by category: {'Non-négociables': 11, 'Souhaits importants': 4, 'Souhaits secondaires': 7}
  Non-négociables: 5.0 + 3.0 + 7.0 + 1.0 + 5.0 + 7.0 + 1.0 + 0.0 + 2.0 + 1.0 + 2.0 = 34.0
  Souhaits importants: 2.0 + 3.0 + 0.0 + 0.0 = 5.0
  Souhaits secondaires: 0.0 + 0.0 + 0.0 + 0.0 + 0.0 + 0.0 + 0.0 = 0.0
  TOTAL: 39.0
Calling Bedrock agent ZGK3NF5FWW (alias: YQF8BEKCCF) for centris 18278673
Prompt: Score total pour categorie SOUHAITS SECONDAIRES pour centris num 18278673
Agent response: 

❌ ÉVALUATION IMPOSSIBLE - DOCUMENT NON DISPONIBLE

**Numéro Centris demandé:** 18278673

**Problème:** Aucun document trouvé dans la Knowledge Base pour cette propriété après recherches exhaustives.

**Vérifications effectuées:**
- Recherche par numéro Centris exact (18278673)
- Recherche par format MLS (mls18278673)
- Recherche par numéro partiel (18278)
- Recherches génériques pour identifier les propriétés disponibles
- Aucun résultat retourné

**Conclusion:** La Knowledge Base ne contient actuellement aucune information sur le Centris #18278673. Sans accès aux données de la propriété, je ne peux pas:
- Évaluer les 15 critères des SOUHAITS SECONDAIRES
- Attribuer les scores selon la grille d'évaluation
- Calculer le score total sur 15 points

**Solution:** Veuillez vérifier que:
1. Le numéro Centris 18278673 est correct
2. Les documents de cette propriété ont été chargés dans la Knowledge Base
3. Les fichiers sont accessibles et indexés correctement

Une fois les documents disponibles, je pourrai effectuer l'évaluation complète selon les 15 critères (calme, proximité parcs, potentiel revente, flexibilité, électroménagers, AC mural, extras, superficie, fenestration, stationnement, isolation, date emménagement, aménagement, rangement, gazon/jardin).



No score found in response

centris no 24569753:
Total criteria rows to process: 129
  Processing: Prix (Source: Excel, Category: Non-négociables)
    Found 6 ranges: [('820 000 $-850 000 $', 7.0), ('800 000 $-820 000 $', 9.0), ('750 000 $-800 000 $', 10.0), ('700 000 $-750 000 $', 9.0), ('650 000 $-700 000 $', 5.0), ('400 000 $-650 000 $', 3.0)]
      Comparing '819 900 $' vs '820 000 $-850 000 $'
      Comparing '819 900 $' vs '800 000 $-820 000 $'
    Prix (Excel): 819 900 $ in range 800 000 $-820 000 $ -> 9.0 pts
  Processing: Type de bâtiment (Source: Excel, Category: Non-négociables)
    Found 2 ranges: [('Isolé (détaché)', 3.0), ('NON', 0.0)]
      Comparing 'Isolé (détaché)' vs 'Isolé (détaché)'
    Type de bâtiment (Excel): Isolé (détaché) matches Isolé (détaché) -> 3.0 pts
  Processing: Style de bâtiment (Source: Excel, Category: Non-négociables)
    Found 3 ranges: [('de plain-pied', 7.0), ('à étages', 6.0), ('Cottage', 4.0)]
      Comparing 'à étages' vs 'de plain-pied'
      Comparing 'à étages' vs 'à étages'
    Style de bâtiment (Excel): à étages matches à étages -> 6.0 pts
  Processing: Année de construction (Source: Excel, Category: Non-négociables)
    Found 6 ranges: [('2024-2025', 6.0), ('2022-2023', 5.0), ('2020-2021', 4.0), ('2017-2019', 3.0), ('2010-2016', 2.0), ('2000-2009', 1.0)]
      Comparing '2000' vs '2024-2025'
      Comparing '2000' vs '2022-2023'
      Comparing '2000' vs '2020-2021'
      Comparing '2000' vs '2017-2019'
      Comparing '2000' vs '2010-2016'
      Comparing '2000' vs '2000-2009'
    Année de construction (Excel): 2000 in range 2000-2009 -> 1.0 pts
  Processing: Garage (Source: Excel, Category: Non-négociables)
    Found 2 ranges: [('OUI', 5.0), ('Non', 0.0)]
      Comparing 'Oui' vs 'OUI'
    Garage (Excel): Oui matches OUI -> 5.0 pts
  Processing: Pièces (Source: Excel, Category: Non-négociables)
    Found 4 ranges: [('14-25', 8.0), ('10-13', 7.0), ('7-9', 4.0), ('0-6', 1.0)]
      Comparing '9' vs '14-25'
      Comparing '9' vs '10-13'
      Comparing '9' vs '7-9'
    Pièces (Excel): 9 in range 7-9 -> 4.0 pts
  Processing: Date d'app/maj (Source: Excel, Category: Non-négociables)
    Found 3 ranges: [('0-4', 4.0), ('5-8', 3.0), ('9-12', 1.0)]
      Comparing 'depuis 11 jours' vs '0-4'
      Comparing 'depuis 11 jours' vs '5-8'
      Comparing 'depuis 11 jours' vs '9-12'
    Date d'app/maj (Excel): depuis 11 jours in range 9-12 -> 1.0 pts
  Processing: Secteur (Source: Excel, Category: Non-négociables)
    Found 4 ranges: [('Vieux-Longueuil', 9.0), ('Greenfield Park', 4.0), ('Saint-Hubert', 7.0), ('Brossard', 6.0)]
      Comparing 'Le Vieux-Longueuil' vs 'Vieux-Longueuil'
      Comparing 'Le Vieux-Longueuil' vs 'Greenfield Park'
      Comparing 'Le Vieux-Longueuil' vs 'Saint-Hubert'
      Comparing 'Le Vieux-Longueuil' vs 'Brossard'
    Secteur (Excel): Le Vieux-Longueuil -> No match found -> 0 pts
  Processing: DollardDistance (Source: Excel, Category: Non-négociables)
    Found 4 ranges: [('0-10', 5.0), ('11-15', 2.0), ('16-20', 1.0), ('21+', 0.0)]
      Comparing '12' vs '0-10'
      Comparing '12' vs '11-15'
    DollardDistance (Excel): 12 in range 11-15 -> 2.0 pts
  Processing: WalkScore (Source: Excel, Category: Non-négociables)
    Found 4 ranges: [('80-100', 2.0), ('60-79', 1.5), ('40-59', 1.0), ('<40', 0.0)]
      Comparing '48' vs '80-100'
      Comparing '48' vs '60-79'
      Comparing '48' vs '40-59'
    WalkScore (Excel): 48 in range 40-59 -> 1.0 pts
  Processing: SuperficieDuterrain (Source: Excel, Category: Non-négociables)
    Found 5 ranges: [('7000-15000 pc', 6.0), ('5500-6999 pc', 5.0), ('4500-5499 pc', 4.0), ('3500-4499 pc', 2.0), ('0-3499 pc', 1.0)]
      Comparing '4 272 pc' vs '7000-15000 pc'
      Comparing '4 272 pc' vs '5500-6999 pc'
      Comparing '4 272 pc' vs '4500-5499 pc'
      Comparing '4 272 pc' vs '3500-4499 pc'
    SuperficieDuterrain (Excel): 4 272 pc in range 3500-4499 pc -> 2.0 pts
  Non-négociables category total: 9.0 + 3.0 + 6.0 + 1.0 + 5.0 + 4.0 + 1.0 + 0.0 + 2.0 + 1.0 + 2.0 = 34.0
  Processing: Énergie/Chauffage (Source: Excel, Category: Souhaits importants)
    Found 3 ranges: [('Électricité', 1.0), ('Électricité, Gaz naturel', 2.0), ('Électricité, Propane', 3.0)]
      Comparing 'Électricité, Propane' vs 'Électricité'
      Comparing 'Électricité, Propane' vs 'Électricité, Gaz naturel'
      Comparing 'Électricité, Propane' vs 'Électricité, Propane'
    Énergie/Chauffage (Excel): Électricité, Propane matches Électricité, Propane -> 3.0 pts
  Processing: SDB + SE (Source: Excel, Category: Souhaits importants)
    Found 3 ranges: [('1+1', 1.0), ('2+0', 3.0), ('2+1', 4.0)]
      Comparing '1+1' vs '1+1'
    SDB + SE (Excel): 1+1 matches 1+1 -> 1.0 pts
  Processing: Foyer-Poêle (Source: Excel, Category: Souhaits importants)
    Found 2 ranges: [('OUI', 5.0), ('NON', 0.0)]
      Comparing 'Oui' vs 'OUI'
    Foyer-Poêle (Excel): Oui matches OUI -> 5.0 pts
  Processing: Piscine (Source: Excel, Category: Souhaits importants)
    Found 2 ranges: [('OUI', 8.0), ('NON', 0.0)]
      Comparing 'Oui' vs 'OUI'
    Piscine (Excel): Oui matches OUI -> 8.0 pts
  Souhaits importants category total: 3.0 + 1.0 + 5.0 + 8.0 = 17.0
  Processing: Décision recommandée (Source: nan, Category: Souhaits secondaires)
    Found 0 ranges: []
  Processing: 🟢 EXCELLENT - Propriété idéale, à visiter en priorité (Source: nan, Category: Souhaits secondaires)
    Found 0 ranges: []
  Processing: 🟡 TRÈS BON - Correspond bien aux critères, à considérer sérieusement (Source: nan, Category: Souhaits secondaires)
    Found 0 ranges: []
  Processing: 🟠 ACCEPTABLE - Compromis nécessaires, analyser les manques (Source: nan, Category: Souhaits secondaires)
    Found 0 ranges: []
  Processing: 🔴 LIMITE - Manques importants, à reconsidérer (Source: nan, Category: Souhaits secondaires)
    Found 0 ranges: []
  Processing: ⛔ À REJETER - Ne correspond pas aux besoins (Source: nan, Category: Souhaits secondaires)
    Found 0 ranges: []
  Processing: ✓ Obligatoire - Vérifier certificat de localisation (Source: nan, Category: Souhaits secondaires)
    Found 0 ranges: []
  Souhaits secondaires category total: 0.0 + 0.0 + 0.0 + 0.0 + 0.0 + 0.0 + 0.0 = 0.0
  Criteria processed by category: {'Non-négociables': 11, 'Souhaits importants': 4, 'Souhaits secondaires': 7}
  Non-négociables: 9.0 + 3.0 + 6.0 + 1.0 + 5.0 + 4.0 + 1.0 + 0.0 + 2.0 + 1.0 + 2.0 = 34.0
  Souhaits importants: 3.0 + 1.0 + 5.0 + 8.0 = 17.0
  Souhaits secondaires: 0.0 + 0.0 + 0.0 + 0.0 + 0.0 + 0.0 + 0.0 = 0.0
  TOTAL: 51.0
Calling Bedrock agent ZGK3NF5FWW (alias: YQF8BEKCCF) for centris 24569753
Prompt: Score total pour categorie SOUHAITS SECONDAIRES pour centris num 24569753
Agent response: SOUHAITS SECONDAIRES - Centris #24569753
==========================================

⚠️ **ÉVALUATION IMPOSSIBLE - BASE DE CONNAISSANCES VIDE**

Après de multiples tentatives de recherche dans la Knowledge Base, aucun document n'a été trouvé. La base de connaissances semble être vide ou inaccessible.

**Statut**: Impossible d'effectuer l'évaluation des SOUHAITS SECONDAIRES pour le Centris #24569753 sans accès aux données de propriété.

**Recommandation**: Veuillez vérifier que:
1. La Knowledge Base contient des documents
2. Les permissions d'accès sont correctement configurées
3. Les documents de propriétés ont été correctement indexés
4. Le numéro Centris 24569753 existe et est disponible dans les sources de données
No score found in response
