
centris no 23215645:
Total criteria rows to process: 121
  Processing: Prix (Source: Excel, Category: Non-négociables)
    Found 6 ranges: [('820 000 $-850 000 $', 7.0), ('800 000 $-820 000 $', 9.0), ('750 000 $-800 000 $', 10.0), ('700 000 $-750 000 $', 9.0), ('650 000 $-700 000 $', 5.0), ('400 000 $-650 000 $', 3.0)]
      Comparing '810 000 $' vs '820 000 $-850 000 $'
      Comparing '810 000 $' vs '800 000 $-820 000 $'
    Prix (Excel): 810 000 $ in range 800 000 $-820 000 $ -> 9.0 pts
  Processing: Type de bâtiment (Source: Excel, Category: Non-négociables)
    Found 2 ranges: [('Isolé (détaché)', 5.0), ('NON', 0.0)]
      Comparing 'Isolé (détaché)' vs 'Isolé (détaché)'
    Type de bâtiment (Excel): Isolé (détaché) matches Isolé (détaché) -> 5.0 pts
  Processing: Style de bâtiment (Source: Excel, Category: Non-négociables)
    Found 3 ranges: [('de plain-pied', 7.0), ('à étages', 6.0), ('Cottage', 4.0)]
      Comparing 'de plain-pied' vs 'de plain-pied'
    Style de bâtiment (Excel): de plain-pied matches de plain-pied -> 7.0 pts
  Processing: Année de construction (Source: Excel, Category: Non-négociables)
    Found 6 ranges: [('2024-2025', 6.0), ('2022-2023', 5.0), ('2020-2021', 4.0), ('2017-2019', 3.0), ('2010-2016', 2.0), ('2000-2009', 1.0)]
      Comparing '2017' vs '2024-2025'
      Comparing '2017' vs '2022-2023'
      Comparing '2017' vs '2020-2021'
      Comparing '2017' vs '2017-2019'
    Année de construction (Excel): 2017 in range 2017-2019 -> 3.0 pts
  Processing: Garage (Source: Excel, Category: Non-négociables)
    Found 2 ranges: [('OUI', 5.0), ('Non', 0.0)]
      Comparing 'Non' vs 'OUI'
      Comparing 'Non' vs 'Non'
    Garage (Excel): Non matches Non -> 0.0 pts
    Garage (Excel): Non -> No match found -> 0 pts
  Processing: Pièces (Source: Excel, Category: Non-négociables)
    Found 4 ranges: [('14-25', 8.0), ('10-13', 7.0), ('7-9', 4.0), ('0-6', 1.0)]
      Comparing '10' vs '14-25'
      Comparing '10' vs '10-13'
    Pièces (Excel): 10 in range 10-13 -> 7.0 pts
  Processing: Date d'app/maj (Source: Excel, Category: Non-négociables)
    Found 3 ranges: [('0-4', 4.0), ('5-8', 3.0), ('9-12', 1.0)]
      Comparing 'depuis 11 jours' vs '0-4'
      Comparing 'depuis 11 jours' vs '5-8'
      Comparing 'depuis 11 jours' vs '9-12'
    Date d'app/maj (Excel): depuis 11 jours in range 9-12 -> 1.0 pts
  Processing: Secteur (Source: Excel, Category: Non-négociables)
    Found 4 ranges: [('Vieux-Longueuil', 9.0), ('Greenfield Park', 4.0), ('Saint-Hubert', 7.0), ('Brossard', 6.0)]
      Comparing 'Saint-Hubert' vs 'Vieux-Longueuil'
      Comparing 'Saint-Hubert' vs 'Greenfield Park'
      Comparing 'Saint-Hubert' vs 'Saint-Hubert'
    Secteur (Excel): Saint-Hubert matches Saint-Hubert -> 7.0 pts
  Processing: DollardDistance (Source: Excel, Category: Non-négociables)
    Found 4 ranges: [('0-10', 3.0), ('11-15', 2.0), ('16-20', 1.0), ('21+', 0.0)]
      Comparing '15' vs '0-10'
      Comparing '15' vs '11-15'
    DollardDistance (Excel): 15 in range 11-15 -> 2.0 pts
  Processing: WalkScore (Source: Excel, Category: Non-négociables)
    Found 4 ranges: [('80-100', 2.0), ('60-79', 1.5), ('40-59', 1.0), ('<40', 0.0)]
      Comparing '76' vs '80-100'
      Comparing '76' vs '60-79'
    WalkScore (Excel): 76 in range 60-79 -> 1.5 pts
  Processing: SuperficieDuterrain (Source: Excel, Category: Non-négociables)
    Found 5 ranges: [('7000-15000 pc', 6.0), ('5500-6999 pc', 5.0), ('4500-5499 pc', 4.0), ('3500-4499 pc', 2.0), ('0-3499 pc', 1.0)]
      Comparing '4 901 pc' vs '7000-15000 pc'
      Comparing '4 901 pc' vs '5500-6999 pc'
      Comparing '4 901 pc' vs '4500-5499 pc'
    SuperficieDuterrain (Excel): 4 901 pc in range 4500-5499 pc -> 4.0 pts
  Non-négociables category total: 9.0 + 5.0 + 7.0 + 3.0 + 0.0 + 7.0 + 1.0 + 7.0 + 2.0 + 1.5 + 4.0 = 46.5
  Processing: Superficie habitable (Source: HTML, Category: Souhaits importants)
    Found 3 ranges: [('1200-2500 pi²', 4.0), ('1000-1199 pi²', 3.0), ('0-1000 pi²', 1.0)]
    Superficie habitable (HTML): non spécifiée -> 0.0 pts
  Processing: Fenestration/Orientation (Source: HTML, Category: Souhaits importants)
    Found 2 ranges: [('Façade Sud/Sud-Est + pièces bien orientées', 3.0), ('Partiel', 2.0)]
    Fenestration/Orientation (HTML): Information non disponible dans le contenu HTML fourni -> 0.0 pts
  Processing: Énergie/Chauffage (Source: Excel, Category: Souhaits importants)
    Found 2 ranges: [('Électricité', 2.0), ('Autre', 0.0)]
      Comparing 'Électricité' vs 'Électricité'
    Énergie/Chauffage (Excel): Électricité matches Électricité -> 2.0 pts
  Processing: Stationnement (Allée) (Source: HTML, Category: Souhaits importants)
    Found 3 ranges: [('2+ places', 2.0), ('1 place', 1.0), ('Aucune', 0.0)]
    Stationnement (Allée) (HTML): Non spécifié -> 0.0 pts
  Processing: Isolation/Résilience hiver (Source: HTML, Category: Souhaits importants)
    Found 3 ranges: [('Toiture récente + isolation optimale', 3.0), ('Bon', 2.0), ('Moyen', 1.0)]
    Isolation/Résilience hiver (HTML): Aucune information sur la toiture ou l'isolation disponible dans le contenu HTML fourni -> 0.0 pts
  Processing: Date d'emménagement (Source: HTML, Category: Souhaits importants)
    Found 2 ranges: [('Avant avril 2026', 2.0), ('Avant juillet 2026', 1.0)]
    Date d'emménagement (HTML): Non spécifiée -> 0.0 pts
  Processing: Aménagement intérieur (Source: HTML, Category: Souhaits importants)
    Found 2 ranges: [('Cuisine moderne + sous-sol aménagé + matériaux qualité', 3.0), ('Partiel', 2.0)]
    Aménagement intérieur (HTML): Information insuffisante - le HTML fourni ne contient que les métadonnées de la page (titre, description) sans détails sur l'aménagement intérieur, la cuisine, le sous-sol ou les matériaux -> 0.0 pts
  Processing: Espace rangement (Source: HTML, Category: Souhaits importants)
    Found 3 ranges: [('Cabanon ET sous-sol', 2.0), ('Un des deux', 1.0), ('Aucun', 0.0)]
    Espace rangement (HTML): Information non disponible dans le contenu HTML fourni -> 0.0 pts
  Processing: Zone gazon/jardin (Source: HTML, Category: Souhaits importants)
    Found 3 ranges: [('Jardin aménagé', 2.0), ('Gazon simple', 1.0), ('Aucun', 0.0)]
    Zone gazon/jardin (HTML): Information non disponible dans le contenu HTML fourni -> 0.0 pts
  Processing: SDB + SE (Source: Excel, Category: Souhaits importants)
    Found 3 ranges: [("2 SDB + 1 salle d'eau", 1.0), ("1 SDB + 1 salle d'eau", 0.5), ('Moins', 0.0)]
      Comparing '2+0' vs '2 SDB + 1 salle d'eau'
      Comparing '2+0' vs '1 SDB + 1 salle d'eau'
      Comparing '2+0' vs 'Moins'
    SDB + SE (Excel): 2+0 -> No match found -> 0 pts
  Processing: Foyer-Poêle (Source: Excel, Category: Souhaits importants)
    Found 3 ranges: [('Foyer/poêle au bois installé', 1.0), ('Préparation', 0.5), ('Aucun', 0.0)]
      Comparing 'Non' vs 'Foyer/poêle au bois installé'
      Comparing 'Non' vs 'Préparation'
      Comparing 'Non' vs 'Aucun'
    Foyer-Poêle (Excel): Non -> No match found -> 0 pts
  Souhaits importants category total: 0.0 + 0.0 + 2.0 + 0.0 + 0.0 + 0.0 + 0.0 + 0.0 + 0.0 + 0.0 + 0.0 = 2.0
  Processing: Piscine (Source: Excel, Category: Souhaits secondaires)
    Found 2 ranges: [('OUI', 1.0), ('NON', 0.0)]
      Comparing 'Non' vs 'OUI'
      Comparing 'Non' vs 'NON'
    Piscine (Excel): Non matches NON -> 0.0 pts
    Piscine (Excel): Non -> No match found -> 0 pts
  Processing: Calme et sécurité (Source: HTML, Category: Souhaits secondaires)
    Found 3 ranges: [('Quartier très calme', 2.0), ('Calme', 1.0), ('Bruyant', 0.0)]
    Calme et sécurité (HTML): Information non disponible -> 0.0 pts
  Processing: Proximité parcs (Source: HTML, Category: Souhaits secondaires)
    Found 3 ranges: [('<5 min marche', 1.0), ('5-10 min', 0.5), ('Loin', 0.0)]
    Proximité parcs (HTML): Information non disponible dans le contenu HTML fourni -> 0.0 pts
  Processing: Potentiel de revente (Source: HTML, Category: Souhaits secondaires)
    Found 3 ranges: [('Fort potentiel', 2.0), ('Moyen', 1.0), ('Faible', 0.0)]
    Potentiel de revente (HTML): Fort potentiel - Maison plain-pied à Longueuil (Saint-Hubert), secteur Orchard, type de propriété recherché (plain-pied), Rive-Sud de Montréal -> 2.0 pts
  Processing: Flexibilité (Source: HTML, Category: Souhaits secondaires)
    Found 2 ranges: [('Possibilité agrandir/louer/duplex', 1.0), ('Limité', 0.5)]
    Flexibilité (HTML): Aucune information sur flexibilité (agrandir/louer/duplex) dans le contenu HTML fourni -> 0.0 pts
  Processing: Électroménagers inclus (Source: HTML, Category: Souhaits secondaires)
    Found 3 ranges: [('5 électros inclus', 0.5), ('Partiel', 0.25), ('Aucun', 0.0)]
    Électroménagers inclus (HTML): Information non disponible dans le contenu HTML fourni -> 0.0 pts
  Processing: Transports en commun (Source: HTML, Category: Souhaits secondaires)
    Found 3 ranges: [('REM accessible <10 min', 1.0), ('Bus proche', 0.5), ('Loin', 0.0)]
    Transports en commun (HTML): Aucune information sur les transports en commun ou le REM dans le contenu HTML fourni -> 0.0 pts
  Processing: Air climatisé mural (Source: HTML, Category: Souhaits secondaires)
    Found 2 ranges: [('Installé', 0.5), ('Aucun', 0.0)]
    Air climatisé mural (HTML): Non mentionné -> 0.0 pts
  Processing: Extras (Source: HTML, Category: Souhaits secondaires)
    Found 3 ranges: [('Terrasse + foyer + garantie GCR', 1.0), ('Partiel', 0.5), ('Aucun', 0.0)]
    Extras (HTML): Information insuffisante dans le HTML fourni -> 0.0 pts
  Processing: Décision recommandée (Source: nan, Category: Souhaits secondaires)
    Found 0 ranges: []
  Processing: 🟢 EXCELLENT - Propriété idéale, à visiter en priorité (Source: nan, Category: Souhaits secondaires)
    Found 0 ranges: []
  Processing: 🟡 TRÈS BON - Correspond bien aux critères, à considérer sérieusement (Source: nan, Category: Souhaits secondaires)
    Found 0 ranges: []
  Processing: 🟠 ACCEPTABLE - Compromis nécessaires, analyser les manques (Source: nan, Category: Souhaits secondaires)
    Found 0 ranges: []
  Processing: 🔴 LIMITE - Manques importants, à reconsidérer (Source: nan, Category: Souhaits secondaires)
    Found 0 ranges: []
  Processing: ⛔ À REJETER - Ne correspond pas aux besoins (Source: nan, Category: Souhaits secondaires)
    Found 0 ranges: []
  Processing: ✓ Obligatoire - Vérifier certificat de localisation (Source: nan, Category: Souhaits secondaires)
    Found 0 ranges: []
  Souhaits secondaires category total: 0.0 + 0.0 + 0.0 + 2.0 + 0.0 + 0.0 + 0.0 + 0.0 + 0.0 + 0.0 + 0.0 + 0.0 + 0.0 + 0.0 + 0.0 + 0.0 = 2.0
  Criteria processed by category: {'Non-négociables': 11, 'Souhaits importants': 11, 'Souhaits secondaires': 16}
  Non-négociables: 9.0 + 5.0 + 7.0 + 3.0 + 0.0 + 7.0 + 1.0 + 7.0 + 2.0 + 1.5 + 4.0 = 46.5
  Souhaits importants: 0.0 + 0.0 + 2.0 + 0.0 + 0.0 + 0.0 + 0.0 + 0.0 + 0.0 + 0.0 + 0.0 = 2.0
  Souhaits secondaires: 0.0 + 0.0 + 0.0 + 2.0 + 0.0 + 0.0 + 0.0 + 0.0 + 0.0 + 0.0 + 0.0 + 0.0 + 0.0 + 0.0 + 0.0 + 0.0 = 2.0
  TOTAL: 50.5

centris no 18586802:
Total criteria rows to process: 121
  Processing: Prix (Source: Excel, Category: Non-négociables)
    Found 6 ranges: [('820 000 $-850 000 $', 7.0), ('800 000 $-820 000 $', 9.0), ('750 000 $-800 000 $', 10.0), ('700 000 $-750 000 $', 9.0), ('650 000 $-700 000 $', 5.0), ('400 000 $-650 000 $', 3.0)]
      Comparing '789 000 $' vs '820 000 $-850 000 $'
      Comparing '789 000 $' vs '800 000 $-820 000 $'
      Comparing '789 000 $' vs '750 000 $-800 000 $'
    Prix (Excel): 789 000 $ in range 750 000 $-800 000 $ -> 10.0 pts
  Processing: Type de bâtiment (Source: Excel, Category: Non-négociables)
    Found 2 ranges: [('Isolé (détaché)', 5.0), ('NON', 0.0)]
      Comparing 'Isolé (détaché)' vs 'Isolé (détaché)'
    Type de bâtiment (Excel): Isolé (détaché) matches Isolé (détaché) -> 5.0 pts
  Processing: Style de bâtiment (Source: Excel, Category: Non-négociables)
    Found 3 ranges: [('de plain-pied', 7.0), ('à étages', 6.0), ('Cottage', 4.0)]
      Comparing 'à étages' vs 'de plain-pied'
      Comparing 'à étages' vs 'à étages'
    Style de bâtiment (Excel): à étages matches à étages -> 6.0 pts
  Processing: Année de construction (Source: Excel, Category: Non-négociables)
    Found 6 ranges: [('2024-2025', 6.0), ('2022-2023', 5.0), ('2020-2021', 4.0), ('2017-2019', 3.0), ('2010-2016', 2.0), ('2000-2009', 1.0)]
      Comparing '2016' vs '2024-2025'
      Comparing '2016' vs '2022-2023'
      Comparing '2016' vs '2020-2021'
      Comparing '2016' vs '2017-2019'
      Comparing '2016' vs '2010-2016'
    Année de construction (Excel): 2016 in range 2010-2016 -> 2.0 pts
  Processing: Garage (Source: Excel, Category: Non-négociables)
    Found 2 ranges: [('OUI', 5.0), ('Non', 0.0)]
      Comparing 'Oui' vs 'OUI'
    Garage (Excel): Oui matches OUI -> 5.0 pts
  Processing: Pièces (Source: Excel, Category: Non-négociables)
    Found 4 ranges: [('14-25', 8.0), ('10-13', 7.0), ('7-9', 4.0), ('0-6', 1.0)]
      Comparing '14' vs '14-25'
    Pièces (Excel): 14 in range 14-25 -> 8.0 pts
  Processing: Date d'app/maj (Source: Excel, Category: Non-négociables)
    Found 3 ranges: [('0-4', 4.0), ('5-8', 3.0), ('9-12', 1.0)]
      Comparing 'depuis 11 jours' vs '0-4'
      Comparing 'depuis 11 jours' vs '5-8'
      Comparing 'depuis 11 jours' vs '9-12'
    Date d'app/maj (Excel): depuis 11 jours in range 9-12 -> 1.0 pts
  Processing: Secteur (Source: Excel, Category: Non-négociables)
    Found 4 ranges: [('Vieux-Longueuil', 9.0), ('Greenfield Park', 4.0), ('Saint-Hubert', 7.0), ('Brossard', 6.0)]
      Comparing 'Brossard' vs 'Vieux-Longueuil'
      Comparing 'Brossard' vs 'Greenfield Park'
      Comparing 'Brossard' vs 'Saint-Hubert'
      Comparing 'Brossard' vs 'Brossard'
    Secteur (Excel): Brossard matches Brossard -> 6.0 pts
  Processing: DollardDistance (Source: Excel, Category: Non-négociables)
    Found 4 ranges: [('0-10', 3.0), ('11-15', 2.0), ('16-20', 1.0), ('21+', 0.0)]
      Comparing '13' vs '0-10'
      Comparing '13' vs '11-15'
    DollardDistance (Excel): 13 in range 11-15 -> 2.0 pts
  Processing: WalkScore (Source: Excel, Category: Non-négociables)
    Found 4 ranges: [('80-100', 2.0), ('60-79', 1.5), ('40-59', 1.0), ('<40', 0.0)]
      Comparing '77' vs '80-100'
      Comparing '77' vs '60-79'
    WalkScore (Excel): 77 in range 60-79 -> 1.5 pts
  Processing: SuperficieDuterrain (Source: Excel, Category: Non-négociables)
    Found 5 ranges: [('7000-15000 pc', 6.0), ('5500-6999 pc', 5.0), ('4500-5499 pc', 4.0), ('3500-4499 pc', 2.0), ('0-3499 pc', 1.0)]
      Comparing '2 438 pc' vs '7000-15000 pc'
      Comparing '2 438 pc' vs '5500-6999 pc'
      Comparing '2 438 pc' vs '4500-5499 pc'
      Comparing '2 438 pc' vs '3500-4499 pc'
      Comparing '2 438 pc' vs '0-3499 pc'
    SuperficieDuterrain (Excel): 2 438 pc in range 0-3499 pc -> 1.0 pts
  Non-négociables category total: 10.0 + 5.0 + 6.0 + 2.0 + 5.0 + 8.0 + 1.0 + 6.0 + 2.0 + 1.5 + 1.0 = 47.5
  Processing: Superficie habitable (Source: HTML, Category: Souhaits importants)
    Found 3 ranges: [('1200-2500 pi²', 4.0), ('1000-1199 pi²', 3.0), ('0-1000 pi²', 1.0)]
    Superficie habitable (HTML): Non trouvée -> 0.0 pts
  Processing: Fenestration/Orientation (Source: HTML, Category: Souhaits importants)
    Found 2 ranges: [('Façade Sud/Sud-Est + pièces bien orientées', 3.0), ('Partiel', 2.0)]
    Fenestration/Orientation (HTML): Aucune information sur la fenestration ou l'orientation -> 0.0 pts
  Processing: Énergie/Chauffage (Source: Excel, Category: Souhaits importants)
    Found 2 ranges: [('Électricité', 2.0), ('Autre', 0.0)]
      Comparing 'Électricité' vs 'Électricité'
    Énergie/Chauffage (Excel): Électricité matches Électricité -> 2.0 pts
  Processing: Stationnement (Allée) (Source: HTML, Category: Souhaits importants)
    Found 3 ranges: [('2+ places', 2.0), ('1 place', 1.0), ('Aucune', 0.0)]
    Stationnement (Allée) (HTML): Non trouvé -> 0.0 pts
  Processing: Isolation/Résilience hiver (Source: HTML, Category: Souhaits importants)
    Found 3 ranges: [('Toiture récente + isolation optimale', 3.0), ('Bon', 2.0), ('Moyen', 1.0)]
    Isolation/Résilience hiver (HTML): Aucune information sur l'isolation ou la toiture disponible dans le contenu HTML fourni -> 0.0 pts
  Processing: Date d'emménagement (Source: HTML, Category: Souhaits importants)
    Found 2 ranges: [('Avant avril 2026', 2.0), ('Avant juillet 2026', 1.0)]
    Date d'emménagement (HTML): Non trouvée -> 0.0 pts
  Processing: Aménagement intérieur (Source: HTML, Category: Souhaits importants)
    Found 2 ranges: [('Cuisine moderne + sous-sol aménagé + matériaux qualité', 3.0), ('Partiel', 2.0)]
    Aménagement intérieur (HTML): Aucune information sur l'aménagement intérieur disponible - page HTML incomplète/vide -> 0.0 pts
  Processing: Espace rangement (Source: HTML, Category: Souhaits importants)
    Found 3 ranges: [('Cabanon ET sous-sol', 2.0), ('Un des deux', 1.0), ('Aucun', 0.0)]
    Espace rangement (HTML): Information non disponible dans le HTML fourni -> 0.0 pts
  Processing: Zone gazon/jardin (Source: HTML, Category: Souhaits importants)
    Found 3 ranges: [('Jardin aménagé', 2.0), ('Gazon simple', 1.0), ('Aucun', 0.0)]
    Zone gazon/jardin (HTML): Information non disponible -> 0.0 pts
  Processing: SDB + SE (Source: Excel, Category: Souhaits importants)
    Found 3 ranges: [("2 SDB + 1 salle d'eau", 1.0), ("1 SDB + 1 salle d'eau", 0.5), ('Moins', 0.0)]
      Comparing '2+1' vs '2 SDB + 1 salle d'eau'
      Comparing '2+1' vs '1 SDB + 1 salle d'eau'
      Comparing '2+1' vs 'Moins'
    SDB + SE (Excel): 2+1 -> No match found -> 0 pts
  Processing: Foyer-Poêle (Source: Excel, Category: Souhaits importants)
    Found 3 ranges: [('Foyer/poêle au bois installé', 1.0), ('Préparation', 0.5), ('Aucun', 0.0)]
      Comparing 'Non' vs 'Foyer/poêle au bois installé'
      Comparing 'Non' vs 'Préparation'
      Comparing 'Non' vs 'Aucun'
    Foyer-Poêle (Excel): Non -> No match found -> 0 pts
  Souhaits importants category total: 0.0 + 0.0 + 2.0 + 0.0 + 0.0 + 0.0 + 0.0 + 0.0 + 0.0 + 0.0 + 0.0 = 2.0
  Processing: Piscine (Source: Excel, Category: Souhaits secondaires)
    Found 2 ranges: [('OUI', 1.0), ('NON', 0.0)]
      Comparing 'Non' vs 'OUI'
      Comparing 'Non' vs 'NON'
    Piscine (Excel): Non matches NON -> 0.0 pts
    Piscine (Excel): Non -> No match found -> 0 pts
  Processing: Calme et sécurité (Source: HTML, Category: Souhaits secondaires)
    Found 3 ranges: [('Quartier très calme', 2.0), ('Calme', 1.0), ('Bruyant', 0.0)]
    Calme et sécurité (HTML): Information non disponible -> 0.0 pts
  Processing: Proximité parcs (Source: HTML, Category: Souhaits secondaires)
    Found 3 ranges: [('<5 min marche', 1.0), ('5-10 min', 0.5), ('Loin', 0.0)]
    Proximité parcs (HTML): Information non disponible -> 0.0 pts
  Processing: Potentiel de revente (Source: HTML, Category: Souhaits secondaires)
    Found 3 ranges: [('Fort potentiel', 2.0), ('Moyen', 1.0), ('Faible', 0.0)]
    Potentiel de revente (HTML): Aucune information disponible - page non chargée/vide -> 0.0 pts
  Processing: Flexibilité (Source: HTML, Category: Souhaits secondaires)
    Found 2 ranges: [('Possibilité agrandir/louer/duplex', 1.0), ('Limité', 0.5)]
    Flexibilité (HTML): Contenu HTML insuffisant - page non chargée complètement, aucune information sur flexibilité/agrandissement/duplex visible -> 0.0 pts
  Processing: Électroménagers inclus (Source: HTML, Category: Souhaits secondaires)
    Found 3 ranges: [('5 électros inclus', 0.5), ('Partiel', 0.25), ('Aucun', 0.0)]
    Électroménagers inclus (HTML): Information non disponible dans le contenu HTML fourni -> 0.0 pts
  Processing: Transports en commun (Source: HTML, Category: Souhaits secondaires)
    Found 3 ranges: [('REM accessible <10 min', 1.0), ('Bus proche', 0.5), ('Loin', 0.0)]
    Transports en commun (HTML): Aucune information sur les transports en commun ou le REM trouvée -> 0.0 pts
  Processing: Air climatisé mural (Source: HTML, Category: Souhaits secondaires)
    Found 2 ranges: [('Installé', 0.5), ('Aucun', 0.0)]
    Air climatisé mural (HTML): None -> 0.0 pts
  Processing: Extras (Source: HTML, Category: Souhaits secondaires)
    Found 3 ranges: [('Terrasse + foyer + garantie GCR', 1.0), ('Partiel', 0.5), ('Aucun', 0.0)]
    Extras (HTML): Contenu HTML insuffisant - page non chargée complètement -> 0.0 pts
  Processing: Décision recommandée (Source: nan, Category: Souhaits secondaires)
    Found 0 ranges: []
  Processing: 🟢 EXCELLENT - Propriété idéale, à visiter en priorité (Source: nan, Category: Souhaits secondaires)
    Found 0 ranges: []
  Processing: 🟡 TRÈS BON - Correspond bien aux critères, à considérer sérieusement (Source: nan, Category: Souhaits secondaires)
    Found 0 ranges: []
  Processing: 🟠 ACCEPTABLE - Compromis nécessaires, analyser les manques (Source: nan, Category: Souhaits secondaires)
    Found 0 ranges: []
  Processing: 🔴 LIMITE - Manques importants, à reconsidérer (Source: nan, Category: Souhaits secondaires)
    Found 0 ranges: []
  Processing: ⛔ À REJETER - Ne correspond pas aux besoins (Source: nan, Category: Souhaits secondaires)
    Found 0 ranges: []
  Processing: ✓ Obligatoire - Vérifier certificat de localisation (Source: nan, Category: Souhaits secondaires)
    Found 0 ranges: []
  Souhaits secondaires category total: 0.0 + 0.0 + 0.0 + 0.0 + 0.0 + 0.0 + 0.0 + 0.0 + 0.0 + 0.0 + 0.0 + 0.0 + 0.0 + 0.0 + 0.0 + 0.0 = 0.0
  Criteria processed by category: {'Non-négociables': 11, 'Souhaits importants': 11, 'Souhaits secondaires': 16}
  Non-négociables: 10.0 + 5.0 + 6.0 + 2.0 + 5.0 + 8.0 + 1.0 + 6.0 + 2.0 + 1.5 + 1.0 = 47.5
  Souhaits importants: 0.0 + 0.0 + 2.0 + 0.0 + 0.0 + 0.0 + 0.0 + 0.0 + 0.0 + 0.0 + 0.0 = 2.0
  Souhaits secondaires: 0.0 + 0.0 + 0.0 + 0.0 + 0.0 + 0.0 + 0.0 + 0.0 + 0.0 + 0.0 + 0.0 + 0.0 + 0.0 + 0.0 + 0.0 + 0.0 = 0.0
  TOTAL: 49.5

centris no 13028898:
Total criteria rows to process: 121
  Processing: Prix (Source: Excel, Category: Non-négociables)
    Found 6 ranges: [('820 000 $-850 000 $', 7.0), ('800 000 $-820 000 $', 9.0), ('750 000 $-800 000 $', 10.0), ('700 000 $-750 000 $', 9.0), ('650 000 $-700 000 $', 5.0), ('400 000 $-650 000 $', 3.0)]
      Comparing '769 000 $' vs '820 000 $-850 000 $'
      Comparing '769 000 $' vs '800 000 $-820 000 $'
      Comparing '769 000 $' vs '750 000 $-800 000 $'
    Prix (Excel): 769 000 $ in range 750 000 $-800 000 $ -> 10.0 pts
  Processing: Type de bâtiment (Source: Excel, Category: Non-négociables)
    Found 2 ranges: [('Isolé (détaché)', 5.0), ('NON', 0.0)]
      Comparing 'Isolé (détaché)' vs 'Isolé (détaché)'
    Type de bâtiment (Excel): Isolé (détaché) matches Isolé (détaché) -> 5.0 pts
  Processing: Style de bâtiment (Source: Excel, Category: Non-négociables)
    Found 3 ranges: [('de plain-pied', 7.0), ('à étages', 6.0), ('Cottage', 4.0)]
      Comparing 'de plain-pied' vs 'de plain-pied'
    Style de bâtiment (Excel): de plain-pied matches de plain-pied -> 7.0 pts
  Processing: Année de construction (Source: Excel, Category: Non-négociables)
    Found 6 ranges: [('2024-2025', 6.0), ('2022-2023', 5.0), ('2020-2021', 4.0), ('2017-2019', 3.0), ('2010-2016', 2.0), ('2000-2009', 1.0)]
      Comparing '2014' vs '2024-2025'
      Comparing '2014' vs '2022-2023'
      Comparing '2014' vs '2020-2021'
      Comparing '2014' vs '2017-2019'
      Comparing '2014' vs '2010-2016'
    Année de construction (Excel): 2014 in range 2010-2016 -> 2.0 pts
  Processing: Garage (Source: Excel, Category: Non-négociables)
    Found 2 ranges: [('OUI', 5.0), ('Non', 0.0)]
      Comparing 'Non' vs 'OUI'
      Comparing 'Non' vs 'Non'
    Garage (Excel): Non matches Non -> 0.0 pts
    Garage (Excel): Non -> No match found -> 0 pts
  Processing: Pièces (Source: Excel, Category: Non-négociables)
    Found 4 ranges: [('14-25', 8.0), ('10-13', 7.0), ('7-9', 4.0), ('0-6', 1.0)]
      Comparing '9' vs '14-25'
      Comparing '9' vs '10-13'
      Comparing '9' vs '7-9'
    Pièces (Excel): 9 in range 7-9 -> 4.0 pts
  Processing: Date d'app/maj (Source: Excel, Category: Non-négociables)
    Found 3 ranges: [('0-4', 4.0), ('5-8', 3.0), ('9-12', 1.0)]
      Comparing 'depuis 10 jours' vs '0-4'
      Comparing 'depuis 10 jours' vs '5-8'
      Comparing 'depuis 10 jours' vs '9-12'
    Date d'app/maj (Excel): depuis 10 jours in range 9-12 -> 1.0 pts
  Processing: Secteur (Source: Excel, Category: Non-négociables)
    Found 4 ranges: [('Vieux-Longueuil', 9.0), ('Greenfield Park', 4.0), ('Saint-Hubert', 7.0), ('Brossard', 6.0)]
      Comparing 'Brossard' vs 'Vieux-Longueuil'
      Comparing 'Brossard' vs 'Greenfield Park'
      Comparing 'Brossard' vs 'Saint-Hubert'
      Comparing 'Brossard' vs 'Brossard'
    Secteur (Excel): Brossard matches Brossard -> 6.0 pts
  Processing: DollardDistance (Source: Excel, Category: Non-négociables)
    Found 4 ranges: [('0-10', 3.0), ('11-15', 2.0), ('16-20', 1.0), ('21+', 0.0)]
      Comparing '15' vs '0-10'
      Comparing '15' vs '11-15'
    DollardDistance (Excel): 15 in range 11-15 -> 2.0 pts
  Processing: WalkScore (Source: Excel, Category: Non-négociables)
    Found 4 ranges: [('80-100', 2.0), ('60-79', 1.5), ('40-59', 1.0), ('<40', 0.0)]
      Comparing '62' vs '80-100'
      Comparing '62' vs '60-79'
    WalkScore (Excel): 62 in range 60-79 -> 1.5 pts
  Processing: SuperficieDuterrain (Source: Excel, Category: Non-négociables)
    Found 5 ranges: [('7000-15000 pc', 6.0), ('5500-6999 pc', 5.0), ('4500-5499 pc', 4.0), ('3500-4499 pc', 2.0), ('0-3499 pc', 1.0)]
      Comparing '5 915 pc' vs '7000-15000 pc'
      Comparing '5 915 pc' vs '5500-6999 pc'
    SuperficieDuterrain (Excel): 5 915 pc in range 5500-6999 pc -> 5.0 pts
  Non-négociables category total: 10.0 + 5.0 + 7.0 + 2.0 + 0.0 + 4.0 + 1.0 + 6.0 + 2.0 + 1.5 + 5.0 = 43.5
  Processing: Superficie habitable (Source: HTML, Category: Souhaits importants)
    Found 3 ranges: [('1200-2500 pi²', 4.0), ('1000-1199 pi²', 3.0), ('0-1000 pi²', 1.0)]
    Superficie habitable (HTML): non spécifiée -> 0.0 pts
  Processing: Fenestration/Orientation (Source: HTML, Category: Souhaits importants)
    Found 2 ranges: [('Façade Sud/Sud-Est + pièces bien orientées', 3.0), ('Partiel', 2.0)]
    Fenestration/Orientation (HTML): Information non disponible dans le contenu HTML fourni -> 0.0 pts
  Processing: Énergie/Chauffage (Source: Excel, Category: Souhaits importants)
    Found 2 ranges: [('Électricité', 2.0), ('Autre', 0.0)]
      Comparing 'Électricité' vs 'Électricité'
    Énergie/Chauffage (Excel): Électricité matches Électricité -> 2.0 pts
  Processing: Stationnement (Allée) (Source: HTML, Category: Souhaits importants)
    Found 3 ranges: [('2+ places', 2.0), ('1 place', 1.0), ('Aucune', 0.0)]
    Stationnement (Allée) (HTML): Non trouvé dans le contenu HTML fourni -> 0.0 pts
  Processing: Isolation/Résilience hiver (Source: HTML, Category: Souhaits importants)
    Found 3 ranges: [('Toiture récente + isolation optimale', 3.0), ('Bon', 2.0), ('Moyen', 1.0)]
    Isolation/Résilience hiver (HTML): Information non disponible dans le contenu HTML fourni -> 0.0 pts
  Processing: Date d'emménagement (Source: HTML, Category: Souhaits importants)
    Found 2 ranges: [('Avant avril 2026', 2.0), ('Avant juillet 2026', 1.0)]
    Date d'emménagement (HTML): Non spécifiée -> 0.0 pts
  Processing: Aménagement intérieur (Source: HTML, Category: Souhaits importants)
    Found 2 ranges: [('Cuisine moderne + sous-sol aménagé + matériaux qualité', 3.0), ('Partiel', 2.0)]
    Aménagement intérieur (HTML): Information insuffisante - le contenu HTML fourni ne contient que les métadonnées (head) sans la description détaillée de l'aménagement intérieur, cuisine ou sous-sol -> 0.0 pts
  Processing: Espace rangement (Source: HTML, Category: Souhaits importants)
    Found 3 ranges: [('Cabanon ET sous-sol', 2.0), ('Un des deux', 1.0), ('Aucun', 0.0)]
    Espace rangement (HTML): Information non disponible dans le contenu HTML fourni -> 0.0 pts
  Processing: Zone gazon/jardin (Source: HTML, Category: Souhaits importants)
    Found 3 ranges: [('Jardin aménagé', 2.0), ('Gazon simple', 1.0), ('Aucun', 0.0)]
    Zone gazon/jardin (HTML): Non mentionné -> 0.0 pts
  Processing: SDB + SE (Source: Excel, Category: Souhaits importants)
    Found 3 ranges: [("2 SDB + 1 salle d'eau", 1.0), ("1 SDB + 1 salle d'eau", 0.5), ('Moins', 0.0)]
      Comparing '2+0' vs '2 SDB + 1 salle d'eau'
      Comparing '2+0' vs '1 SDB + 1 salle d'eau'
      Comparing '2+0' vs 'Moins'
    SDB + SE (Excel): 2+0 -> No match found -> 0 pts
  Processing: Foyer-Poêle (Source: Excel, Category: Souhaits importants)
    Found 3 ranges: [('Foyer/poêle au bois installé', 1.0), ('Préparation', 0.5), ('Aucun', 0.0)]
      Comparing 'Oui' vs 'Foyer/poêle au bois installé'
      Comparing 'Oui' vs 'Préparation'
      Comparing 'Oui' vs 'Aucun'
    Foyer-Poêle (Excel): Oui -> No match found -> 0 pts
  Souhaits importants category total: 0.0 + 0.0 + 2.0 + 0.0 + 0.0 + 0.0 + 0.0 + 0.0 + 0.0 + 0.0 + 0.0 = 2.0
  Processing: Piscine (Source: Excel, Category: Souhaits secondaires)
    Found 2 ranges: [('OUI', 1.0), ('NON', 0.0)]
      Comparing 'Non' vs 'OUI'
      Comparing 'Non' vs 'NON'
    Piscine (Excel): Non matches NON -> 0.0 pts
    Piscine (Excel): Non -> No match found -> 0 pts
  Processing: Calme et sécurité (Source: HTML, Category: Souhaits secondaires)
    Found 3 ranges: [('Quartier très calme', 2.0), ('Calme', 1.0), ('Bruyant', 0.0)]
    Calme et sécurité (HTML): Information non disponible dans le contenu HTML fourni -> 0.0 pts
  Processing: Proximité parcs (Source: HTML, Category: Souhaits secondaires)
    Found 3 ranges: [('<5 min marche', 1.0), ('5-10 min', 0.5), ('Loin', 0.0)]
    Proximité parcs (HTML): Information non disponible -> 0.0 pts
  Processing: Potentiel de revente (Source: HTML, Category: Souhaits secondaires)
    Found 3 ranges: [('Fort potentiel', 2.0), ('Moyen', 1.0), ('Faible', 0.0)]
    Potentiel de revente (HTML): Fort potentiel - Brossard, maison plain-pied, secteur recherché Rive-Sud de Montréal, proche transports et services -> 2.0 pts
  Processing: Flexibilité (Source: HTML, Category: Souhaits secondaires)
    Found 2 ranges: [('Possibilité agrandir/louer/duplex', 1.0), ('Limité', 0.5)]
    Flexibilité (HTML): Aucune information sur flexibilité (agrandir/louer/duplex) - Maison de plain-pied standard -> 0.0 pts
  Processing: Électroménagers inclus (Source: HTML, Category: Souhaits secondaires)
    Found 3 ranges: [('5 électros inclus', 0.5), ('Partiel', 0.25), ('Aucun', 0.0)]
    Électroménagers inclus (HTML): Information non disponible dans le contenu HTML fourni -> 0.0 pts
  Processing: Transports en commun (Source: HTML, Category: Souhaits secondaires)
    Found 3 ranges: [('REM accessible <10 min', 1.0), ('Bus proche', 0.5), ('Loin', 0.0)]
    Transports en commun (HTML): Information non disponible dans le contenu HTML fourni -> 0.0 pts
  Processing: Air climatisé mural (Source: HTML, Category: Souhaits secondaires)
    Found 2 ranges: [('Installé', 0.5), ('Aucun', 0.0)]
    Air climatisé mural (HTML): Non mentionné dans le contenu fourni -> 0.0 pts
  Processing: Extras (Source: HTML, Category: Souhaits secondaires)
    Found 3 ranges: [('Terrasse + foyer + garantie GCR', 1.0), ('Partiel', 0.5), ('Aucun', 0.0)]
    Extras (HTML): Information insuffisante dans le HTML fourni -> 0.0 pts
  Processing: Décision recommandée (Source: nan, Category: Souhaits secondaires)
    Found 0 ranges: []
  Processing: 🟢 EXCELLENT - Propriété idéale, à visiter en priorité (Source: nan, Category: Souhaits secondaires)
    Found 0 ranges: []
  Processing: 🟡 TRÈS BON - Correspond bien aux critères, à considérer sérieusement (Source: nan, Category: Souhaits secondaires)
    Found 0 ranges: []
  Processing: 🟠 ACCEPTABLE - Compromis nécessaires, analyser les manques (Source: nan, Category: Souhaits secondaires)
    Found 0 ranges: []
  Processing: 🔴 LIMITE - Manques importants, à reconsidérer (Source: nan, Category: Souhaits secondaires)
    Found 0 ranges: []
  Processing: ⛔ À REJETER - Ne correspond pas aux besoins (Source: nan, Category: Souhaits secondaires)
    Found 0 ranges: []
  Processing: ✓ Obligatoire - Vérifier certificat de localisation (Source: nan, Category: Souhaits secondaires)
    Found 0 ranges: []
  Souhaits secondaires category total: 0.0 + 0.0 + 0.0 + 2.0 + 0.0 + 0.0 + 0.0 + 0.0 + 0.0 + 0.0 + 0.0 + 0.0 + 0.0 + 0.0 + 0.0 + 0.0 = 2.0
  Criteria processed by category: {'Non-négociables': 11, 'Souhaits importants': 11, 'Souhaits secondaires': 16}
  Non-négociables: 10.0 + 5.0 + 7.0 + 2.0 + 0.0 + 4.0 + 1.0 + 6.0 + 2.0 + 1.5 + 5.0 = 43.5
  Souhaits importants: 0.0 + 0.0 + 2.0 + 0.0 + 0.0 + 0.0 + 0.0 + 0.0 + 0.0 + 0.0 + 0.0 = 2.0
  Souhaits secondaires: 0.0 + 0.0 + 0.0 + 2.0 + 0.0 + 0.0 + 0.0 + 0.0 + 0.0 + 0.0 + 0.0 + 0.0 + 0.0 + 0.0 + 0.0 + 0.0 = 2.0
  TOTAL: 47.5

centris no 28956420:
Total criteria rows to process: 121
  Processing: Prix (Source: Excel, Category: Non-négociables)
    Found 6 ranges: [('820 000 $-850 000 $', 7.0), ('800 000 $-820 000 $', 9.0), ('750 000 $-800 000 $', 10.0), ('700 000 $-750 000 $', 9.0), ('650 000 $-700 000 $', 5.0), ('400 000 $-650 000 $', 3.0)]
      Comparing '659 000 $' vs '820 000 $-850 000 $'
      Comparing '659 000 $' vs '800 000 $-820 000 $'
      Comparing '659 000 $' vs '750 000 $-800 000 $'
      Comparing '659 000 $' vs '700 000 $-750 000 $'
      Comparing '659 000 $' vs '650 000 $-700 000 $'
    Prix (Excel): 659 000 $ in range 650 000 $-700 000 $ -> 5.0 pts
  Processing: Type de bâtiment (Source: Excel, Category: Non-négociables)
    Found 2 ranges: [('Isolé (détaché)', 5.0), ('NON', 0.0)]
      Comparing 'Isolé (détaché)' vs 'Isolé (détaché)'
    Type de bâtiment (Excel): Isolé (détaché) matches Isolé (détaché) -> 5.0 pts
  Processing: Style de bâtiment (Source: Excel, Category: Non-négociables)
    Found 3 ranges: [('de plain-pied', 7.0), ('à étages', 6.0), ('Cottage', 4.0)]
      Comparing 'de plain-pied' vs 'de plain-pied'
    Style de bâtiment (Excel): de plain-pied matches de plain-pied -> 7.0 pts
  Processing: Année de construction (Source: Excel, Category: Non-négociables)
    Found 6 ranges: [('2024-2025', 6.0), ('2022-2023', 5.0), ('2020-2021', 4.0), ('2017-2019', 3.0), ('2010-2016', 2.0), ('2000-2009', 1.0)]
      Comparing '2014' vs '2024-2025'
      Comparing '2014' vs '2022-2023'
      Comparing '2014' vs '2020-2021'
      Comparing '2014' vs '2017-2019'
      Comparing '2014' vs '2010-2016'
    Année de construction (Excel): 2014 in range 2010-2016 -> 2.0 pts
  Processing: Garage (Source: Excel, Category: Non-négociables)
    Found 2 ranges: [('OUI', 5.0), ('Non', 0.0)]
      Comparing 'Non' vs 'OUI'
      Comparing 'Non' vs 'Non'
    Garage (Excel): Non matches Non -> 0.0 pts
    Garage (Excel): Non -> No match found -> 0 pts
  Processing: Pièces (Source: Excel, Category: Non-négociables)
    Found 4 ranges: [('14-25', 8.0), ('10-13', 7.0), ('7-9', 4.0), ('0-6', 1.0)]
      Comparing '12' vs '14-25'
      Comparing '12' vs '10-13'
    Pièces (Excel): 12 in range 10-13 -> 7.0 pts
  Processing: Date d'app/maj (Source: Excel, Category: Non-négociables)
    Found 3 ranges: [('0-4', 4.0), ('5-8', 3.0), ('9-12', 1.0)]
      Comparing 'depuis 11 jours' vs '0-4'
      Comparing 'depuis 11 jours' vs '5-8'
      Comparing 'depuis 11 jours' vs '9-12'
    Date d'app/maj (Excel): depuis 11 jours in range 9-12 -> 1.0 pts
  Processing: Secteur (Source: Excel, Category: Non-négociables)
    Found 4 ranges: [('Vieux-Longueuil', 9.0), ('Greenfield Park', 4.0), ('Saint-Hubert', 7.0), ('Brossard', 6.0)]
      Comparing 'Le Vieux-Longueuil' vs 'Vieux-Longueuil'
      Comparing 'Le Vieux-Longueuil' vs 'Greenfield Park'
      Comparing 'Le Vieux-Longueuil' vs 'Saint-Hubert'
      Comparing 'Le Vieux-Longueuil' vs 'Brossard'
    Secteur (Excel): Le Vieux-Longueuil -> No match found -> 0 pts
  Processing: DollardDistance (Source: Excel, Category: Non-négociables)
    Found 4 ranges: [('0-10', 3.0), ('11-15', 2.0), ('16-20', 1.0), ('21+', 0.0)]
      Comparing '4' vs '0-10'
    DollardDistance (Excel): 4 in range 0-10 -> 3.0 pts
  Processing: WalkScore (Source: Excel, Category: Non-négociables)
    Found 4 ranges: [('80-100', 2.0), ('60-79', 1.5), ('40-59', 1.0), ('<40', 0.0)]
      Comparing '89' vs '80-100'
    WalkScore (Excel): 89 in range 80-100 -> 2.0 pts
  Processing: SuperficieDuterrain (Source: Excel, Category: Non-négociables)
    Found 5 ranges: [('7000-15000 pc', 6.0), ('5500-6999 pc', 5.0), ('4500-5499 pc', 4.0), ('3500-4499 pc', 2.0), ('0-3499 pc', 1.0)]
      Comparing '4 940 pc' vs '7000-15000 pc'
      Comparing '4 940 pc' vs '5500-6999 pc'
      Comparing '4 940 pc' vs '4500-5499 pc'
    SuperficieDuterrain (Excel): 4 940 pc in range 4500-5499 pc -> 4.0 pts
  Non-négociables category total: 5.0 + 5.0 + 7.0 + 2.0 + 0.0 + 7.0 + 1.0 + 0.0 + 3.0 + 2.0 + 4.0 = 36.0
  Processing: Superficie habitable (Source: HTML, Category: Souhaits importants)
    Found 3 ranges: [('1200-2500 pi²', 4.0), ('1000-1199 pi²', 3.0), ('0-1000 pi²', 1.0)]
    Superficie habitable (HTML): Non trouvée -> 0.0 pts
  Processing: Fenestration/Orientation (Source: HTML, Category: Souhaits importants)
    Found 2 ranges: [('Façade Sud/Sud-Est + pièces bien orientées', 3.0), ('Partiel', 2.0)]
    Fenestration/Orientation (HTML): Information non disponible - contenu HTML tronqué (uniquement en-tête) -> 0.0 pts
  Processing: Énergie/Chauffage (Source: Excel, Category: Souhaits importants)
    Found 2 ranges: [('Électricité', 2.0), ('Autre', 0.0)]
      Comparing 'Électricité' vs 'Électricité'
    Énergie/Chauffage (Excel): Électricité matches Électricité -> 2.0 pts
  Processing: Stationnement (Allée) (Source: HTML, Category: Souhaits importants)
    Found 3 ranges: [('2+ places', 2.0), ('1 place', 1.0), ('Aucune', 0.0)]
    Stationnement (Allée) (HTML): Information non disponible -> 0.0 pts
  Processing: Isolation/Résilience hiver (Source: HTML, Category: Souhaits importants)
    Found 3 ranges: [('Toiture récente + isolation optimale', 3.0), ('Bon', 2.0), ('Moyen', 1.0)]
    Isolation/Résilience hiver (HTML): Aucune information sur l'isolation ou la toiture - contenu HTML tronqué (uniquement en-tête de page) -> 0.0 pts
  Processing: Date d'emménagement (Source: HTML, Category: Souhaits importants)
    Found 2 ranges: [('Avant avril 2026', 2.0), ('Avant juillet 2026', 1.0)]
    Date d'emménagement (HTML): Non trouvée dans le contenu HTML fourni -> 0.0 pts
  Processing: Aménagement intérieur (Source: HTML, Category: Souhaits importants)
    Found 2 ranges: [('Cuisine moderne + sous-sol aménagé + matériaux qualité', 3.0), ('Partiel', 2.0)]
    Aménagement intérieur (HTML): Contenu HTML incomplet - aucune information sur l'aménagement intérieur visible (cuisine, sous-sol, matériaux) -> 0.0 pts
  Processing: Espace rangement (Source: HTML, Category: Souhaits importants)
    Found 3 ranges: [('Cabanon ET sous-sol', 2.0), ('Un des deux', 1.0), ('Aucun', 0.0)]
    Espace rangement (HTML): Information non disponible dans le contenu HTML fourni -> 0.0 pts
  Processing: Zone gazon/jardin (Source: HTML, Category: Souhaits importants)
    Found 3 ranges: [('Jardin aménagé', 2.0), ('Gazon simple', 1.0), ('Aucun', 0.0)]
    Zone gazon/jardin (HTML): Information non disponible -> 0.0 pts
  Processing: SDB + SE (Source: Excel, Category: Souhaits importants)
    Found 3 ranges: [("2 SDB + 1 salle d'eau", 1.0), ("1 SDB + 1 salle d'eau", 0.5), ('Moins', 0.0)]
      Comparing '2+0' vs '2 SDB + 1 salle d'eau'
      Comparing '2+0' vs '1 SDB + 1 salle d'eau'
      Comparing '2+0' vs 'Moins'
    SDB + SE (Excel): 2+0 -> No match found -> 0 pts
  Processing: Foyer-Poêle (Source: Excel, Category: Souhaits importants)
    Found 3 ranges: [('Foyer/poêle au bois installé', 1.0), ('Préparation', 0.5), ('Aucun', 0.0)]
      Comparing 'Non' vs 'Foyer/poêle au bois installé'
      Comparing 'Non' vs 'Préparation'
      Comparing 'Non' vs 'Aucun'
    Foyer-Poêle (Excel): Non -> No match found -> 0 pts
  Souhaits importants category total: 0.0 + 0.0 + 2.0 + 0.0 + 0.0 + 0.0 + 0.0 + 0.0 + 0.0 + 0.0 + 0.0 = 2.0
  Processing: Piscine (Source: Excel, Category: Souhaits secondaires)
    Found 2 ranges: [('OUI', 1.0), ('NON', 0.0)]
      Comparing 'Non' vs 'OUI'
      Comparing 'Non' vs 'NON'
    Piscine (Excel): Non matches NON -> 0.0 pts
    Piscine (Excel): Non -> No match found -> 0 pts
  Processing: Calme et sécurité (Source: HTML, Category: Souhaits secondaires)
    Found 3 ranges: [('Quartier très calme', 2.0), ('Calme', 1.0), ('Bruyant', 0.0)]
    Calme et sécurité (HTML): Information non disponible - contenu HTML tronqué (uniquement en-tête) -> 0.0 pts
  Processing: Proximité parcs (Source: HTML, Category: Souhaits secondaires)
    Found 3 ranges: [('<5 min marche', 1.0), ('5-10 min', 0.5), ('Loin', 0.0)]
    Proximité parcs (HTML): Information non disponible - contenu HTML tronqué -> 0.0 pts
  Processing: Potentiel de revente (Source: HTML, Category: Souhaits secondaires)
    Found 3 ranges: [('Fort potentiel', 2.0), ('Moyen', 1.0), ('Faible', 0.0)]
    Potentiel de revente (HTML): Information non disponible - contenu HTML insuffisant -> 0.0 pts
  Processing: Flexibilité (Source: HTML, Category: Souhaits secondaires)
    Found 2 ranges: [('Possibilité agrandir/louer/duplex', 1.0), ('Limité', 0.5)]
    Flexibilité (HTML): Aucune information sur la flexibilité (agrandir/louer/duplex) - contenu HTML tronqué, seulement l'en-tête visible -> 0.0 pts
  Processing: Électroménagers inclus (Source: HTML, Category: Souhaits secondaires)
    Found 3 ranges: [('5 électros inclus', 0.5), ('Partiel', 0.25), ('Aucun', 0.0)]
    Électroménagers inclus (HTML): Information non disponible dans le contenu HTML fourni -> 0.0 pts
  Processing: Transports en commun (Source: HTML, Category: Souhaits secondaires)
    Found 3 ranges: [('REM accessible <10 min', 1.0), ('Bus proche', 0.5), ('Loin', 0.0)]
    Transports en commun (HTML): Information non disponible - contenu HTML tronqué, aucune mention du REM ou transports en commun -> 0.0 pts
  Processing: Air climatisé mural (Source: HTML, Category: Souhaits secondaires)
    Found 2 ranges: [('Installé', 0.5), ('Aucun', 0.0)]
    Air climatisé mural (HTML): Information non disponible (HTML tronqué) -> 0.0 pts
  Processing: Extras (Source: HTML, Category: Souhaits secondaires)
    Found 3 ranges: [('Terrasse + foyer + garantie GCR', 1.0), ('Partiel', 0.5), ('Aucun', 0.0)]
    Extras (HTML): Contenu HTML incomplet - impossible de vérifier la présence de Terrasse, foyer et garantie GCR -> 0.0 pts
  Processing: Décision recommandée (Source: nan, Category: Souhaits secondaires)
    Found 0 ranges: []
  Processing: 🟢 EXCELLENT - Propriété idéale, à visiter en priorité (Source: nan, Category: Souhaits secondaires)
    Found 0 ranges: []
  Processing: 🟡 TRÈS BON - Correspond bien aux critères, à considérer sérieusement (Source: nan, Category: Souhaits secondaires)
    Found 0 ranges: []
  Processing: 🟠 ACCEPTABLE - Compromis nécessaires, analyser les manques (Source: nan, Category: Souhaits secondaires)
    Found 0 ranges: []
  Processing: 🔴 LIMITE - Manques importants, à reconsidérer (Source: nan, Category: Souhaits secondaires)
    Found 0 ranges: []
  Processing: ⛔ À REJETER - Ne correspond pas aux besoins (Source: nan, Category: Souhaits secondaires)
    Found 0 ranges: []
  Processing: ✓ Obligatoire - Vérifier certificat de localisation (Source: nan, Category: Souhaits secondaires)
    Found 0 ranges: []
  Souhaits secondaires category total: 0.0 + 0.0 + 0.0 + 0.0 + 0.0 + 0.0 + 0.0 + 0.0 + 0.0 + 0.0 + 0.0 + 0.0 + 0.0 + 0.0 + 0.0 + 0.0 = 0.0
  Criteria processed by category: {'Non-négociables': 11, 'Souhaits importants': 11, 'Souhaits secondaires': 16}
  Non-négociables: 5.0 + 5.0 + 7.0 + 2.0 + 0.0 + 7.0 + 1.0 + 0.0 + 3.0 + 2.0 + 4.0 = 36.0
  Souhaits importants: 0.0 + 0.0 + 2.0 + 0.0 + 0.0 + 0.0 + 0.0 + 0.0 + 0.0 + 0.0 + 0.0 = 2.0
  Souhaits secondaires: 0.0 + 0.0 + 0.0 + 0.0 + 0.0 + 0.0 + 0.0 + 0.0 + 0.0 + 0.0 + 0.0 + 0.0 + 0.0 + 0.0 + 0.0 + 0.0 = 0.0
  TOTAL: 38.0

centris no 26451970:
Total criteria rows to process: 121
  Processing: Prix (Source: Excel, Category: Non-négociables)
    Found 6 ranges: [('820 000 $-850 000 $', 7.0), ('800 000 $-820 000 $', 9.0), ('750 000 $-800 000 $', 10.0), ('700 000 $-750 000 $', 9.0), ('650 000 $-700 000 $', 5.0), ('400 000 $-650 000 $', 3.0)]
      Comparing '849 800 $' vs '820 000 $-850 000 $'
    Prix (Excel): 849 800 $ in range 820 000 $-850 000 $ -> 7.0 pts
  Processing: Type de bâtiment (Source: Excel, Category: Non-négociables)
    Found 2 ranges: [('Isolé (détaché)', 5.0), ('NON', 0.0)]
      Comparing 'Isolé (détaché)' vs 'Isolé (détaché)'
    Type de bâtiment (Excel): Isolé (détaché) matches Isolé (détaché) -> 5.0 pts
  Processing: Style de bâtiment (Source: Excel, Category: Non-négociables)
    Found 3 ranges: [('de plain-pied', 7.0), ('à étages', 6.0), ('Cottage', 4.0)]
      Comparing 'à étages' vs 'de plain-pied'
      Comparing 'à étages' vs 'à étages'
    Style de bâtiment (Excel): à étages matches à étages -> 6.0 pts
  Processing: Année de construction (Source: Excel, Category: Non-négociables)
    Found 6 ranges: [('2024-2025', 6.0), ('2022-2023', 5.0), ('2020-2021', 4.0), ('2017-2019', 3.0), ('2010-2016', 2.0), ('2000-2009', 1.0)]
      Comparing '2011' vs '2024-2025'
      Comparing '2011' vs '2022-2023'
      Comparing '2011' vs '2020-2021'
      Comparing '2011' vs '2017-2019'
      Comparing '2011' vs '2010-2016'
    Année de construction (Excel): 2011 in range 2010-2016 -> 2.0 pts
  Processing: Garage (Source: Excel, Category: Non-négociables)
    Found 2 ranges: [('OUI', 5.0), ('Non', 0.0)]
      Comparing 'Non' vs 'OUI'
      Comparing 'Non' vs 'Non'
    Garage (Excel): Non matches Non -> 0.0 pts
    Garage (Excel): Non -> No match found -> 0 pts
  Processing: Pièces (Source: Excel, Category: Non-négociables)
    Found 4 ranges: [('14-25', 8.0), ('10-13', 7.0), ('7-9', 4.0), ('0-6', 1.0)]
      Comparing '11' vs '14-25'
      Comparing '11' vs '10-13'
    Pièces (Excel): 11 in range 10-13 -> 7.0 pts
  Processing: Date d'app/maj (Source: Excel, Category: Non-négociables)
    Found 3 ranges: [('0-4', 4.0), ('5-8', 3.0), ('9-12', 1.0)]
      Comparing 'depuis 11 jours' vs '0-4'
      Comparing 'depuis 11 jours' vs '5-8'
      Comparing 'depuis 11 jours' vs '9-12'
    Date d'app/maj (Excel): depuis 11 jours in range 9-12 -> 1.0 pts
  Processing: Secteur (Source: Excel, Category: Non-négociables)
    Found 4 ranges: [('Vieux-Longueuil', 9.0), ('Greenfield Park', 4.0), ('Saint-Hubert', 7.0), ('Brossard', 6.0)]
      Comparing 'Saint-Hubert' vs 'Vieux-Longueuil'
      Comparing 'Saint-Hubert' vs 'Greenfield Park'
      Comparing 'Saint-Hubert' vs 'Saint-Hubert'
    Secteur (Excel): Saint-Hubert matches Saint-Hubert -> 7.0 pts
  Processing: DollardDistance (Source: Excel, Category: Non-négociables)
    Found 4 ranges: [('0-10', 3.0), ('11-15', 2.0), ('16-20', 1.0), ('21+', 0.0)]
      Comparing '18' vs '0-10'
      Comparing '18' vs '11-15'
      Comparing '18' vs '16-20'
    DollardDistance (Excel): 18 in range 16-20 -> 1.0 pts
  Processing: WalkScore (Source: Excel, Category: Non-négociables)
    Found 4 ranges: [('80-100', 2.0), ('60-79', 1.5), ('40-59', 1.0), ('<40', 0.0)]
      Comparing '32' vs '80-100'
      Comparing '32' vs '60-79'
      Comparing '32' vs '40-59'
      Comparing '32' vs '<40'
    WalkScore (Excel): 32 -> No match found -> 0 pts
  Processing: SuperficieDuterrain (Source: Excel, Category: Non-négociables)
    Found 5 ranges: [('7000-15000 pc', 6.0), ('5500-6999 pc', 5.0), ('4500-5499 pc', 4.0), ('3500-4499 pc', 2.0), ('0-3499 pc', 1.0)]
      Comparing '4 855 pc' vs '7000-15000 pc'
      Comparing '4 855 pc' vs '5500-6999 pc'
      Comparing '4 855 pc' vs '4500-5499 pc'
    SuperficieDuterrain (Excel): 4 855 pc in range 4500-5499 pc -> 4.0 pts
  Non-négociables category total: 7.0 + 5.0 + 6.0 + 2.0 + 0.0 + 7.0 + 1.0 + 7.0 + 1.0 + 0.0 + 4.0 = 40.0
  Processing: Superficie habitable (Source: HTML, Category: Souhaits importants)
    Found 3 ranges: [('1200-2500 pi²', 4.0), ('1000-1199 pi²', 3.0), ('0-1000 pi²', 1.0)]
    Superficie habitable (HTML): Non trouvée -> 0.0 pts
  Processing: Fenestration/Orientation (Source: HTML, Category: Souhaits importants)
    Found 2 ranges: [('Façade Sud/Sud-Est + pièces bien orientées', 3.0), ('Partiel', 2.0)]
    Fenestration/Orientation (HTML): Information non disponible dans le contenu HTML fourni -> 0.0 pts
  Processing: Énergie/Chauffage (Source: Excel, Category: Souhaits importants)
    Found 2 ranges: [('Électricité', 2.0), ('Autre', 0.0)]
      Comparing 'Électricité' vs 'Électricité'
    Énergie/Chauffage (Excel): Électricité matches Électricité -> 2.0 pts
  Processing: Stationnement (Allée) (Source: HTML, Category: Souhaits importants)
    Found 3 ranges: [('2+ places', 2.0), ('1 place', 1.0), ('Aucune', 0.0)]
    Stationnement (Allée) (HTML): Non spécifié dans le contenu fourni -> 0.0 pts
  Processing: Isolation/Résilience hiver (Source: HTML, Category: Souhaits importants)
    Found 3 ranges: [('Toiture récente + isolation optimale', 3.0), ('Bon', 2.0), ('Moyen', 1.0)]
    Isolation/Résilience hiver (HTML): Information non disponible dans le contenu HTML fourni -> 0.0 pts
  Processing: Date d'emménagement (Source: HTML, Category: Souhaits importants)
    Found 2 ranges: [('Avant avril 2026', 2.0), ('Avant juillet 2026', 1.0)]
    Date d'emménagement (HTML): Non spécifiée dans le contenu fourni -> 0.0 pts
  Processing: Aménagement intérieur (Source: HTML, Category: Souhaits importants)
    Found 2 ranges: [('Cuisine moderne + sous-sol aménagé + matériaux qualité', 3.0), ('Partiel', 2.0)]
    Aménagement intérieur (HTML): Information insuffisante - le HTML fourni ne contient que les métadonnées de la page, pas le contenu détaillé de l'annonce -> 0.0 pts
  Processing: Espace rangement (Source: HTML, Category: Souhaits importants)
    Found 3 ranges: [('Cabanon ET sous-sol', 2.0), ('Un des deux', 1.0), ('Aucun', 0.0)]
    Espace rangement (HTML): Information non disponible dans le contenu HTML fourni -> 0.0 pts
  Processing: Zone gazon/jardin (Source: HTML, Category: Souhaits importants)
    Found 3 ranges: [('Jardin aménagé', 2.0), ('Gazon simple', 1.0), ('Aucun', 0.0)]
    Zone gazon/jardin (HTML): Information non disponible dans le contenu HTML fourni -> 0.0 pts
  Processing: SDB + SE (Source: Excel, Category: Souhaits importants)
    Found 3 ranges: [("2 SDB + 1 salle d'eau", 1.0), ("1 SDB + 1 salle d'eau", 0.5), ('Moins', 0.0)]
      Comparing '2+1' vs '2 SDB + 1 salle d'eau'
      Comparing '2+1' vs '1 SDB + 1 salle d'eau'
      Comparing '2+1' vs 'Moins'
    SDB + SE (Excel): 2+1 -> No match found -> 0 pts
  Processing: Foyer-Poêle (Source: Excel, Category: Souhaits importants)
    Found 3 ranges: [('Foyer/poêle au bois installé', 1.0), ('Préparation', 0.5), ('Aucun', 0.0)]
      Comparing 'Non' vs 'Foyer/poêle au bois installé'
      Comparing 'Non' vs 'Préparation'
      Comparing 'Non' vs 'Aucun'
    Foyer-Poêle (Excel): Non -> No match found -> 0 pts
  Souhaits importants category total: 0.0 + 0.0 + 2.0 + 0.0 + 0.0 + 0.0 + 0.0 + 0.0 + 0.0 + 0.0 + 0.0 = 2.0
  Processing: Piscine (Source: Excel, Category: Souhaits secondaires)
    Found 2 ranges: [('OUI', 1.0), ('NON', 0.0)]
      Comparing 'Non' vs 'OUI'
      Comparing 'Non' vs 'NON'
    Piscine (Excel): Non matches NON -> 0.0 pts
    Piscine (Excel): Non -> No match found -> 0 pts
  Processing: Calme et sécurité (Source: HTML, Category: Souhaits secondaires)
    Found 3 ranges: [('Quartier très calme', 2.0), ('Calme', 1.0), ('Bruyant', 0.0)]
    Calme et sécurité (HTML): Information non disponible -> 0.0 pts
  Processing: Proximité parcs (Source: HTML, Category: Souhaits secondaires)
    Found 3 ranges: [('<5 min marche', 1.0), ('5-10 min', 0.5), ('Loin', 0.0)]
    Proximité parcs (HTML): Information non disponible -> 0.0 pts
  Processing: Potentiel de revente (Source: HTML, Category: Souhaits secondaires)
    Found 3 ranges: [('Fort potentiel', 2.0), ('Moyen', 1.0), ('Faible', 0.0)]
    Potentiel de revente (HTML): Fort potentiel - Maison à étages à Longueuil (Saint-Hubert), secteur Westley, quartier résidentiel recherché de la Rive-Sud de Montréal -> 2.0 pts
  Processing: Flexibilité (Source: HTML, Category: Souhaits secondaires)
    Found 2 ranges: [('Possibilité agrandir/louer/duplex', 1.0), ('Limité', 0.5)]
    Flexibilité (HTML): Aucune information sur flexibilité (agrandir/louer/duplex) dans le contenu HTML fourni -> 0.0 pts
  Processing: Électroménagers inclus (Source: HTML, Category: Souhaits secondaires)
    Found 3 ranges: [('5 électros inclus', 0.5), ('Partiel', 0.25), ('Aucun', 0.0)]
    Électroménagers inclus (HTML): Information non disponible dans le contenu HTML fourni -> 0.0 pts
  Processing: Transports en commun (Source: HTML, Category: Souhaits secondaires)
    Found 3 ranges: [('REM accessible <10 min', 1.0), ('Bus proche', 0.5), ('Loin', 0.0)]
    Transports en commun (HTML): Aucune information sur les transports en commun ou le REM dans le contenu fourni -> 0.0 pts
  Processing: Air climatisé mural (Source: HTML, Category: Souhaits secondaires)
    Found 2 ranges: [('Installé', 0.5), ('Aucun', 0.0)]
    Air climatisé mural (HTML): Non mentionné -> 0.0 pts
  Processing: Extras (Source: HTML, Category: Souhaits secondaires)
    Found 3 ranges: [('Terrasse + foyer + garantie GCR', 1.0), ('Partiel', 0.5), ('Aucun', 0.0)]
    Extras (HTML): Information insuffisante dans le HTML fourni -> 0.0 pts
  Processing: Décision recommandée (Source: nan, Category: Souhaits secondaires)
    Found 0 ranges: []
  Processing: 🟢 EXCELLENT - Propriété idéale, à visiter en priorité (Source: nan, Category: Souhaits secondaires)
    Found 0 ranges: []
  Processing: 🟡 TRÈS BON - Correspond bien aux critères, à considérer sérieusement (Source: nan, Category: Souhaits secondaires)
    Found 0 ranges: []
  Processing: 🟠 ACCEPTABLE - Compromis nécessaires, analyser les manques (Source: nan, Category: Souhaits secondaires)
    Found 0 ranges: []
  Processing: 🔴 LIMITE - Manques importants, à reconsidérer (Source: nan, Category: Souhaits secondaires)
    Found 0 ranges: []
  Processing: ⛔ À REJETER - Ne correspond pas aux besoins (Source: nan, Category: Souhaits secondaires)
    Found 0 ranges: []
  Processing: ✓ Obligatoire - Vérifier certificat de localisation (Source: nan, Category: Souhaits secondaires)
    Found 0 ranges: []
  Souhaits secondaires category total: 0.0 + 0.0 + 0.0 + 2.0 + 0.0 + 0.0 + 0.0 + 0.0 + 0.0 + 0.0 + 0.0 + 0.0 + 0.0 + 0.0 + 0.0 + 0.0 = 2.0
  Criteria processed by category: {'Non-négociables': 11, 'Souhaits importants': 11, 'Souhaits secondaires': 16}
  Non-négociables: 7.0 + 5.0 + 6.0 + 2.0 + 0.0 + 7.0 + 1.0 + 7.0 + 1.0 + 0.0 + 4.0 = 40.0
  Souhaits importants: 0.0 + 0.0 + 2.0 + 0.0 + 0.0 + 0.0 + 0.0 + 0.0 + 0.0 + 0.0 + 0.0 = 2.0
  Souhaits secondaires: 0.0 + 0.0 + 0.0 + 2.0 + 0.0 + 0.0 + 0.0 + 0.0 + 0.0 + 0.0 + 0.0 + 0.0 + 0.0 + 0.0 + 0.0 + 0.0 = 2.0
  TOTAL: 44.0

centris no 27343496:
Total criteria rows to process: 121
  Processing: Prix (Source: Excel, Category: Non-négociables)
    Found 6 ranges: [('820 000 $-850 000 $', 7.0), ('800 000 $-820 000 $', 9.0), ('750 000 $-800 000 $', 10.0), ('700 000 $-750 000 $', 9.0), ('650 000 $-700 000 $', 5.0), ('400 000 $-650 000 $', 3.0)]
      Comparing '799 000 $' vs '820 000 $-850 000 $'
      Comparing '799 000 $' vs '800 000 $-820 000 $'
      Comparing '799 000 $' vs '750 000 $-800 000 $'
    Prix (Excel): 799 000 $ in range 750 000 $-800 000 $ -> 10.0 pts
  Processing: Type de bâtiment (Source: Excel, Category: Non-négociables)
    Found 2 ranges: [('Isolé (détaché)', 5.0), ('NON', 0.0)]
      Comparing 'Isolé (détaché)' vs 'Isolé (détaché)'
    Type de bâtiment (Excel): Isolé (détaché) matches Isolé (détaché) -> 5.0 pts
  Processing: Style de bâtiment (Source: Excel, Category: Non-négociables)
    Found 3 ranges: [('de plain-pied', 7.0), ('à étages', 6.0), ('Cottage', 4.0)]
      Comparing 'à étages' vs 'de plain-pied'
      Comparing 'à étages' vs 'à étages'
    Style de bâtiment (Excel): à étages matches à étages -> 6.0 pts
  Processing: Année de construction (Source: Excel, Category: Non-négociables)
    Found 6 ranges: [('2024-2025', 6.0), ('2022-2023', 5.0), ('2020-2021', 4.0), ('2017-2019', 3.0), ('2010-2016', 2.0), ('2000-2009', 1.0)]
      Comparing '2005' vs '2024-2025'
      Comparing '2005' vs '2022-2023'
      Comparing '2005' vs '2020-2021'
      Comparing '2005' vs '2017-2019'
      Comparing '2005' vs '2010-2016'
      Comparing '2005' vs '2000-2009'
    Année de construction (Excel): 2005 in range 2000-2009 -> 1.0 pts
  Processing: Garage (Source: Excel, Category: Non-négociables)
    Found 2 ranges: [('OUI', 5.0), ('Non', 0.0)]
      Comparing 'Non' vs 'OUI'
      Comparing 'Non' vs 'Non'
    Garage (Excel): Non matches Non -> 0.0 pts
    Garage (Excel): Non -> No match found -> 0 pts
  Processing: Pièces (Source: Excel, Category: Non-négociables)
    Found 4 ranges: [('14-25', 8.0), ('10-13', 7.0), ('7-9', 4.0), ('0-6', 1.0)]
      Comparing '13' vs '14-25'
      Comparing '13' vs '10-13'
    Pièces (Excel): 13 in range 10-13 -> 7.0 pts
  Processing: Date d'app/maj (Source: Excel, Category: Non-négociables)
    Found 3 ranges: [('0-4', 4.0), ('5-8', 3.0), ('9-12', 1.0)]
      Comparing 'depuis 11 jours' vs '0-4'
      Comparing 'depuis 11 jours' vs '5-8'
      Comparing 'depuis 11 jours' vs '9-12'
    Date d'app/maj (Excel): depuis 11 jours in range 9-12 -> 1.0 pts
  Processing: Secteur (Source: Excel, Category: Non-négociables)
    Found 4 ranges: [('Vieux-Longueuil', 9.0), ('Greenfield Park', 4.0), ('Saint-Hubert', 7.0), ('Brossard', 6.0)]
      Comparing 'Brossard' vs 'Vieux-Longueuil'
      Comparing 'Brossard' vs 'Greenfield Park'
      Comparing 'Brossard' vs 'Saint-Hubert'
      Comparing 'Brossard' vs 'Brossard'
    Secteur (Excel): Brossard matches Brossard -> 6.0 pts
  Processing: DollardDistance (Source: Excel, Category: Non-négociables)
    Found 4 ranges: [('0-10', 3.0), ('11-15', 2.0), ('16-20', 1.0), ('21+', 0.0)]
      Comparing '15' vs '0-10'
      Comparing '15' vs '11-15'
    DollardDistance (Excel): 15 in range 11-15 -> 2.0 pts
  Processing: WalkScore (Source: Excel, Category: Non-négociables)
    Found 4 ranges: [('80-100', 2.0), ('60-79', 1.5), ('40-59', 1.0), ('<40', 0.0)]
      Comparing '25' vs '80-100'
      Comparing '25' vs '60-79'
      Comparing '25' vs '40-59'
      Comparing '25' vs '<40'
    WalkScore (Excel): 25 -> No match found -> 0 pts
  Processing: SuperficieDuterrain (Source: Excel, Category: Non-négociables)
    Found 5 ranges: [('7000-15000 pc', 6.0), ('5500-6999 pc', 5.0), ('4500-5499 pc', 4.0), ('3500-4499 pc', 2.0), ('0-3499 pc', 1.0)]
      Comparing '8 047 pc' vs '7000-15000 pc'
    SuperficieDuterrain (Excel): 8 047 pc in range 7000-15000 pc -> 6.0 pts
  Non-négociables category total: 10.0 + 5.0 + 6.0 + 1.0 + 0.0 + 7.0 + 1.0 + 6.0 + 2.0 + 0.0 + 6.0 = 44.0
  Processing: Superficie habitable (Source: HTML, Category: Souhaits importants)
    Found 3 ranges: [('1200-2500 pi²', 4.0), ('1000-1199 pi²', 3.0), ('0-1000 pi²', 1.0)]
    Superficie habitable (HTML): Non trouvée -> 0.0 pts
  Processing: Fenestration/Orientation (Source: HTML, Category: Souhaits importants)
    Found 2 ranges: [('Façade Sud/Sud-Est + pièces bien orientées', 3.0), ('Partiel', 2.0)]
    Fenestration/Orientation (HTML): Aucune information sur la fenestration ou l'orientation -> 0.0 pts
  Processing: Énergie/Chauffage (Source: Excel, Category: Souhaits importants)
    Found 2 ranges: [('Électricité', 2.0), ('Autre', 0.0)]
      Comparing 'Électricité' vs 'Électricité'
    Énergie/Chauffage (Excel): Électricité matches Électricité -> 2.0 pts
  Processing: Stationnement (Allée) (Source: HTML, Category: Souhaits importants)
    Found 3 ranges: [('2+ places', 2.0), ('1 place', 1.0), ('Aucune', 0.0)]
    Stationnement (Allée) (HTML): Information non disponible -> 0.0 pts
  Processing: Isolation/Résilience hiver (Source: HTML, Category: Souhaits importants)
    Found 3 ranges: [('Toiture récente + isolation optimale', 3.0), ('Bon', 2.0), ('Moyen', 1.0)]
    Isolation/Résilience hiver (HTML): Aucune information sur l'isolation ou la toiture disponible dans le contenu HTML fourni -> 0.0 pts
  Processing: Date d'emménagement (Source: HTML, Category: Souhaits importants)
    Found 2 ranges: [('Avant avril 2026', 2.0), ('Avant juillet 2026', 1.0)]
    Date d'emménagement (HTML): Non trouvée -> 0.0 pts
  Processing: Aménagement intérieur (Source: HTML, Category: Souhaits importants)
    Found 2 ranges: [('Cuisine moderne + sous-sol aménagé + matériaux qualité', 3.0), ('Partiel', 2.0)]
    Aménagement intérieur (HTML): Aucune information sur l'aménagement intérieur disponible - page HTML incomplète/vide -> 0.0 pts
  Processing: Espace rangement (Source: HTML, Category: Souhaits importants)
    Found 3 ranges: [('Cabanon ET sous-sol', 2.0), ('Un des deux', 1.0), ('Aucun', 0.0)]
    Espace rangement (HTML): Information non disponible dans le HTML fourni -> 0.0 pts
  Processing: Zone gazon/jardin (Source: HTML, Category: Souhaits importants)
    Found 3 ranges: [('Jardin aménagé', 2.0), ('Gazon simple', 1.0), ('Aucun', 0.0)]
    Zone gazon/jardin (HTML): Information non disponible -> 0.0 pts
  Processing: SDB + SE (Source: Excel, Category: Souhaits importants)
    Found 3 ranges: [("2 SDB + 1 salle d'eau", 1.0), ("1 SDB + 1 salle d'eau", 0.5), ('Moins', 0.0)]
      Comparing '2+1' vs '2 SDB + 1 salle d'eau'
      Comparing '2+1' vs '1 SDB + 1 salle d'eau'
      Comparing '2+1' vs 'Moins'
    SDB + SE (Excel): 2+1 -> No match found -> 0 pts
  Processing: Foyer-Poêle (Source: Excel, Category: Souhaits importants)
    Found 3 ranges: [('Foyer/poêle au bois installé', 1.0), ('Préparation', 0.5), ('Aucun', 0.0)]
      Comparing 'Non' vs 'Foyer/poêle au bois installé'
      Comparing 'Non' vs 'Préparation'
      Comparing 'Non' vs 'Aucun'
    Foyer-Poêle (Excel): Non -> No match found -> 0 pts
  Souhaits importants category total: 0.0 + 0.0 + 2.0 + 0.0 + 0.0 + 0.0 + 0.0 + 0.0 + 0.0 + 0.0 + 0.0 = 2.0
  Processing: Piscine (Source: Excel, Category: Souhaits secondaires)
    Found 2 ranges: [('OUI', 1.0), ('NON', 0.0)]
      Comparing 'Non' vs 'OUI'
      Comparing 'Non' vs 'NON'
    Piscine (Excel): Non matches NON -> 0.0 pts
    Piscine (Excel): Non -> No match found -> 0 pts
  Processing: Calme et sécurité (Source: HTML, Category: Souhaits secondaires)
    Found 3 ranges: [('Quartier très calme', 2.0), ('Calme', 1.0), ('Bruyant', 0.0)]
    Calme et sécurité (HTML): Information non disponible -> 0.0 pts
  Processing: Proximité parcs (Source: HTML, Category: Souhaits secondaires)
    Found 3 ranges: [('<5 min marche', 1.0), ('5-10 min', 0.5), ('Loin', 0.0)]
    Proximité parcs (HTML): Information non disponible -> 0.0 pts
  Processing: Potentiel de revente (Source: HTML, Category: Souhaits secondaires)
    Found 3 ranges: [('Fort potentiel', 2.0), ('Moyen', 1.0), ('Faible', 0.0)]
    Potentiel de revente (HTML): Aucune information disponible - page non chargée/vide -> 0.0 pts
  Processing: Flexibilité (Source: HTML, Category: Souhaits secondaires)
    Found 2 ranges: [('Possibilité agrandir/louer/duplex', 1.0), ('Limité', 0.5)]
    Flexibilité (HTML): Contenu HTML insuffisant - page non chargée complètement, aucune information sur flexibilité/agrandissement/duplex visible -> 0.0 pts
  Processing: Électroménagers inclus (Source: HTML, Category: Souhaits secondaires)
    Found 3 ranges: [('5 électros inclus', 0.5), ('Partiel', 0.25), ('Aucun', 0.0)]
    Électroménagers inclus (HTML): Information non disponible dans le contenu HTML fourni -> 0.0 pts
  Processing: Transports en commun (Source: HTML, Category: Souhaits secondaires)
    Found 3 ranges: [('REM accessible <10 min', 1.0), ('Bus proche', 0.5), ('Loin', 0.0)]
    Transports en commun (HTML): Aucune information sur les transports en commun ou le REM trouvée -> 0.0 pts
  Processing: Air climatisé mural (Source: HTML, Category: Souhaits secondaires)
    Found 2 ranges: [('Installé', 0.5), ('Aucun', 0.0)]
    Air climatisé mural (HTML): None -> 0.0 pts
  Processing: Extras (Source: HTML, Category: Souhaits secondaires)
    Found 3 ranges: [('Terrasse + foyer + garantie GCR', 1.0), ('Partiel', 0.5), ('Aucun', 0.0)]
    Extras (HTML): Contenu HTML insuffisant - page non chargée complètement -> 0.0 pts
  Processing: Décision recommandée (Source: nan, Category: Souhaits secondaires)
    Found 0 ranges: []
  Processing: 🟢 EXCELLENT - Propriété idéale, à visiter en priorité (Source: nan, Category: Souhaits secondaires)
    Found 0 ranges: []
  Processing: 🟡 TRÈS BON - Correspond bien aux critères, à considérer sérieusement (Source: nan, Category: Souhaits secondaires)
    Found 0 ranges: []
  Processing: 🟠 ACCEPTABLE - Compromis nécessaires, analyser les manques (Source: nan, Category: Souhaits secondaires)
    Found 0 ranges: []
  Processing: 🔴 LIMITE - Manques importants, à reconsidérer (Source: nan, Category: Souhaits secondaires)
    Found 0 ranges: []
  Processing: ⛔ À REJETER - Ne correspond pas aux besoins (Source: nan, Category: Souhaits secondaires)
    Found 0 ranges: []
  Processing: ✓ Obligatoire - Vérifier certificat de localisation (Source: nan, Category: Souhaits secondaires)
    Found 0 ranges: []
  Souhaits secondaires category total: 0.0 + 0.0 + 0.0 + 0.0 + 0.0 + 0.0 + 0.0 + 0.0 + 0.0 + 0.0 + 0.0 + 0.0 + 0.0 + 0.0 + 0.0 + 0.0 = 0.0
  Criteria processed by category: {'Non-négociables': 11, 'Souhaits importants': 11, 'Souhaits secondaires': 16}
  Non-négociables: 10.0 + 5.0 + 6.0 + 1.0 + 0.0 + 7.0 + 1.0 + 6.0 + 2.0 + 0.0 + 6.0 = 44.0
  Souhaits importants: 0.0 + 0.0 + 2.0 + 0.0 + 0.0 + 0.0 + 0.0 + 0.0 + 0.0 + 0.0 + 0.0 = 2.0
  Souhaits secondaires: 0.0 + 0.0 + 0.0 + 0.0 + 0.0 + 0.0 + 0.0 + 0.0 + 0.0 + 0.0 + 0.0 + 0.0 + 0.0 + 0.0 + 0.0 + 0.0 = 0.0
  TOTAL: 46.0

centris no 18278673:
Total criteria rows to process: 121
  Processing: Prix (Source: Excel, Category: Non-négociables)
    Found 6 ranges: [('820 000 $-850 000 $', 7.0), ('800 000 $-820 000 $', 9.0), ('750 000 $-800 000 $', 10.0), ('700 000 $-750 000 $', 9.0), ('650 000 $-700 000 $', 5.0), ('400 000 $-650 000 $', 3.0)]
      Comparing '699 000 $' vs '820 000 $-850 000 $'
      Comparing '699 000 $' vs '800 000 $-820 000 $'
      Comparing '699 000 $' vs '750 000 $-800 000 $'
      Comparing '699 000 $' vs '700 000 $-750 000 $'
      Comparing '699 000 $' vs '650 000 $-700 000 $'
    Prix (Excel): 699 000 $ in range 650 000 $-700 000 $ -> 5.0 pts
  Processing: Type de bâtiment (Source: Excel, Category: Non-négociables)
    Found 2 ranges: [('Isolé (détaché)', 5.0), ('NON', 0.0)]
      Comparing 'Isolé (détaché)' vs 'Isolé (détaché)'
    Type de bâtiment (Excel): Isolé (détaché) matches Isolé (détaché) -> 5.0 pts
  Processing: Style de bâtiment (Source: Excel, Category: Non-négociables)
    Found 3 ranges: [('de plain-pied', 7.0), ('à étages', 6.0), ('Cottage', 4.0)]
      Comparing 'de plain-pied' vs 'de plain-pied'
    Style de bâtiment (Excel): de plain-pied matches de plain-pied -> 7.0 pts
  Processing: Année de construction (Source: Excel, Category: Non-négociables)
    Found 6 ranges: [('2024-2025', 6.0), ('2022-2023', 5.0), ('2020-2021', 4.0), ('2017-2019', 3.0), ('2010-2016', 2.0), ('2000-2009', 1.0)]
      Comparing '2001' vs '2024-2025'
      Comparing '2001' vs '2022-2023'
      Comparing '2001' vs '2020-2021'
      Comparing '2001' vs '2017-2019'
      Comparing '2001' vs '2010-2016'
      Comparing '2001' vs '2000-2009'
    Année de construction (Excel): 2001 in range 2000-2009 -> 1.0 pts
  Processing: Garage (Source: Excel, Category: Non-négociables)
    Found 2 ranges: [('OUI', 5.0), ('Non', 0.0)]
      Comparing 'Oui' vs 'OUI'
    Garage (Excel): Oui matches OUI -> 5.0 pts
  Processing: Pièces (Source: Excel, Category: Non-négociables)
    Found 4 ranges: [('14-25', 8.0), ('10-13', 7.0), ('7-9', 4.0), ('0-6', 1.0)]
      Comparing '11' vs '14-25'
      Comparing '11' vs '10-13'
    Pièces (Excel): 11 in range 10-13 -> 7.0 pts
  Processing: Date d'app/maj (Source: Excel, Category: Non-négociables)
    Found 3 ranges: [('0-4', 4.0), ('5-8', 3.0), ('9-12', 1.0)]
      Comparing 'depuis 11 jours' vs '0-4'
      Comparing 'depuis 11 jours' vs '5-8'
      Comparing 'depuis 11 jours' vs '9-12'
    Date d'app/maj (Excel): depuis 11 jours in range 9-12 -> 1.0 pts
  Processing: Secteur (Source: Excel, Category: Non-négociables)
    Found 4 ranges: [('Vieux-Longueuil', 9.0), ('Greenfield Park', 4.0), ('Saint-Hubert', 7.0), ('Brossard', 6.0)]
      Comparing 'Le Vieux-Longueuil' vs 'Vieux-Longueuil'
      Comparing 'Le Vieux-Longueuil' vs 'Greenfield Park'
      Comparing 'Le Vieux-Longueuil' vs 'Saint-Hubert'
      Comparing 'Le Vieux-Longueuil' vs 'Brossard'
    Secteur (Excel): Le Vieux-Longueuil -> No match found -> 0 pts
  Processing: DollardDistance (Source: Excel, Category: Non-négociables)
    Found 4 ranges: [('0-10', 3.0), ('11-15', 2.0), ('16-20', 1.0), ('21+', 0.0)]
      Comparing '12' vs '0-10'
      Comparing '12' vs '11-15'
    DollardDistance (Excel): 12 in range 11-15 -> 2.0 pts
  Processing: WalkScore (Source: Excel, Category: Non-négociables)
    Found 4 ranges: [('80-100', 2.0), ('60-79', 1.5), ('40-59', 1.0), ('<40', 0.0)]
      Comparing '46' vs '80-100'
      Comparing '46' vs '60-79'
      Comparing '46' vs '40-59'
    WalkScore (Excel): 46 in range 40-59 -> 1.0 pts
  Processing: SuperficieDuterrain (Source: Excel, Category: Non-négociables)
    Found 5 ranges: [('7000-15000 pc', 6.0), ('5500-6999 pc', 5.0), ('4500-5499 pc', 4.0), ('3500-4499 pc', 2.0), ('0-3499 pc', 1.0)]
      Comparing '4 018 pc' vs '7000-15000 pc'
      Comparing '4 018 pc' vs '5500-6999 pc'
      Comparing '4 018 pc' vs '4500-5499 pc'
      Comparing '4 018 pc' vs '3500-4499 pc'
    SuperficieDuterrain (Excel): 4 018 pc in range 3500-4499 pc -> 2.0 pts
  Non-négociables category total: 5.0 + 5.0 + 7.0 + 1.0 + 5.0 + 7.0 + 1.0 + 0.0 + 2.0 + 1.0 + 2.0 = 36.0
  Processing: Superficie habitable (Source: HTML, Category: Souhaits importants)
    Found 3 ranges: [('1200-2500 pi²', 4.0), ('1000-1199 pi²', 3.0), ('0-1000 pi²', 1.0)]
    Superficie habitable (HTML): non spécifiée -> 0.0 pts
  Processing: Fenestration/Orientation (Source: HTML, Category: Souhaits importants)
    Found 2 ranges: [('Façade Sud/Sud-Est + pièces bien orientées', 3.0), ('Partiel', 2.0)]
    Fenestration/Orientation (HTML): Aucune information sur l'orientation ou la fenestration -> 0.0 pts
  Processing: Énergie/Chauffage (Source: Excel, Category: Souhaits importants)
    Found 2 ranges: [('Électricité', 2.0), ('Autre', 0.0)]
      Comparing 'Électricité, Gaz naturel' vs 'Électricité'
      Comparing 'Électricité, Gaz naturel' vs 'Autre'
    Énergie/Chauffage (Excel): Électricité, Gaz naturel -> No match found -> 0 pts
  Processing: Stationnement (Allée) (Source: HTML, Category: Souhaits importants)
    Found 3 ranges: [('2+ places', 2.0), ('1 place', 1.0), ('Aucune', 0.0)]
    Stationnement (Allée) (HTML): Non spécifié dans le contenu HTML fourni -> 0.0 pts
  Processing: Isolation/Résilience hiver (Source: HTML, Category: Souhaits importants)
    Found 3 ranges: [('Toiture récente + isolation optimale', 3.0), ('Bon', 2.0), ('Moyen', 1.0)]
    Isolation/Résilience hiver (HTML): Information non disponible dans le contenu HTML fourni -> 0.0 pts
  Processing: Date d'emménagement (Source: HTML, Category: Souhaits importants)
    Found 2 ranges: [('Avant avril 2026', 2.0), ('Avant juillet 2026', 1.0)]
    Date d'emménagement (HTML): Non spécifiée dans le contenu HTML fourni -> 0.0 pts
  Processing: Aménagement intérieur (Source: HTML, Category: Souhaits importants)
    Found 2 ranges: [('Cuisine moderne + sous-sol aménagé + matériaux qualité', 3.0), ('Partiel', 2.0)]
    Aménagement intérieur (HTML): Information insuffisante - seul le titre 'Maison de plain-pied' est visible, aucun détail sur cuisine, sous-sol ou matériaux -> 0.0 pts
  Processing: Espace rangement (Source: HTML, Category: Souhaits importants)
    Found 3 ranges: [('Cabanon ET sous-sol', 2.0), ('Un des deux', 1.0), ('Aucun', 0.0)]
    Espace rangement (HTML): Information non disponible dans le HTML fourni -> 0.0 pts
  Processing: Zone gazon/jardin (Source: HTML, Category: Souhaits importants)
    Found 3 ranges: [('Jardin aménagé', 2.0), ('Gazon simple', 1.0), ('Aucun', 0.0)]
    Zone gazon/jardin (HTML): Non spécifié dans le contenu HTML fourni -> 0.0 pts
  Processing: SDB + SE (Source: Excel, Category: Souhaits importants)
    Found 3 ranges: [("2 SDB + 1 salle d'eau", 1.0), ("1 SDB + 1 salle d'eau", 0.5), ('Moins', 0.0)]
      Comparing '2+0' vs '2 SDB + 1 salle d'eau'
      Comparing '2+0' vs '1 SDB + 1 salle d'eau'
      Comparing '2+0' vs 'Moins'
    SDB + SE (Excel): 2+0 -> No match found -> 0 pts
  Processing: Foyer-Poêle (Source: Excel, Category: Souhaits importants)
    Found 3 ranges: [('Foyer/poêle au bois installé', 1.0), ('Préparation', 0.5), ('Aucun', 0.0)]
      Comparing 'Non' vs 'Foyer/poêle au bois installé'
      Comparing 'Non' vs 'Préparation'
      Comparing 'Non' vs 'Aucun'
    Foyer-Poêle (Excel): Non -> No match found -> 0 pts
  Souhaits importants category total: 0.0 + 0.0 + 0.0 + 0.0 + 0.0 + 0.0 + 0.0 + 0.0 + 0.0 + 0.0 + 0.0 = 0.0
  Processing: Piscine (Source: Excel, Category: Souhaits secondaires)
    Found 2 ranges: [('OUI', 1.0), ('NON', 0.0)]
      Comparing 'Non' vs 'OUI'
      Comparing 'Non' vs 'NON'
    Piscine (Excel): Non matches NON -> 0.0 pts
    Piscine (Excel): Non -> No match found -> 0 pts
  Processing: Calme et sécurité (Source: HTML, Category: Souhaits secondaires)
    Found 3 ranges: [('Quartier très calme', 2.0), ('Calme', 1.0), ('Bruyant', 0.0)]
    Calme et sécurité (HTML): Non mentionné -> 0.0 pts
  Processing: Proximité parcs (Source: HTML, Category: Souhaits secondaires)
    Found 3 ranges: [('<5 min marche', 1.0), ('5-10 min', 0.5), ('Loin', 0.0)]
    Proximité parcs (HTML): Information non disponible dans le contenu HTML fourni -> 0.0 pts
  Processing: Potentiel de revente (Source: HTML, Category: Souhaits secondaires)
    Found 3 ranges: [('Fort potentiel', 2.0), ('Moyen', 1.0), ('Faible', 0.0)]
    Potentiel de revente (HTML): Fort potentiel - Maison plain-pied à Longueuil (Le Vieux-Longueuil), secteur Pierre Boucher, type de propriété recherché (plain-pied), emplacement Rive-Sud de Montréal avec bonne demande -> 2.0 pts
  Processing: Flexibilité (Source: HTML, Category: Souhaits secondaires)
    Found 2 ranges: [('Possibilité agrandir/louer/duplex', 1.0), ('Limité', 0.5)]
    Flexibilité (HTML): Aucune mention de possibilité d'agrandissement, location ou duplex - Maison de plain-pied standard -> 0.0 pts
  Processing: Électroménagers inclus (Source: HTML, Category: Souhaits secondaires)
    Found 3 ranges: [('5 électros inclus', 0.5), ('Partiel', 0.25), ('Aucun', 0.0)]
    Électroménagers inclus (HTML): Information non disponible dans le HTML fourni -> 0.0 pts
  Processing: Transports en commun (Source: HTML, Category: Souhaits secondaires)
    Found 3 ranges: [('REM accessible <10 min', 1.0), ('Bus proche', 0.5), ('Loin', 0.0)]
    Transports en commun (HTML): Aucune information sur les transports en commun ou le REM dans le contenu HTML fourni -> 0.0 pts
  Processing: Air climatisé mural (Source: HTML, Category: Souhaits secondaires)
    Found 2 ranges: [('Installé', 0.5), ('Aucun', 0.0)]
    Air climatisé mural (HTML): Non mentionné -> 0.0 pts
  Processing: Extras (Source: HTML, Category: Souhaits secondaires)
    Found 3 ranges: [('Terrasse + foyer + garantie GCR', 1.0), ('Partiel', 0.5), ('Aucun', 0.0)]
    Extras (HTML): Information insuffisante dans le HTML fourni - seul le head est visible, pas le contenu de la page -> 0.0 pts
  Processing: Décision recommandée (Source: nan, Category: Souhaits secondaires)
    Found 0 ranges: []
  Processing: 🟢 EXCELLENT - Propriété idéale, à visiter en priorité (Source: nan, Category: Souhaits secondaires)
    Found 0 ranges: []
  Processing: 🟡 TRÈS BON - Correspond bien aux critères, à considérer sérieusement (Source: nan, Category: Souhaits secondaires)
    Found 0 ranges: []
  Processing: 🟠 ACCEPTABLE - Compromis nécessaires, analyser les manques (Source: nan, Category: Souhaits secondaires)
    Found 0 ranges: []
  Processing: 🔴 LIMITE - Manques importants, à reconsidérer (Source: nan, Category: Souhaits secondaires)
    Found 0 ranges: []
  Processing: ⛔ À REJETER - Ne correspond pas aux besoins (Source: nan, Category: Souhaits secondaires)
    Found 0 ranges: []
  Processing: ✓ Obligatoire - Vérifier certificat de localisation (Source: nan, Category: Souhaits secondaires)
    Found 0 ranges: []
  Souhaits secondaires category total: 0.0 + 0.0 + 0.0 + 2.0 + 0.0 + 0.0 + 0.0 + 0.0 + 0.0 + 0.0 + 0.0 + 0.0 + 0.0 + 0.0 + 0.0 + 0.0 = 2.0
  Criteria processed by category: {'Non-négociables': 11, 'Souhaits importants': 11, 'Souhaits secondaires': 16}
  Non-négociables: 5.0 + 5.0 + 7.0 + 1.0 + 5.0 + 7.0 + 1.0 + 0.0 + 2.0 + 1.0 + 2.0 = 36.0
  Souhaits importants: 0.0 + 0.0 + 0.0 + 0.0 + 0.0 + 0.0 + 0.0 + 0.0 + 0.0 + 0.0 + 0.0 = 0.0
  Souhaits secondaires: 0.0 + 0.0 + 0.0 + 2.0 + 0.0 + 0.0 + 0.0 + 0.0 + 0.0 + 0.0 + 0.0 + 0.0 + 0.0 + 0.0 + 0.0 + 0.0 = 2.0
  TOTAL: 38.0

centris no 24569753:
Total criteria rows to process: 121
  Processing: Prix (Source: Excel, Category: Non-négociables)
    Found 6 ranges: [('820 000 $-850 000 $', 7.0), ('800 000 $-820 000 $', 9.0), ('750 000 $-800 000 $', 10.0), ('700 000 $-750 000 $', 9.0), ('650 000 $-700 000 $', 5.0), ('400 000 $-650 000 $', 3.0)]
      Comparing '819 900 $' vs '820 000 $-850 000 $'
      Comparing '819 900 $' vs '800 000 $-820 000 $'
    Prix (Excel): 819 900 $ in range 800 000 $-820 000 $ -> 9.0 pts
  Processing: Type de bâtiment (Source: Excel, Category: Non-négociables)
    Found 2 ranges: [('Isolé (détaché)', 5.0), ('NON', 0.0)]
      Comparing 'Isolé (détaché)' vs 'Isolé (détaché)'
    Type de bâtiment (Excel): Isolé (détaché) matches Isolé (détaché) -> 5.0 pts
  Processing: Style de bâtiment (Source: Excel, Category: Non-négociables)
    Found 3 ranges: [('de plain-pied', 7.0), ('à étages', 6.0), ('Cottage', 4.0)]
      Comparing 'à étages' vs 'de plain-pied'
      Comparing 'à étages' vs 'à étages'
    Style de bâtiment (Excel): à étages matches à étages -> 6.0 pts
  Processing: Année de construction (Source: Excel, Category: Non-négociables)
    Found 6 ranges: [('2024-2025', 6.0), ('2022-2023', 5.0), ('2020-2021', 4.0), ('2017-2019', 3.0), ('2010-2016', 2.0), ('2000-2009', 1.0)]
      Comparing '2000' vs '2024-2025'
      Comparing '2000' vs '2022-2023'
      Comparing '2000' vs '2020-2021'
      Comparing '2000' vs '2017-2019'
      Comparing '2000' vs '2010-2016'
      Comparing '2000' vs '2000-2009'
    Année de construction (Excel): 2000 in range 2000-2009 -> 1.0 pts
  Processing: Garage (Source: Excel, Category: Non-négociables)
    Found 2 ranges: [('OUI', 5.0), ('Non', 0.0)]
      Comparing 'Oui' vs 'OUI'
    Garage (Excel): Oui matches OUI -> 5.0 pts
  Processing: Pièces (Source: Excel, Category: Non-négociables)
    Found 4 ranges: [('14-25', 8.0), ('10-13', 7.0), ('7-9', 4.0), ('0-6', 1.0)]
      Comparing '9' vs '14-25'
      Comparing '9' vs '10-13'
      Comparing '9' vs '7-9'
    Pièces (Excel): 9 in range 7-9 -> 4.0 pts
  Processing: Date d'app/maj (Source: Excel, Category: Non-négociables)
    Found 3 ranges: [('0-4', 4.0), ('5-8', 3.0), ('9-12', 1.0)]
      Comparing 'depuis 11 jours' vs '0-4'
      Comparing 'depuis 11 jours' vs '5-8'
      Comparing 'depuis 11 jours' vs '9-12'
    Date d'app/maj (Excel): depuis 11 jours in range 9-12 -> 1.0 pts
  Processing: Secteur (Source: Excel, Category: Non-négociables)
    Found 4 ranges: [('Vieux-Longueuil', 9.0), ('Greenfield Park', 4.0), ('Saint-Hubert', 7.0), ('Brossard', 6.0)]
      Comparing 'Le Vieux-Longueuil' vs 'Vieux-Longueuil'
      Comparing 'Le Vieux-Longueuil' vs 'Greenfield Park'
      Comparing 'Le Vieux-Longueuil' vs 'Saint-Hubert'
      Comparing 'Le Vieux-Longueuil' vs 'Brossard'
    Secteur (Excel): Le Vieux-Longueuil -> No match found -> 0 pts
  Processing: DollardDistance (Source: Excel, Category: Non-négociables)
    Found 4 ranges: [('0-10', 3.0), ('11-15', 2.0), ('16-20', 1.0), ('21+', 0.0)]
      Comparing '12' vs '0-10'
      Comparing '12' vs '11-15'
    DollardDistance (Excel): 12 in range 11-15 -> 2.0 pts
  Processing: WalkScore (Source: Excel, Category: Non-négociables)
    Found 4 ranges: [('80-100', 2.0), ('60-79', 1.5), ('40-59', 1.0), ('<40', 0.0)]
      Comparing '48' vs '80-100'
      Comparing '48' vs '60-79'
      Comparing '48' vs '40-59'
    WalkScore (Excel): 48 in range 40-59 -> 1.0 pts
  Processing: SuperficieDuterrain (Source: Excel, Category: Non-négociables)
    Found 5 ranges: [('7000-15000 pc', 6.0), ('5500-6999 pc', 5.0), ('4500-5499 pc', 4.0), ('3500-4499 pc', 2.0), ('0-3499 pc', 1.0)]
      Comparing '4 272 pc' vs '7000-15000 pc'
      Comparing '4 272 pc' vs '5500-6999 pc'
      Comparing '4 272 pc' vs '4500-5499 pc'
      Comparing '4 272 pc' vs '3500-4499 pc'
    SuperficieDuterrain (Excel): 4 272 pc in range 3500-4499 pc -> 2.0 pts
  Non-négociables category total: 9.0 + 5.0 + 6.0 + 1.0 + 5.0 + 4.0 + 1.0 + 0.0 + 2.0 + 1.0 + 2.0 = 36.0
  Processing: Superficie habitable (Source: HTML, Category: Souhaits importants)
    Found 3 ranges: [('1200-2500 pi²', 4.0), ('1000-1199 pi²', 3.0), ('0-1000 pi²', 1.0)]
    Superficie habitable (HTML): non spécifiée -> 0.0 pts
  Processing: Fenestration/Orientation (Source: HTML, Category: Souhaits importants)
    Found 2 ranges: [('Façade Sud/Sud-Est + pièces bien orientées', 3.0), ('Partiel', 2.0)]
    Fenestration/Orientation (HTML): Aucune information sur l'orientation de la façade ou la fenestration -> 0.0 pts
  Processing: Énergie/Chauffage (Source: Excel, Category: Souhaits importants)
    Found 2 ranges: [('Électricité', 2.0), ('Autre', 0.0)]
      Comparing 'Électricité, Propane' vs 'Électricité'
      Comparing 'Électricité, Propane' vs 'Autre'
    Énergie/Chauffage (Excel): Électricité, Propane -> No match found -> 0 pts
  Processing: Stationnement (Allée) (Source: HTML, Category: Souhaits importants)
    Found 3 ranges: [('2+ places', 2.0), ('1 place', 1.0), ('Aucune', 0.0)]
    Stationnement (Allée) (HTML): stationnement en pavé uni pour deux véhicules -> 2.0 pts
  Processing: Isolation/Résilience hiver (Source: HTML, Category: Souhaits importants)
    Found 3 ranges: [('Toiture récente + isolation optimale', 3.0), ('Bon', 2.0), ('Moyen', 1.0)]
    Isolation/Résilience hiver (HTML): Aucune information sur la toiture ou l'isolation mentionnée -> 0.0 pts
  Processing: Date d'emménagement (Source: HTML, Category: Souhaits importants)
    Found 2 ranges: [('Avant avril 2026', 2.0), ('Avant juillet 2026', 1.0)]
    Date d'emménagement (HTML): Non spécifiée -> 0.0 pts
  Processing: Aménagement intérieur (Source: HTML, Category: Souhaits importants)
    Found 2 ranges: [('Cuisine moderne + sous-sol aménagé + matériaux qualité', 3.0), ('Partiel', 2.0)]
    Aménagement intérieur (HTML): Cuisine rénovée + sous-sol entièrement aménagé + pavé uni + piscine creusée chauffée + foyer au gaz propane + climatiseur mural -> 3.0 pts
  Processing: Espace rangement (Source: HTML, Category: Souhaits importants)
    Found 3 ranges: [('Cabanon ET sous-sol', 2.0), ('Un des deux', 1.0), ('Aucun', 0.0)]
    Espace rangement (HTML): sous-sol uniquement (pas de cabanon mentionné) -> 0.0 pts
  Processing: Zone gazon/jardin (Source: HTML, Category: Souhaits importants)
    Found 3 ranges: [('Jardin aménagé', 2.0), ('Gazon simple', 1.0), ('Aucun', 0.0)]
    Zone gazon/jardin (HTML): Jardin aménagé (magnifique cour arrière dotée d'une piscine creusée chauffée, située dans les Jardins de Médicis) -> 2.0 pts
  Processing: SDB + SE (Source: Excel, Category: Souhaits importants)
    Found 3 ranges: [("2 SDB + 1 salle d'eau", 1.0), ("1 SDB + 1 salle d'eau", 0.5), ('Moins', 0.0)]
      Comparing '1+1' vs '2 SDB + 1 salle d'eau'
      Comparing '1+1' vs '1 SDB + 1 salle d'eau'
      Comparing '1+1' vs 'Moins'
    SDB + SE (Excel): 1+1 -> No match found -> 0 pts
  Processing: Foyer-Poêle (Source: Excel, Category: Souhaits importants)
    Found 3 ranges: [('Foyer/poêle au bois installé', 1.0), ('Préparation', 0.5), ('Aucun', 0.0)]
      Comparing 'Oui' vs 'Foyer/poêle au bois installé'
      Comparing 'Oui' vs 'Préparation'
      Comparing 'Oui' vs 'Aucun'
    Foyer-Poêle (Excel): Oui -> No match found -> 0 pts
  Souhaits importants category total: 0.0 + 0.0 + 0.0 + 2.0 + 0.0 + 0.0 + 3.0 + 0.0 + 2.0 + 0.0 + 0.0 = 7.0
  Processing: Piscine (Source: Excel, Category: Souhaits secondaires)
    Found 2 ranges: [('OUI', 1.0), ('NON', 0.0)]
      Comparing 'Oui' vs 'OUI'
    Piscine (Excel): Oui matches OUI -> 1.0 pts
  Processing: Calme et sécurité (Source: HTML, Category: Souhaits secondaires)
    Found 3 ranges: [('Quartier très calme', 2.0), ('Calme', 1.0), ('Bruyant', 0.0)]
    Calme et sécurité (HTML): Secteur familial avec nombreux espaces sportifs, proximité écoles/commerces/train - pas de mention explicite de quartier très calme -> 0.0 pts
  Processing: Proximité parcs (Source: HTML, Category: Souhaits secondaires)
    Found 3 ranges: [('<5 min marche', 1.0), ('5-10 min', 0.5), ('Loin', 0.0)]
    Proximité parcs (HTML): À proximité de plusieurs écoles, parc Asselin, boisé du Tremblay -> 1.0 pts
  Processing: Potentiel de revente (Source: HTML, Category: Souhaits secondaires)
    Found 3 ranges: [('Fort potentiel', 2.0), ('Moyen', 1.0), ('Faible', 0.0)]
    Potentiel de revente (HTML): Fort potentiel - Secteur prisé Pierre-Boucher, ambiance familiale, piscine creusée chauffée, garage, proximité écoles/commerces/train de banlieue, entretien impeccable, plusieurs rénovations dont cuisine -> 2.0 pts
  Processing: Flexibilité (Source: HTML, Category: Souhaits secondaires)
    Found 2 ranges: [('Possibilité agrandir/louer/duplex', 1.0), ('Limité', 0.5)]
    Flexibilité (HTML): Aucune mention de possibilité d'agrandir, louer ou duplex -> 0.0 pts
  Processing: Électroménagers inclus (Source: HTML, Category: Souhaits secondaires)
    Found 3 ranges: [('5 électros inclus', 0.5), ('Partiel', 0.25), ('Aucun', 0.0)]
    Électroménagers inclus (HTML): Non mentionné -> 0.0 pts
  Processing: Transports en commun (Source: HTML, Category: Souhaits secondaires)
    Found 3 ranges: [('REM accessible <10 min', 1.0), ('Bus proche', 0.5), ('Loin', 0.0)]
    Transports en commun (HTML): train de banlieue mentionné, pas de REM -> 0.0 pts
  Processing: Air climatisé mural (Source: HTML, Category: Souhaits secondaires)
    Found 2 ranges: [('Installé', 0.5), ('Aucun', 0.0)]
    Air climatisé mural (HTML): climatiseur mural de 18 000 BTU -> 0.5 pts
  Processing: Extras (Source: HTML, Category: Souhaits secondaires)
    Found 3 ranges: [('Terrasse + foyer + garantie GCR', 1.0), ('Partiel', 0.5), ('Aucun', 0.0)]
    Extras (HTML): foyer au gaz propane mentionné, mais pas de terrasse ni de garantie GCR -> 0.0 pts
  Processing: Décision recommandée (Source: nan, Category: Souhaits secondaires)
    Found 0 ranges: []
  Processing: 🟢 EXCELLENT - Propriété idéale, à visiter en priorité (Source: nan, Category: Souhaits secondaires)
    Found 0 ranges: []
  Processing: 🟡 TRÈS BON - Correspond bien aux critères, à considérer sérieusement (Source: nan, Category: Souhaits secondaires)
    Found 0 ranges: []
  Processing: 🟠 ACCEPTABLE - Compromis nécessaires, analyser les manques (Source: nan, Category: Souhaits secondaires)
    Found 0 ranges: []
  Processing: 🔴 LIMITE - Manques importants, à reconsidérer (Source: nan, Category: Souhaits secondaires)
    Found 0 ranges: []
  Processing: ⛔ À REJETER - Ne correspond pas aux besoins (Source: nan, Category: Souhaits secondaires)
    Found 0 ranges: []
  Processing: ✓ Obligatoire - Vérifier certificat de localisation (Source: nan, Category: Souhaits secondaires)
    Found 0 ranges: []
  Souhaits secondaires category total: 1.0 + 0.0 + 1.0 + 2.0 + 0.0 + 0.0 + 0.0 + 0.5 + 0.0 + 0.0 + 0.0 + 0.0 + 0.0 + 0.0 + 0.0 + 0.0 = 4.5
  Criteria processed by category: {'Non-négociables': 11, 'Souhaits importants': 11, 'Souhaits secondaires': 16}
  Non-négociables: 9.0 + 5.0 + 6.0 + 1.0 + 5.0 + 4.0 + 1.0 + 0.0 + 2.0 + 1.0 + 2.0 = 36.0
  Souhaits importants: 0.0 + 0.0 + 0.0 + 2.0 + 0.0 + 0.0 + 3.0 + 0.0 + 2.0 + 0.0 + 0.0 = 7.0
  Souhaits secondaires: 1.0 + 0.0 + 1.0 + 2.0 + 0.0 + 0.0 + 0.0 + 0.5 + 0.0 + 0.0 + 0.0 + 0.0 + 0.0 + 0.0 + 0.0 + 0.0 = 4.5
  TOTAL: 47.5
