
centris no 18586802:
Total criteria rows to process: 129
  Processing: Prix (Source: Excel, Category: Non-négociables)
    Found 6 ranges: [('820 000 $-850 000 $', 7.0), ('800 000 $-820 000 $', 9.0), ('750 000 $-800 000 $', 10.0), ('700 000 $-750 000 $', 9.0), ('650 000 $-700 000 $', 5.0), ('400 000 $-650 000 $', 3.0)]
      Comparing '789 000 $' vs '820 000 $-850 000 $'
      Comparing '789 000 $' vs '800 000 $-820 000 $'
      Comparing '789 000 $' vs '750 000 $-800 000 $'
    Prix (Excel): 789 000 $ in range 750 000 $-800 000 $ -> 10.0 pts
  Processing: Type de bâtiment (Source: Excel, Category: Non-négociables)
    Found 2 ranges: [('Isolé (détaché)', 3.0), ('NON', 0.0)]
      Comparing 'Isolé (détaché)' vs 'Isolé (détaché)'
    Type de bâtiment (Excel): Isolé (détaché) matches Isolé (détaché) -> 3.0 pts
  Processing: Style de bâtiment (Source: Excel, Category: Non-négociables)
    Found 3 ranges: [('de plain-pied', 7.0), ('à étages', 6.0), ('Cottage', 4.0)]
      Comparing 'à étages' vs 'de plain-pied'
      Comparing 'à étages' vs 'à étages'
    Style de bâtiment (Excel): à étages matches à étages -> 6.0 pts
  Processing: Année de construction (Source: Excel, Category: Non-négociables)
    Found 6 ranges: [('2024-2025', 6.0), ('2022-2023', 5.0), ('2020-2021', 4.0), ('2017-2019', 3.0), ('2010-2016', 2.0), ('2000-2009', 1.0)]
      Comparing '2016' vs '2024-2025'
      Comparing '2016' vs '2022-2023'
      Comparing '2016' vs '2020-2021'
      Comparing '2016' vs '2017-2019'
      Comparing '2016' vs '2010-2016'
    Année de construction (Excel): 2016 in range 2010-2016 -> 2.0 pts
  Processing: Garage (Source: Excel, Category: Non-négociables)
    Found 2 ranges: [('OUI', 5.0), ('Non', 0.0)]
      Comparing 'Oui' vs 'OUI'
    Garage (Excel): Oui matches OUI -> 5.0 pts
  Processing: Pièces (Source: Excel, Category: Non-négociables)
    Found 4 ranges: [('14-25', 8.0), ('10-13', 7.0), ('7-9', 4.0), ('0-6', 1.0)]
      Comparing '14' vs '14-25'
    Pièces (Excel): 14 in range 14-25 -> 8.0 pts
  Processing: Date d'app/maj (Source: Excel, Category: Non-négociables)
    Found 3 ranges: [('0-4', 4.0), ('5-8', 3.0), ('9-12', 1.0)]
      Comparing 'depuis 11 jours' vs '0-4'
      Comparing 'depuis 11 jours' vs '5-8'
      Comparing 'depuis 11 jours' vs '9-12'
    Date d'app/maj (Excel): depuis 11 jours in range 9-12 -> 1.0 pts
  Processing: Secteur (Source: Excel, Category: Non-négociables)
    Found 4 ranges: [('Vieux-Longueuil', 9.0), ('Greenfield Park', 4.0), ('Saint-Hubert', 7.0), ('Brossard', 6.0)]
      Comparing 'Brossard' vs 'Vieux-Longueuil'
      Comparing 'Brossard' vs 'Greenfield Park'
      Comparing 'Brossard' vs 'Saint-Hubert'
      Comparing 'Brossard' vs 'Brossard'
    Secteur (Excel): Brossard matches Brossard -> 6.0 pts
  Processing: DollardDistance (Source: Excel, Category: Non-négociables)
    Found 4 ranges: [('0-10', 5.0), ('11-15', 2.0), ('16-20', 1.0), ('21+', 0.0)]
      Comparing '13' vs '0-10'
      Comparing '13' vs '11-15'
    DollardDistance (Excel): 13 in range 11-15 -> 2.0 pts
  Processing: WalkScore (Source: Excel, Category: Non-négociables)
    Found 4 ranges: [('80-100', 2.0), ('60-79', 1.5), ('40-59', 1.0), ('<40', 0.0)]
      Comparing '77' vs '80-100'
      Comparing '77' vs '60-79'
    WalkScore (Excel): 77 in range 60-79 -> 1.5 pts
  Processing: SuperficieDuterrain (Source: Excel, Category: Non-négociables)
    Found 5 ranges: [('7000-15000 pc', 6.0), ('5500-6999 pc', 5.0), ('4500-5499 pc', 4.0), ('3500-4499 pc', 2.0), ('0-3499 pc', 1.0)]
      Comparing '2 438 pc' vs '7000-15000 pc'
      Comparing '2 438 pc' vs '5500-6999 pc'
      Comparing '2 438 pc' vs '4500-5499 pc'
      Comparing '2 438 pc' vs '3500-4499 pc'
      Comparing '2 438 pc' vs '0-3499 pc'
    SuperficieDuterrain (Excel): 2 438 pc in range 0-3499 pc -> 1.0 pts
  Non-négociables category total: 10.0 + 3.0 + 6.0 + 2.0 + 5.0 + 8.0 + 1.0 + 6.0 + 2.0 + 1.5 + 1.0 = 45.5
  Processing: Énergie/Chauffage (Source: Excel, Category: Souhaits importants)
    Found 3 ranges: [('Électricité', 1.0), ('Électricité, Gaz naturel', 2.0), ('Électricité, Propane', 3.0)]
      Comparing 'Électricité' vs 'Électricité'
    Énergie/Chauffage (Excel): Électricité matches Électricité -> 1.0 pts
  Processing: SDB + SE (Source: Excel, Category: Souhaits importants)
    Found 3 ranges: [('1+1', 1.0), ('2+0', 3.0), ('2+1', 4.0)]
      Comparing '2+1' vs '1+1'
      Comparing '2+1' vs '2+0'
      Comparing '2+1' vs '2+1'
    SDB + SE (Excel): 2+1 matches 2+1 -> 4.0 pts
  Processing: Foyer-Poêle (Source: Excel, Category: Souhaits importants)
    Found 2 ranges: [('OUI', 5.0), ('NON', 0.0)]
      Comparing 'Non' vs 'OUI'
      Comparing 'Non' vs 'NON'
    Foyer-Poêle (Excel): Non matches NON -> 0.0 pts
    Foyer-Poêle (Excel): Non -> No match found -> 0 pts
  Processing: Piscine (Source: Excel, Category: Souhaits importants)
    Found 2 ranges: [('OUI', 8.0), ('NON', 0.0)]
      Comparing 'Non' vs 'OUI'
      Comparing 'Non' vs 'NON'
    Piscine (Excel): Non matches NON -> 0.0 pts
    Piscine (Excel): Non -> No match found -> 0 pts
  Souhaits importants category total: 1.0 + 4.0 + 0.0 + 0.0 = 5.0
  Processing Souhaits secondaires via Bedrock agent...
  Criteria processed by category: {'Non-négociables': 11, 'Souhaits importants': 4, 'Souhaits secondaires': 0}
  Non-négociables: 10.0 + 3.0 + 6.0 + 2.0 + 5.0 + 8.0 + 1.0 + 6.0 + 2.0 + 1.5 + 1.0 = 45.5
  Souhaits importants: 1.0 + 4.0 + 0.0 + 0.0 = 5.0
  Souhaits secondaires:  = 0
  TOTAL: 50.5
Calling Bedrock agent ZGK3NF5FWW (alias: YQF8BEKCCF) for centris 18586802
Prompt: Score total pour categorie SOUHAITS SECONDAIRES pour centris num 18586802
Agent response: 

SOUHAITS SECONDAIRES - Centris #18586802
==========================================
Document(s) utilisé(s) - Source validée:
- Royal LePage: 5925 Rue Alexandre, Brossard, QC (No. Inscription 18586802)

Scores Individuels:
------------------
16. Calme et sécurité: 0.5/1 - Secteur A à Brossard, quartier résidentiel moderne (construction 2016) proche du centre commercial Champlain et station REM. Environnement calme mais avec proximité des services.

17. Proximité parcs: 1/1 - La fiche indique clairement "Proximité: Parc, Piste cyclable" parmi les commodités à proximité immédiate.

18. Potentiel de revente: 1/1 - Fort potentiel: maison moderne (2016), excellent emplacement près REM et centre commercial Champlain, secteur familial recherché à Brossard, 3 chambres + sous-sol aménagé.

19. Flexibilité: 1/1 - Sous-sol totalement aménagé avec possibilité explicite de 4e chambre mentionnée dans l'annonce. Offre flexibilité d'agrandissement.

20. Électroménagers inclus: 0/1 - Exclusions explicites: "Tous les électroménagers et les rideaux". Aucun électroménager inclus.

22. Air climatisé mural: 0.5/0.5 - Équipement disponible: "Climatiseur central, Échangeur d'air, Thermopompe centrale". Système de climatisation installé.

23. Extras: 0.5/1 - Cour arrière clôturée + fenêtres mur à mur au salon/salle à manger. Pas de terrasse ni garantie GCR mentionnée.

24. Superficie habitable: 2/3 - Superficie habitable: 152.5 m² = 1,641 pi². Se situe dans la fourchette 1000-1199 pi² (score 2 points).

25. Fenestration/Orientation: 0.25/0.5 - Fenêtres mur à mur au rez-de-chaussée donnant sur cour arrière. Bonne fenestration mais orientation spécifique (Sud/Sud-Est) non précisée.

26. Stationnement (Allée): 1/1 - Nombre d'espaces de stationnement: 3. Largement supérieur à 2 places.

27. Isolation/Résilience hiver: 0.5/0.5 - Construction récente 2016 (moins de 10 ans), donc toiture récente et isolation conforme aux normes modernes actuelles.

28. Date d'emménagement: 0/1 - Information sur la date d'occupation/disponibilité non disponible dans la fiche consultée.

29. Aménagement intérieur: 0.5/0.5 - Cuisine moderne à aire ouverte avec salon/salle à manger + sous-sol totalement aménagé (confirmé). Les deux critères sont satisfaits.

30. Espace rangement: 0.5/1 - Sous-sol aménagé avec 3 espaces de rangement identifiés (3.02m x 1.88m, 1.07m x 1.22m, 0.91m x 2.13m). Pas de cabanon mentionné.

31. Zone gazon/jardin: 0.5/1 - Cour arrière clôturée mentionnée, terrain de 226.51 m². Espace extérieur présent mais aménagement jardin non détaillé.

==========================================
SCORE TOTAL - SOUHAITS SECONDAIRES: 10.25 / 15 points

Calcul détaillé: 0.5 + 1 + 1 + 1 + 0 + 0.5 + 0.5 + 2 + 0.25 + 1 + 0.5 + 0 + 0.5 + 0.5 + 0.5 = 10.25

⚠️ RAPPEL: Seuls les documents avec l'URL contenant le numéro Centris 18586802 ont été utilisés.



Reference URLs used (9 total):
  [1] https://www.royallepage.ca/fr/property/quebec/brossard/5925-rue-alexandre/26836554/mls18586802/?print=1
  [2] https://www.royallepage.ca/fr/property/quebec/brossard/5925-rue-alexandre/26836554/mls18586802/?ref=1
  [3] https://www.royallepage.ca/fr/property/quebec/brossard/5925-rue-alexandre/26836554/mls18586802/
  [4] https://www.royallepage.ca/fr/property/quebec/brossard/5925-rue-alexandre/26836554/mls18586802/?print=1
  [5] https://www.royallepage.ca/fr/property/quebec/brossard/5925-rue-alexandre/26836554/mls18586802/?ref=1
  [6] https://www.royallepage.ca/fr/property/quebec/brossard/5925-rue-alexandre/26836554/mls18586802/
  [7] https://www.royallepage.ca/fr/property/quebec/brossard/5925-rue-alexandre/26836554/mls18586802/?print=1
  [8] https://www.royallepage.ca/fr/property/quebec/brossard/5925-rue-alexandre/26836554/mls18586802/?ref=1
  [9] https://www.royallepage.ca/fr/property/quebec/brossard/5925-rue-alexandre/26836554/mls18586802/
Extracted score: 10.25

centris no 23215645:
Total criteria rows to process: 129
  Processing: Prix (Source: Excel, Category: Non-négociables)
    Found 6 ranges: [('820 000 $-850 000 $', 7.0), ('800 000 $-820 000 $', 9.0), ('750 000 $-800 000 $', 10.0), ('700 000 $-750 000 $', 9.0), ('650 000 $-700 000 $', 5.0), ('400 000 $-650 000 $', 3.0)]
      Comparing '810 000 $' vs '820 000 $-850 000 $'
      Comparing '810 000 $' vs '800 000 $-820 000 $'
    Prix (Excel): 810 000 $ in range 800 000 $-820 000 $ -> 9.0 pts
  Processing: Type de bâtiment (Source: Excel, Category: Non-négociables)
    Found 2 ranges: [('Isolé (détaché)', 3.0), ('NON', 0.0)]
      Comparing 'Isolé (détaché)' vs 'Isolé (détaché)'
    Type de bâtiment (Excel): Isolé (détaché) matches Isolé (détaché) -> 3.0 pts
  Processing: Style de bâtiment (Source: Excel, Category: Non-négociables)
    Found 3 ranges: [('de plain-pied', 7.0), ('à étages', 6.0), ('Cottage', 4.0)]
      Comparing 'de plain-pied' vs 'de plain-pied'
    Style de bâtiment (Excel): de plain-pied matches de plain-pied -> 7.0 pts
  Processing: Année de construction (Source: Excel, Category: Non-négociables)
    Found 6 ranges: [('2024-2025', 6.0), ('2022-2023', 5.0), ('2020-2021', 4.0), ('2017-2019', 3.0), ('2010-2016', 2.0), ('2000-2009', 1.0)]
      Comparing '2017' vs '2024-2025'
      Comparing '2017' vs '2022-2023'
      Comparing '2017' vs '2020-2021'
      Comparing '2017' vs '2017-2019'
    Année de construction (Excel): 2017 in range 2017-2019 -> 3.0 pts
  Processing: Garage (Source: Excel, Category: Non-négociables)
    Found 2 ranges: [('OUI', 5.0), ('Non', 0.0)]
      Comparing 'Non' vs 'OUI'
      Comparing 'Non' vs 'Non'
    Garage (Excel): Non matches Non -> 0.0 pts
    Garage (Excel): Non -> No match found -> 0 pts
  Processing: Pièces (Source: Excel, Category: Non-négociables)
    Found 4 ranges: [('14-25', 8.0), ('10-13', 7.0), ('7-9', 4.0), ('0-6', 1.0)]
      Comparing '10' vs '14-25'
      Comparing '10' vs '10-13'
    Pièces (Excel): 10 in range 10-13 -> 7.0 pts
  Processing: Date d'app/maj (Source: Excel, Category: Non-négociables)
    Found 3 ranges: [('0-4', 4.0), ('5-8', 3.0), ('9-12', 1.0)]
      Comparing 'depuis 11 jours' vs '0-4'
      Comparing 'depuis 11 jours' vs '5-8'
      Comparing 'depuis 11 jours' vs '9-12'
    Date d'app/maj (Excel): depuis 11 jours in range 9-12 -> 1.0 pts
  Processing: Secteur (Source: Excel, Category: Non-négociables)
    Found 4 ranges: [('Vieux-Longueuil', 9.0), ('Greenfield Park', 4.0), ('Saint-Hubert', 7.0), ('Brossard', 6.0)]
      Comparing 'Saint-Hubert' vs 'Vieux-Longueuil'
      Comparing 'Saint-Hubert' vs 'Greenfield Park'
      Comparing 'Saint-Hubert' vs 'Saint-Hubert'
    Secteur (Excel): Saint-Hubert matches Saint-Hubert -> 7.0 pts
  Processing: DollardDistance (Source: Excel, Category: Non-négociables)
    Found 4 ranges: [('0-10', 5.0), ('11-15', 2.0), ('16-20', 1.0), ('21+', 0.0)]
      Comparing '15' vs '0-10'
      Comparing '15' vs '11-15'
    DollardDistance (Excel): 15 in range 11-15 -> 2.0 pts
  Processing: WalkScore (Source: Excel, Category: Non-négociables)
    Found 4 ranges: [('80-100', 2.0), ('60-79', 1.5), ('40-59', 1.0), ('<40', 0.0)]
      Comparing '76' vs '80-100'
      Comparing '76' vs '60-79'
    WalkScore (Excel): 76 in range 60-79 -> 1.5 pts
  Processing: SuperficieDuterrain (Source: Excel, Category: Non-négociables)
    Found 5 ranges: [('7000-15000 pc', 6.0), ('5500-6999 pc', 5.0), ('4500-5499 pc', 4.0), ('3500-4499 pc', 2.0), ('0-3499 pc', 1.0)]
      Comparing '4 901 pc' vs '7000-15000 pc'
      Comparing '4 901 pc' vs '5500-6999 pc'
      Comparing '4 901 pc' vs '4500-5499 pc'
    SuperficieDuterrain (Excel): 4 901 pc in range 4500-5499 pc -> 4.0 pts
  Non-négociables category total: 9.0 + 3.0 + 7.0 + 3.0 + 0.0 + 7.0 + 1.0 + 7.0 + 2.0 + 1.5 + 4.0 = 44.5
  Processing: Énergie/Chauffage (Source: Excel, Category: Souhaits importants)
    Found 3 ranges: [('Électricité', 1.0), ('Électricité, Gaz naturel', 2.0), ('Électricité, Propane', 3.0)]
      Comparing 'Électricité' vs 'Électricité'
    Énergie/Chauffage (Excel): Électricité matches Électricité -> 1.0 pts
  Processing: SDB + SE (Source: Excel, Category: Souhaits importants)
    Found 3 ranges: [('1+1', 1.0), ('2+0', 3.0), ('2+1', 4.0)]
      Comparing '2+0' vs '1+1'
      Comparing '2+0' vs '2+0'
    SDB + SE (Excel): 2+0 matches 2+0 -> 3.0 pts
  Processing: Foyer-Poêle (Source: Excel, Category: Souhaits importants)
    Found 2 ranges: [('OUI', 5.0), ('NON', 0.0)]
      Comparing 'Non' vs 'OUI'
      Comparing 'Non' vs 'NON'
    Foyer-Poêle (Excel): Non matches NON -> 0.0 pts
    Foyer-Poêle (Excel): Non -> No match found -> 0 pts
  Processing: Piscine (Source: Excel, Category: Souhaits importants)
    Found 2 ranges: [('OUI', 8.0), ('NON', 0.0)]
      Comparing 'Non' vs 'OUI'
      Comparing 'Non' vs 'NON'
    Piscine (Excel): Non matches NON -> 0.0 pts
    Piscine (Excel): Non -> No match found -> 0 pts
  Souhaits importants category total: 1.0 + 3.0 + 0.0 + 0.0 = 4.0
  Processing Souhaits secondaires via Bedrock agent...
  Criteria processed by category: {'Non-négociables': 11, 'Souhaits importants': 4, 'Souhaits secondaires': 0}
  Non-négociables: 9.0 + 3.0 + 7.0 + 3.0 + 0.0 + 7.0 + 1.0 + 7.0 + 2.0 + 1.5 + 4.0 = 44.5
  Souhaits importants: 1.0 + 3.0 + 0.0 + 0.0 = 4.0
  Souhaits secondaires:  = 0
  TOTAL: 48.5
Calling Bedrock agent ZGK3NF5FWW (alias: YQF8BEKCCF) for centris 23215645
Prompt: Score total pour categorie SOUHAITS SECONDAIRES pour centris num 23215645
Agent response: 

SOUHAITS SECONDAIRES - Centris #23215645
==========================================
Propriété: 5140 Rue Hubert-Guertin, Longueuil (Saint-Hubert)

Scores Individuels:
------------------
16. Calme et sécurité: 1.0 - Rue paisible sans issue (cul-de-sac), quartier résidentiel tranquille

17. Proximité parcs: 1.0 - Proximité d'un parc mentionnée explicitement et piste cyclable accessible

18. Potentiel de revente: 1.0 - Propriété reconstruite en 2017, secteur prisé avec proximité REM, autoroutes et services

19. Flexibilité: 1.0 - Bureau indépendant à la maison, possibilité de 6e chambre, sous-sol totalement aménagé permettant diverses configurations

20. Électroménagers inclus: 1.0 - Plusieurs électroménagers inclus: hotte micro-ondes, lave-vaisselle, balayeuse centrale + accessoires

22. Air climatisé mural: 0.5 - 2 thermopompes et 2 unités murales incluses

23. Extras: 0.5 - Système d'alarme, caméras extérieures, échangeur d'air (pas de garantie GCR mentionnée)

24. Superficie habitable: 1.0 - Dimensions du bâtiment 28'1" X 36' = environ 1,011 pi² (base), avec 10 pièces la superficie est estimée entre 1,000-1,199 pi²

25. Fenestration/Orientation: 0.0 - Information sur l'orientation Sud/Sud-Est non disponible

26. Stationnement (Allée): 1.0 - Allée (2 places) + abri d'auto (1), total de 3 places

27. Isolation/Résilience hiver: 0.5 - Propriété reconstruite en 2017, toiture en bardeaux d'asphalte récents, isolation moderne supposée

28. Date d'emménagement: 0.0 - Information non disponible dans les documents

29. Aménagement intérieur: 0.5 - Cuisine fonctionnelle, sous-sol totalement aménagé (pas de mention explicite "cuisine moderne")

30. Espace rangement: 1.0 - Remise incluse + sous-sol totalement aménagé avec atelier

31. Zone gazon/jardin: 0.5 - Grande cour, terrain de 54' X 90'11" (pas de mention de jardin aménagé spécifiquement)

==========================================
SCORE TOTAL - SOUHAITS SECONDAIRES: 10.5 / 15 points

Calcul détaillé: 1.0 + 1.0 + 1.0 + 1.0 + 1.0 + 0.5 + 0.5 + 1.0 + 0.0 + 1.0 + 0.5 + 0.0 + 0.5 + 1.0 + 0.5 = 10.5 points



Reference URLs used (4 total):
  [1] https://www.remax-quebec.com/fr/proprietes/maison-a-vendre-rive-sud-de-montreal/5140-rue-hubert-guertin-longueuil-saint-hubert-orchard-23215645
  [2] https://www.remax-quebec.com/fr/proprietes/maison-a-vendre-rive-sud-de-montreal/5140-rue-hubert-guertin-longueuil-saint-hubert-orchard-23215645
  [3] https://www.remax-quebec.com/fr/proprietes/maison-a-vendre-rive-sud-de-montreal/5140-rue-hubert-guertin-longueuil-saint-hubert-orchard-23215645
  [4] https://www.remax-quebec.com/fr/proprietes/maison-a-vendre-rive-sud-de-montreal/5140-rue-hubert-guertin-longueuil-saint-hubert-orchard-23215645
Extracted score: 10.5

centris no 26451970:
Total criteria rows to process: 129
  Processing: Prix (Source: Excel, Category: Non-négociables)
    Found 6 ranges: [('820 000 $-850 000 $', 7.0), ('800 000 $-820 000 $', 9.0), ('750 000 $-800 000 $', 10.0), ('700 000 $-750 000 $', 9.0), ('650 000 $-700 000 $', 5.0), ('400 000 $-650 000 $', 3.0)]
      Comparing '849 800 $' vs '820 000 $-850 000 $'
    Prix (Excel): 849 800 $ in range 820 000 $-850 000 $ -> 7.0 pts
  Processing: Type de bâtiment (Source: Excel, Category: Non-négociables)
    Found 2 ranges: [('Isolé (détaché)', 3.0), ('NON', 0.0)]
      Comparing 'Isolé (détaché)' vs 'Isolé (détaché)'
    Type de bâtiment (Excel): Isolé (détaché) matches Isolé (détaché) -> 3.0 pts
  Processing: Style de bâtiment (Source: Excel, Category: Non-négociables)
    Found 3 ranges: [('de plain-pied', 7.0), ('à étages', 6.0), ('Cottage', 4.0)]
      Comparing 'à étages' vs 'de plain-pied'
      Comparing 'à étages' vs 'à étages'
    Style de bâtiment (Excel): à étages matches à étages -> 6.0 pts
  Processing: Année de construction (Source: Excel, Category: Non-négociables)
    Found 6 ranges: [('2024-2025', 6.0), ('2022-2023', 5.0), ('2020-2021', 4.0), ('2017-2019', 3.0), ('2010-2016', 2.0), ('2000-2009', 1.0)]
      Comparing '2011' vs '2024-2025'
      Comparing '2011' vs '2022-2023'
      Comparing '2011' vs '2020-2021'
      Comparing '2011' vs '2017-2019'
      Comparing '2011' vs '2010-2016'
    Année de construction (Excel): 2011 in range 2010-2016 -> 2.0 pts
  Processing: Garage (Source: Excel, Category: Non-négociables)
    Found 2 ranges: [('OUI', 5.0), ('Non', 0.0)]
      Comparing 'Non' vs 'OUI'
      Comparing 'Non' vs 'Non'
    Garage (Excel): Non matches Non -> 0.0 pts
    Garage (Excel): Non -> No match found -> 0 pts
  Processing: Pièces (Source: Excel, Category: Non-négociables)
    Found 4 ranges: [('14-25', 8.0), ('10-13', 7.0), ('7-9', 4.0), ('0-6', 1.0)]
      Comparing '11' vs '14-25'
      Comparing '11' vs '10-13'
    Pièces (Excel): 11 in range 10-13 -> 7.0 pts
  Processing: Date d'app/maj (Source: Excel, Category: Non-négociables)
    Found 3 ranges: [('0-4', 4.0), ('5-8', 3.0), ('9-12', 1.0)]
      Comparing 'depuis 11 jours' vs '0-4'
      Comparing 'depuis 11 jours' vs '5-8'
      Comparing 'depuis 11 jours' vs '9-12'
    Date d'app/maj (Excel): depuis 11 jours in range 9-12 -> 1.0 pts
  Processing: Secteur (Source: Excel, Category: Non-négociables)
    Found 4 ranges: [('Vieux-Longueuil', 9.0), ('Greenfield Park', 4.0), ('Saint-Hubert', 7.0), ('Brossard', 6.0)]
      Comparing 'Saint-Hubert' vs 'Vieux-Longueuil'
      Comparing 'Saint-Hubert' vs 'Greenfield Park'
      Comparing 'Saint-Hubert' vs 'Saint-Hubert'
    Secteur (Excel): Saint-Hubert matches Saint-Hubert -> 7.0 pts
  Processing: DollardDistance (Source: Excel, Category: Non-négociables)
    Found 4 ranges: [('0-10', 5.0), ('11-15', 2.0), ('16-20', 1.0), ('21+', 0.0)]
      Comparing '18' vs '0-10'
      Comparing '18' vs '11-15'
      Comparing '18' vs '16-20'
    DollardDistance (Excel): 18 in range 16-20 -> 1.0 pts
  Processing: WalkScore (Source: Excel, Category: Non-négociables)
    Found 4 ranges: [('80-100', 2.0), ('60-79', 1.5), ('40-59', 1.0), ('<40', 0.0)]
      Comparing '32' vs '80-100'
      Comparing '32' vs '60-79'
      Comparing '32' vs '40-59'
      Comparing '32' vs '<40'
    WalkScore (Excel): 32 -> No match found -> 0 pts
  Processing: SuperficieDuterrain (Source: Excel, Category: Non-négociables)
    Found 5 ranges: [('7000-15000 pc', 6.0), ('5500-6999 pc', 5.0), ('4500-5499 pc', 4.0), ('3500-4499 pc', 2.0), ('0-3499 pc', 1.0)]
      Comparing '4 855 pc' vs '7000-15000 pc'
      Comparing '4 855 pc' vs '5500-6999 pc'
      Comparing '4 855 pc' vs '4500-5499 pc'
    SuperficieDuterrain (Excel): 4 855 pc in range 4500-5499 pc -> 4.0 pts
  Non-négociables category total: 7.0 + 3.0 + 6.0 + 2.0 + 0.0 + 7.0 + 1.0 + 7.0 + 1.0 + 0.0 + 4.0 = 38.0
  Processing: Énergie/Chauffage (Source: Excel, Category: Souhaits importants)
    Found 3 ranges: [('Électricité', 1.0), ('Électricité, Gaz naturel', 2.0), ('Électricité, Propane', 3.0)]
      Comparing 'Électricité' vs 'Électricité'
    Énergie/Chauffage (Excel): Électricité matches Électricité -> 1.0 pts
  Processing: SDB + SE (Source: Excel, Category: Souhaits importants)
    Found 3 ranges: [('1+1', 1.0), ('2+0', 3.0), ('2+1', 4.0)]
      Comparing '2+1' vs '1+1'
      Comparing '2+1' vs '2+0'
      Comparing '2+1' vs '2+1'
    SDB + SE (Excel): 2+1 matches 2+1 -> 4.0 pts
  Processing: Foyer-Poêle (Source: Excel, Category: Souhaits importants)
    Found 2 ranges: [('OUI', 5.0), ('NON', 0.0)]
      Comparing 'Non' vs 'OUI'
      Comparing 'Non' vs 'NON'
    Foyer-Poêle (Excel): Non matches NON -> 0.0 pts
    Foyer-Poêle (Excel): Non -> No match found -> 0 pts
  Processing: Piscine (Source: Excel, Category: Souhaits importants)
    Found 2 ranges: [('OUI', 8.0), ('NON', 0.0)]
      Comparing 'Non' vs 'OUI'
      Comparing 'Non' vs 'NON'
    Piscine (Excel): Non matches NON -> 0.0 pts
    Piscine (Excel): Non -> No match found -> 0 pts
  Souhaits importants category total: 1.0 + 4.0 + 0.0 + 0.0 = 5.0
  Processing Souhaits secondaires via Bedrock agent...
  Criteria processed by category: {'Non-négociables': 11, 'Souhaits importants': 4, 'Souhaits secondaires': 0}
  Non-négociables: 7.0 + 3.0 + 6.0 + 2.0 + 0.0 + 7.0 + 1.0 + 7.0 + 1.0 + 0.0 + 4.0 = 38.0
  Souhaits importants: 1.0 + 4.0 + 0.0 + 0.0 = 5.0
  Souhaits secondaires:  = 0
  TOTAL: 43.0
Calling Bedrock agent ZGK3NF5FWW (alias: YQF8BEKCCF) for centris 26451970
Prompt: Score total pour categorie SOUHAITS SECONDAIRES pour centris num 26451970
Agent response: 

SOUHAITS SECONDAIRES - Centris #26451970
==========================================
Document(s) utilisé(s) - Source validée:
Les documents utilisés contiennent bien le numéro Centris 26451970 (ULS: 26451970)
Adresse: 4768 Rue des Hydrangées, Longueuil (Saint-Hubert) - Westley

Scores Individuels:
------------------
16. Calme et sécurité: 1.0 - "Secteur calme et recherché" mentionné à plusieurs reprises, quartier paisible et résidentiel

17. Proximité parcs: 1.0 - Proximité aux parcs mentionnée explicitement, secteur bien desservi en espaces verts

18. Potentiel de revente: 1.0 - Secteur recherché, construction 2011 (récente), près des commodités, accès autoroutes 10 et 30, fort potentiel

19. Flexibilité: 1.0 - Sous-sol totalement aménagé avec chambre et SDB, possibilité de location ou hébergement intergénérationnel

20. Électroménagers inclus: 0.0 - Exclusion explicite: "Tous les électroménagers"

22. Air climatisé mural: 0.5 - Climatiseur mural et thermopompe murale inclus dans les commodités

23. Extras: 0.5 - Grande terrasse incluse (partiel), pas de mention de garantie GCR

24. Superficie habitable: 1.0 - Calcul approximatif basé sur dimensions 27' X 27'1" sur 2 étages + sous-sol aménagé ≈ 730 pi² × 2 + sous-sol partiel ≈ 1460-1800 pi² (catégorie 0-1000 pi²+ dépasse probablement 1000 pi²)

25. Fenestration/Orientation: 0.25 - "Vaste pièce très lumineuse" mentionnée, fenêtres PVC avec porte-fenêtre, mais orientation non précisée

26. Stationnement (Allée): 1.0 - Allée pavée uni avec 4 places de stationnement

27. Isolation/Résilience hiver: 0.25 - Construction 2011 (relativement récente), mais pas de mention spécifique sur toiture récente ou isolation optimale

28. Date d'emménagement: 0.0 - Information non disponible dans les documents consultés

29. Aménagement intérieur: 0.5 - Cuisine moderne confirmée + sous-sol totalement aménagé avec salle familiale et chambre

30. Espace rangement: 0.5 - Sous-sol avec espace rangement (7'10" X 17'6"), mais pas de mention de cabanon

31. Zone gazon/jardin: 0.5 - Cour arrière clôturée de belle dimension (4 855 pi² terrain), mais pas de mention de jardin aménagé spécifique

==========================================
SCORE TOTAL - SOUHAITS SECONDAIRES: 9.0 / 15 points

Calcul détaillé: 1.0 + 1.0 + 1.0 + 1.0 + 0.0 + 0.5 + 0.5 + 1.0 + 0.25 + 1.0 + 0.25 + 0.0 + 0.5 + 0.5 + 0.5 = 9.0

⚠️ RAPPEL: Seuls les documents avec l'URL contenant le numéro Centris 26451970 ont été utilisés.



Reference URLs used (9 total):
  [1] https://www.remax-quebec.com/fr/proprietes/maison-a-vendre-rive-sud-de-montreal/4768-rue-des-hydrangees-longueuil-saint-hubert-westley-26451970
  [2] https://www.remax-quebec.com/fr/proprietes/maison-a-vendre-rive-sud-de-montreal/4768-rue-des-hydrangees-longueuil-saint-hubert-westley-26451970
  [3] https://www.remax-quebec.com/fr/proprietes/maison-a-vendre-rive-sud-de-montreal/4768-rue-des-hydrangees-longueuil-saint-hubert-westley-26451970
  [4] https://www.remax-quebec.com/fr/proprietes/maison-a-vendre-rive-sud-de-montreal/4768-rue-des-hydrangees-longueuil-saint-hubert-westley-26451970
  [5] https://www.remax-quebec.com/fr/proprietes/maison-a-vendre-rive-sud-de-montreal/4768-rue-des-hydrangees-longueuil-saint-hubert-westley-26451970
  [6] https://www.remax-quebec.com/fr/proprietes/maison-a-vendre-rive-sud-de-montreal/4768-rue-des-hydrangees-longueuil-saint-hubert-westley-26451970
  [7] https://www.remax-quebec.com/fr/proprietes/maison-a-vendre-rive-sud-de-montreal/4768-rue-des-hydrangees-longueuil-saint-hubert-westley-26451970
  [8] https://www.remax-quebec.com/fr/proprietes/maison-a-vendre-rive-sud-de-montreal/4768-rue-des-hydrangees-longueuil-saint-hubert-westley-26451970
  [9] https://www.remax-quebec.com/fr/proprietes/maison-a-vendre-rive-sud-de-montreal/4768-rue-des-hydrangees-longueuil-saint-hubert-westley-26451970
Extracted score: 9.0

centris no 28956420:
Total criteria rows to process: 129
  Processing: Prix (Source: Excel, Category: Non-négociables)
    Found 6 ranges: [('820 000 $-850 000 $', 7.0), ('800 000 $-820 000 $', 9.0), ('750 000 $-800 000 $', 10.0), ('700 000 $-750 000 $', 9.0), ('650 000 $-700 000 $', 5.0), ('400 000 $-650 000 $', 3.0)]
      Comparing '659 000 $' vs '820 000 $-850 000 $'
      Comparing '659 000 $' vs '800 000 $-820 000 $'
      Comparing '659 000 $' vs '750 000 $-800 000 $'
      Comparing '659 000 $' vs '700 000 $-750 000 $'
      Comparing '659 000 $' vs '650 000 $-700 000 $'
    Prix (Excel): 659 000 $ in range 650 000 $-700 000 $ -> 5.0 pts
  Processing: Type de bâtiment (Source: Excel, Category: Non-négociables)
    Found 2 ranges: [('Isolé (détaché)', 3.0), ('NON', 0.0)]
      Comparing 'Isolé (détaché)' vs 'Isolé (détaché)'
    Type de bâtiment (Excel): Isolé (détaché) matches Isolé (détaché) -> 3.0 pts
  Processing: Style de bâtiment (Source: Excel, Category: Non-négociables)
    Found 3 ranges: [('de plain-pied', 7.0), ('à étages', 6.0), ('Cottage', 4.0)]
      Comparing 'de plain-pied' vs 'de plain-pied'
    Style de bâtiment (Excel): de plain-pied matches de plain-pied -> 7.0 pts
  Processing: Année de construction (Source: Excel, Category: Non-négociables)
    Found 6 ranges: [('2024-2025', 6.0), ('2022-2023', 5.0), ('2020-2021', 4.0), ('2017-2019', 3.0), ('2010-2016', 2.0), ('2000-2009', 1.0)]
      Comparing '2014' vs '2024-2025'
      Comparing '2014' vs '2022-2023'
      Comparing '2014' vs '2020-2021'
      Comparing '2014' vs '2017-2019'
      Comparing '2014' vs '2010-2016'
    Année de construction (Excel): 2014 in range 2010-2016 -> 2.0 pts
  Processing: Garage (Source: Excel, Category: Non-négociables)
    Found 2 ranges: [('OUI', 5.0), ('Non', 0.0)]
      Comparing 'Non' vs 'OUI'
      Comparing 'Non' vs 'Non'
    Garage (Excel): Non matches Non -> 0.0 pts
    Garage (Excel): Non -> No match found -> 0 pts
  Processing: Pièces (Source: Excel, Category: Non-négociables)
    Found 4 ranges: [('14-25', 8.0), ('10-13', 7.0), ('7-9', 4.0), ('0-6', 1.0)]
      Comparing '12' vs '14-25'
      Comparing '12' vs '10-13'
    Pièces (Excel): 12 in range 10-13 -> 7.0 pts
  Processing: Date d'app/maj (Source: Excel, Category: Non-négociables)
    Found 3 ranges: [('0-4', 4.0), ('5-8', 3.0), ('9-12', 1.0)]
      Comparing 'depuis 11 jours' vs '0-4'
      Comparing 'depuis 11 jours' vs '5-8'
      Comparing 'depuis 11 jours' vs '9-12'
    Date d'app/maj (Excel): depuis 11 jours in range 9-12 -> 1.0 pts
  Processing: Secteur (Source: Excel, Category: Non-négociables)
    Found 4 ranges: [('Vieux-Longueuil', 9.0), ('Greenfield Park', 4.0), ('Saint-Hubert', 7.0), ('Brossard', 6.0)]
      Comparing 'Le Vieux-Longueuil' vs 'Vieux-Longueuil'
      Comparing 'Le Vieux-Longueuil' vs 'Greenfield Park'
      Comparing 'Le Vieux-Longueuil' vs 'Saint-Hubert'
      Comparing 'Le Vieux-Longueuil' vs 'Brossard'
    Secteur (Excel): Le Vieux-Longueuil -> No match found -> 0 pts
  Processing: DollardDistance (Source: Excel, Category: Non-négociables)
    Found 4 ranges: [('0-10', 5.0), ('11-15', 2.0), ('16-20', 1.0), ('21+', 0.0)]
      Comparing '4' vs '0-10'
    DollardDistance (Excel): 4 in range 0-10 -> 5.0 pts
  Processing: WalkScore (Source: Excel, Category: Non-négociables)
    Found 4 ranges: [('80-100', 2.0), ('60-79', 1.5), ('40-59', 1.0), ('<40', 0.0)]
      Comparing '89' vs '80-100'
    WalkScore (Excel): 89 in range 80-100 -> 2.0 pts
  Processing: SuperficieDuterrain (Source: Excel, Category: Non-négociables)
    Found 5 ranges: [('7000-15000 pc', 6.0), ('5500-6999 pc', 5.0), ('4500-5499 pc', 4.0), ('3500-4499 pc', 2.0), ('0-3499 pc', 1.0)]
      Comparing '4 940 pc' vs '7000-15000 pc'
      Comparing '4 940 pc' vs '5500-6999 pc'
      Comparing '4 940 pc' vs '4500-5499 pc'
    SuperficieDuterrain (Excel): 4 940 pc in range 4500-5499 pc -> 4.0 pts
  Non-négociables category total: 5.0 + 3.0 + 7.0 + 2.0 + 0.0 + 7.0 + 1.0 + 0.0 + 5.0 + 2.0 + 4.0 = 36.0
  Processing: Énergie/Chauffage (Source: Excel, Category: Souhaits importants)
    Found 3 ranges: [('Électricité', 1.0), ('Électricité, Gaz naturel', 2.0), ('Électricité, Propane', 3.0)]
      Comparing 'Électricité' vs 'Électricité'
    Énergie/Chauffage (Excel): Électricité matches Électricité -> 1.0 pts
  Processing: SDB + SE (Source: Excel, Category: Souhaits importants)
    Found 3 ranges: [('1+1', 1.0), ('2+0', 3.0), ('2+1', 4.0)]
      Comparing '2+0' vs '1+1'
      Comparing '2+0' vs '2+0'
    SDB + SE (Excel): 2+0 matches 2+0 -> 3.0 pts
  Processing: Foyer-Poêle (Source: Excel, Category: Souhaits importants)
    Found 2 ranges: [('OUI', 5.0), ('NON', 0.0)]
      Comparing 'Non' vs 'OUI'
      Comparing 'Non' vs 'NON'
    Foyer-Poêle (Excel): Non matches NON -> 0.0 pts
    Foyer-Poêle (Excel): Non -> No match found -> 0 pts
  Processing: Piscine (Source: Excel, Category: Souhaits importants)
    Found 2 ranges: [('OUI', 8.0), ('NON', 0.0)]
      Comparing 'Non' vs 'OUI'
      Comparing 'Non' vs 'NON'
    Piscine (Excel): Non matches NON -> 0.0 pts
    Piscine (Excel): Non -> No match found -> 0 pts
  Souhaits importants category total: 1.0 + 3.0 + 0.0 + 0.0 = 4.0
  Processing Souhaits secondaires via Bedrock agent...
  Criteria processed by category: {'Non-négociables': 11, 'Souhaits importants': 4, 'Souhaits secondaires': 0}
  Non-négociables: 5.0 + 3.0 + 7.0 + 2.0 + 0.0 + 7.0 + 1.0 + 0.0 + 5.0 + 2.0 + 4.0 = 36.0
  Souhaits importants: 1.0 + 3.0 + 0.0 + 0.0 = 4.0
  Souhaits secondaires:  = 0
  TOTAL: 40.0
Calling Bedrock agent ZGK3NF5FWW (alias: YQF8BEKCCF) for centris 28956420
Prompt: Score total pour categorie SOUHAITS SECONDAIRES pour centris num 28956420
Agent response: 

# SOUHAITS SECONDAIRES - Centris #28956420
==========================================

**Document(s) utilisé(s) - Source validée:**
- URL contenant le numéro Centris 28956420 (https://realestate.marketingwebsites.ca/property-images/28956420/)

**Adresse:** 1079 Rue Albani, Longueuil (Le Vieux-Longueuil), QC J4K1R1

---

## Scores Individuels:
------------------

**16. Calme et sécurité: 1.0** - Terrain d'angle paisible bordé par deux rues tranquilles, quartier résidentiel calme de Longueuil.

**17. Proximité parcs: 1.0** - Proximité immédiate aux parcs-espaces verts et pistes cyclables mentionnées dans les caractéristiques.

**18. Potentiel de revente: 1.0** - Fort potentiel: secteur stratégique, construction récente (2014), possibilité de conversion en duplex autorisée, proximité métro ligne Jaune et 15 min du centre-ville de Montréal.

**19. Flexibilité: 1.0** - Possibilité d'ajouter un garage dans la cour ET conversion en duplex autorisée par la Ville de Longueuil (rez-de-chaussée peut devenir unité indépendante).

**20. Électroménagers inclus: 0.0** - Aucun électroménager mentionné dans les inclusions (seulement éclairage, auvent, aspirateur central, climatiseur mural, échangeur d'air).

**22. Air climatisé mural: 0.5** - Climatiseur mural inclus et mentionné explicitement.

**23. Extras: 1.0** - Grande terrasse de 150 pi² avec auvent rétractable + cabanon lumineux de 200 pi² avec fenêtres + système de sécurité et caméras installés.

**24. Superficie habitable: 0.0** - Superficie habitable indiquée à 0 pi² dans la fiche (donnée manquante ou erronée, impossible d'évaluer correctement).

**25. Fenestration/Orientation: 0.5** - Fenêtres sur les quatre façades offrant une lumière naturelle abondante, maison lumineuse et spacieuse.

**26. Stationnement (Allée): 1.0** - Deux entrées de stationnement donnant sur des rues distinctes avec potentiel d'ajout de garage.

**27. Isolation/Résilience hiver: 0.5** - Toiture en bardeaux d'asphalte, sous-sol aménagé 2023 avec insonorisation supérieure + échangeur d'air en continu, construction récente (2014).

**28. Date d'emménagement: 1.0** - Maison existante disponible, emménagement possible avant juillet 2026.

**29. Aménagement intérieur: 0.5** - Cuisine standard présente + sous-sol entièrement aménagé en 2023 avec matériaux de haute qualité et hauteur de 8 pieds.

**30. Espace rangement: 1.0** - Cabanon de 200 pi² ET sous-sol aménagé avec salle de rangement, quatre grands garde-robes, espace sous l'escalier.

**31. Zone gazon/jardin: 0.5** - Terrain d'angle de 4939.56 pi², cour entièrement clôturée, mais pas de mention spécifique d'un jardin aménagé (gazon simple présumé).

---

## ==========================================
## **SCORE TOTAL - SOUHAITS SECONDAIRES: 10.0 / 15 points**

**Calcul détaillé:** 1.0 + 1.0 + 1.0 + 1.0 + 0.0 + 0.5 + 1.0 + 0.0 + 0.5 + 1.0 + 0.5 + 1.0 + 0.5 + 1.0 + 0.5 = **10.0 points**

⚠️ **RAPPEL:** Seuls les documents avec l'URL contenant le numéro Centris 28956420 ont été utilisés.

⚠️ **NOTE IMPORTANTE:** La superficie habitable est indiquée à 0 pi² dans la fiche Centris, ce qui est incohérent avec une maison de plain-pied + sous-sol aménagé. Ce critère obtient 0 point faute de données fiables. Si la superficie réelle était disponible, le score pourrait augmenter de 1 à 3 points.



Reference URLs used (1 total):
  [1] https://charisma.ca/fr/properties/?mls=28956420
Extracted score: 10.0

centris no 18278673:
Total criteria rows to process: 129
  Processing: Prix (Source: Excel, Category: Non-négociables)
    Found 6 ranges: [('820 000 $-850 000 $', 7.0), ('800 000 $-820 000 $', 9.0), ('750 000 $-800 000 $', 10.0), ('700 000 $-750 000 $', 9.0), ('650 000 $-700 000 $', 5.0), ('400 000 $-650 000 $', 3.0)]
      Comparing '699 000 $' vs '820 000 $-850 000 $'
      Comparing '699 000 $' vs '800 000 $-820 000 $'
      Comparing '699 000 $' vs '750 000 $-800 000 $'
      Comparing '699 000 $' vs '700 000 $-750 000 $'
      Comparing '699 000 $' vs '650 000 $-700 000 $'
    Prix (Excel): 699 000 $ in range 650 000 $-700 000 $ -> 5.0 pts
  Processing: Type de bâtiment (Source: Excel, Category: Non-négociables)
    Found 2 ranges: [('Isolé (détaché)', 3.0), ('NON', 0.0)]
      Comparing 'Isolé (détaché)' vs 'Isolé (détaché)'
    Type de bâtiment (Excel): Isolé (détaché) matches Isolé (détaché) -> 3.0 pts
  Processing: Style de bâtiment (Source: Excel, Category: Non-négociables)
    Found 3 ranges: [('de plain-pied', 7.0), ('à étages', 6.0), ('Cottage', 4.0)]
      Comparing 'de plain-pied' vs 'de plain-pied'
    Style de bâtiment (Excel): de plain-pied matches de plain-pied -> 7.0 pts
  Processing: Année de construction (Source: Excel, Category: Non-négociables)
    Found 6 ranges: [('2024-2025', 6.0), ('2022-2023', 5.0), ('2020-2021', 4.0), ('2017-2019', 3.0), ('2010-2016', 2.0), ('2000-2009', 1.0)]
      Comparing '2001' vs '2024-2025'
      Comparing '2001' vs '2022-2023'
      Comparing '2001' vs '2020-2021'
      Comparing '2001' vs '2017-2019'
      Comparing '2001' vs '2010-2016'
      Comparing '2001' vs '2000-2009'
    Année de construction (Excel): 2001 in range 2000-2009 -> 1.0 pts
  Processing: Garage (Source: Excel, Category: Non-négociables)
    Found 2 ranges: [('OUI', 5.0), ('Non', 0.0)]
      Comparing 'Oui' vs 'OUI'
    Garage (Excel): Oui matches OUI -> 5.0 pts
  Processing: Pièces (Source: Excel, Category: Non-négociables)
    Found 4 ranges: [('14-25', 8.0), ('10-13', 7.0), ('7-9', 4.0), ('0-6', 1.0)]
      Comparing '11' vs '14-25'
      Comparing '11' vs '10-13'
    Pièces (Excel): 11 in range 10-13 -> 7.0 pts
  Processing: Date d'app/maj (Source: Excel, Category: Non-négociables)
    Found 3 ranges: [('0-4', 4.0), ('5-8', 3.0), ('9-12', 1.0)]
      Comparing 'depuis 11 jours' vs '0-4'
      Comparing 'depuis 11 jours' vs '5-8'
      Comparing 'depuis 11 jours' vs '9-12'
    Date d'app/maj (Excel): depuis 11 jours in range 9-12 -> 1.0 pts
  Processing: Secteur (Source: Excel, Category: Non-négociables)
    Found 4 ranges: [('Vieux-Longueuil', 9.0), ('Greenfield Park', 4.0), ('Saint-Hubert', 7.0), ('Brossard', 6.0)]
      Comparing 'Le Vieux-Longueuil' vs 'Vieux-Longueuil'
      Comparing 'Le Vieux-Longueuil' vs 'Greenfield Park'
      Comparing 'Le Vieux-Longueuil' vs 'Saint-Hubert'
      Comparing 'Le Vieux-Longueuil' vs 'Brossard'
    Secteur (Excel): Le Vieux-Longueuil -> No match found -> 0 pts
  Processing: DollardDistance (Source: Excel, Category: Non-négociables)
    Found 4 ranges: [('0-10', 5.0), ('11-15', 2.0), ('16-20', 1.0), ('21+', 0.0)]
      Comparing '12' vs '0-10'
      Comparing '12' vs '11-15'
    DollardDistance (Excel): 12 in range 11-15 -> 2.0 pts
  Processing: WalkScore (Source: Excel, Category: Non-négociables)
    Found 4 ranges: [('80-100', 2.0), ('60-79', 1.5), ('40-59', 1.0), ('<40', 0.0)]
      Comparing '46' vs '80-100'
      Comparing '46' vs '60-79'
      Comparing '46' vs '40-59'
    WalkScore (Excel): 46 in range 40-59 -> 1.0 pts
  Processing: SuperficieDuterrain (Source: Excel, Category: Non-négociables)
    Found 5 ranges: [('7000-15000 pc', 6.0), ('5500-6999 pc', 5.0), ('4500-5499 pc', 4.0), ('3500-4499 pc', 2.0), ('0-3499 pc', 1.0)]
      Comparing '4 018 pc' vs '7000-15000 pc'
      Comparing '4 018 pc' vs '5500-6999 pc'
      Comparing '4 018 pc' vs '4500-5499 pc'
      Comparing '4 018 pc' vs '3500-4499 pc'
    SuperficieDuterrain (Excel): 4 018 pc in range 3500-4499 pc -> 2.0 pts
  Non-négociables category total: 5.0 + 3.0 + 7.0 + 1.0 + 5.0 + 7.0 + 1.0 + 0.0 + 2.0 + 1.0 + 2.0 = 34.0
  Processing: Énergie/Chauffage (Source: Excel, Category: Souhaits importants)
    Found 3 ranges: [('Électricité', 1.0), ('Électricité, Gaz naturel', 2.0), ('Électricité, Propane', 3.0)]
      Comparing 'Électricité, Gaz naturel' vs 'Électricité'
      Comparing 'Électricité, Gaz naturel' vs 'Électricité, Gaz naturel'
    Énergie/Chauffage (Excel): Électricité, Gaz naturel matches Électricité, Gaz naturel -> 2.0 pts
  Processing: SDB + SE (Source: Excel, Category: Souhaits importants)
    Found 3 ranges: [('1+1', 1.0), ('2+0', 3.0), ('2+1', 4.0)]
      Comparing '2+0' vs '1+1'
      Comparing '2+0' vs '2+0'
    SDB + SE (Excel): 2+0 matches 2+0 -> 3.0 pts
  Processing: Foyer-Poêle (Source: Excel, Category: Souhaits importants)
    Found 2 ranges: [('OUI', 5.0), ('NON', 0.0)]
      Comparing 'Non' vs 'OUI'
      Comparing 'Non' vs 'NON'
    Foyer-Poêle (Excel): Non matches NON -> 0.0 pts
    Foyer-Poêle (Excel): Non -> No match found -> 0 pts
  Processing: Piscine (Source: Excel, Category: Souhaits importants)
    Found 2 ranges: [('OUI', 8.0), ('NON', 0.0)]
      Comparing 'Non' vs 'OUI'
      Comparing 'Non' vs 'NON'
    Piscine (Excel): Non matches NON -> 0.0 pts
    Piscine (Excel): Non -> No match found -> 0 pts
  Souhaits importants category total: 2.0 + 3.0 + 0.0 + 0.0 = 5.0
  Processing Souhaits secondaires via Bedrock agent...
  Criteria processed by category: {'Non-négociables': 11, 'Souhaits importants': 4, 'Souhaits secondaires': 0}
  Non-négociables: 5.0 + 3.0 + 7.0 + 1.0 + 5.0 + 7.0 + 1.0 + 0.0 + 2.0 + 1.0 + 2.0 = 34.0
  Souhaits importants: 2.0 + 3.0 + 0.0 + 0.0 = 5.0
  Souhaits secondaires:  = 0
  TOTAL: 39.0
Calling Bedrock agent ZGK3NF5FWW (alias: YQF8BEKCCF) for centris 18278673
Prompt: Score total pour categorie SOUHAITS SECONDAIRES pour centris num 18278673
Agent response: 

Le score total pour la catégorie SOUHAITS SECONDAIRES du Centris #18278673 (Longueuil, Le Vieux-Longueuil) est de **10.5 / 15 points**.

Points forts de la propriété:
- Secteur calme et sécuritaire (1.0 pt)
- Excellent potentiel de revente près de l'hôpital Pierre-Boucher (1.0 pt)
- Grande flexibilité avec sous-sol totalement aménagé (1.0 pt)
- Extras intéressants: terrasse, abri de jardin, BBQ (1.0 pt)
- Bon espace de rangement (1.0 pt)
- Climatisation centrale installée (0.5 pt)
- Date d'emménagement favorable (1.0 pt)

Points à améliorer:
- Superficie habitable modeste ~1040 pi² (1.0 pt au lieu de 3.0 pt max)
- Fenestration et orientation non optimales (0.25 pt)
- Stationnement limité à 1 place garage (0.5 pt)
- Isolation/toiture sans mention de rénovations récentes (0.25 pt)



Reference URLs used (5 total):
  [1] https://www.remax-quebec.com/fr/proprietes/maison-a-vendre-rive-sud-de-montreal/1429-rue-du-beaujolais-longueuil-le-vieux-longueuil-pierre-boucher-18278673
  [2] https://www.remax-quebec.com/fr/proprietes/maison-a-vendre-rive-sud-de-montreal/1429-rue-du-beaujolais-longueuil-le-vieux-longueuil-pierre-boucher-18278673
  [3] https://www.remax-quebec.com/fr/proprietes/maison-a-vendre-rive-sud-de-montreal/1429-rue-du-beaujolais-longueuil-le-vieux-longueuil-pierre-boucher-18278673
  [4] https://www.remax-quebec.com/fr/proprietes/maison-a-vendre-rive-sud-de-montreal/1429-rue-du-beaujolais-longueuil-le-vieux-longueuil-pierre-boucher-18278673
  [5] https://www.remax-quebec.com/fr/proprietes/maison-a-vendre-rive-sud-de-montreal/1429-rue-du-beaujolais-longueuil-le-vieux-longueuil-pierre-boucher-18278673
No score found in response

centris no 24569753:
Total criteria rows to process: 129
  Processing: Prix (Source: Excel, Category: Non-négociables)
    Found 6 ranges: [('820 000 $-850 000 $', 7.0), ('800 000 $-820 000 $', 9.0), ('750 000 $-800 000 $', 10.0), ('700 000 $-750 000 $', 9.0), ('650 000 $-700 000 $', 5.0), ('400 000 $-650 000 $', 3.0)]
      Comparing '819 900 $' vs '820 000 $-850 000 $'
      Comparing '819 900 $' vs '800 000 $-820 000 $'
    Prix (Excel): 819 900 $ in range 800 000 $-820 000 $ -> 9.0 pts
  Processing: Type de bâtiment (Source: Excel, Category: Non-négociables)
    Found 2 ranges: [('Isolé (détaché)', 3.0), ('NON', 0.0)]
      Comparing 'Isolé (détaché)' vs 'Isolé (détaché)'
    Type de bâtiment (Excel): Isolé (détaché) matches Isolé (détaché) -> 3.0 pts
  Processing: Style de bâtiment (Source: Excel, Category: Non-négociables)
    Found 3 ranges: [('de plain-pied', 7.0), ('à étages', 6.0), ('Cottage', 4.0)]
      Comparing 'à étages' vs 'de plain-pied'
      Comparing 'à étages' vs 'à étages'
    Style de bâtiment (Excel): à étages matches à étages -> 6.0 pts
  Processing: Année de construction (Source: Excel, Category: Non-négociables)
    Found 6 ranges: [('2024-2025', 6.0), ('2022-2023', 5.0), ('2020-2021', 4.0), ('2017-2019', 3.0), ('2010-2016', 2.0), ('2000-2009', 1.0)]
      Comparing '2000' vs '2024-2025'
      Comparing '2000' vs '2022-2023'
      Comparing '2000' vs '2020-2021'
      Comparing '2000' vs '2017-2019'
      Comparing '2000' vs '2010-2016'
      Comparing '2000' vs '2000-2009'
    Année de construction (Excel): 2000 in range 2000-2009 -> 1.0 pts
  Processing: Garage (Source: Excel, Category: Non-négociables)
    Found 2 ranges: [('OUI', 5.0), ('Non', 0.0)]
      Comparing 'Oui' vs 'OUI'
    Garage (Excel): Oui matches OUI -> 5.0 pts
  Processing: Pièces (Source: Excel, Category: Non-négociables)
    Found 4 ranges: [('14-25', 8.0), ('10-13', 7.0), ('7-9', 4.0), ('0-6', 1.0)]
      Comparing '9' vs '14-25'
      Comparing '9' vs '10-13'
      Comparing '9' vs '7-9'
    Pièces (Excel): 9 in range 7-9 -> 4.0 pts
  Processing: Date d'app/maj (Source: Excel, Category: Non-négociables)
    Found 3 ranges: [('0-4', 4.0), ('5-8', 3.0), ('9-12', 1.0)]
      Comparing 'depuis 11 jours' vs '0-4'
      Comparing 'depuis 11 jours' vs '5-8'
      Comparing 'depuis 11 jours' vs '9-12'
    Date d'app/maj (Excel): depuis 11 jours in range 9-12 -> 1.0 pts
  Processing: Secteur (Source: Excel, Category: Non-négociables)
    Found 4 ranges: [('Vieux-Longueuil', 9.0), ('Greenfield Park', 4.0), ('Saint-Hubert', 7.0), ('Brossard', 6.0)]
      Comparing 'Le Vieux-Longueuil' vs 'Vieux-Longueuil'
      Comparing 'Le Vieux-Longueuil' vs 'Greenfield Park'
      Comparing 'Le Vieux-Longueuil' vs 'Saint-Hubert'
      Comparing 'Le Vieux-Longueuil' vs 'Brossard'
    Secteur (Excel): Le Vieux-Longueuil -> No match found -> 0 pts
  Processing: DollardDistance (Source: Excel, Category: Non-négociables)
    Found 4 ranges: [('0-10', 5.0), ('11-15', 2.0), ('16-20', 1.0), ('21+', 0.0)]
      Comparing '12' vs '0-10'
      Comparing '12' vs '11-15'
    DollardDistance (Excel): 12 in range 11-15 -> 2.0 pts
  Processing: WalkScore (Source: Excel, Category: Non-négociables)
    Found 4 ranges: [('80-100', 2.0), ('60-79', 1.5), ('40-59', 1.0), ('<40', 0.0)]
      Comparing '48' vs '80-100'
      Comparing '48' vs '60-79'
      Comparing '48' vs '40-59'
    WalkScore (Excel): 48 in range 40-59 -> 1.0 pts
  Processing: SuperficieDuterrain (Source: Excel, Category: Non-négociables)
    Found 5 ranges: [('7000-15000 pc', 6.0), ('5500-6999 pc', 5.0), ('4500-5499 pc', 4.0), ('3500-4499 pc', 2.0), ('0-3499 pc', 1.0)]
      Comparing '4 272 pc' vs '7000-15000 pc'
      Comparing '4 272 pc' vs '5500-6999 pc'
      Comparing '4 272 pc' vs '4500-5499 pc'
      Comparing '4 272 pc' vs '3500-4499 pc'
    SuperficieDuterrain (Excel): 4 272 pc in range 3500-4499 pc -> 2.0 pts
  Non-négociables category total: 9.0 + 3.0 + 6.0 + 1.0 + 5.0 + 4.0 + 1.0 + 0.0 + 2.0 + 1.0 + 2.0 = 34.0
  Processing: Énergie/Chauffage (Source: Excel, Category: Souhaits importants)
    Found 3 ranges: [('Électricité', 1.0), ('Électricité, Gaz naturel', 2.0), ('Électricité, Propane', 3.0)]
      Comparing 'Électricité, Propane' vs 'Électricité'
      Comparing 'Électricité, Propane' vs 'Électricité, Gaz naturel'
      Comparing 'Électricité, Propane' vs 'Électricité, Propane'
    Énergie/Chauffage (Excel): Électricité, Propane matches Électricité, Propane -> 3.0 pts
  Processing: SDB + SE (Source: Excel, Category: Souhaits importants)
    Found 3 ranges: [('1+1', 1.0), ('2+0', 3.0), ('2+1', 4.0)]
      Comparing '1+1' vs '1+1'
    SDB + SE (Excel): 1+1 matches 1+1 -> 1.0 pts
  Processing: Foyer-Poêle (Source: Excel, Category: Souhaits importants)
    Found 2 ranges: [('OUI', 5.0), ('NON', 0.0)]
      Comparing 'Oui' vs 'OUI'
    Foyer-Poêle (Excel): Oui matches OUI -> 5.0 pts
  Processing: Piscine (Source: Excel, Category: Souhaits importants)
    Found 2 ranges: [('OUI', 8.0), ('NON', 0.0)]
      Comparing 'Oui' vs 'OUI'
    Piscine (Excel): Oui matches OUI -> 8.0 pts
  Souhaits importants category total: 3.0 + 1.0 + 5.0 + 8.0 = 17.0
  Processing Souhaits secondaires via Bedrock agent...
  Criteria processed by category: {'Non-négociables': 11, 'Souhaits importants': 4, 'Souhaits secondaires': 0}
  Non-négociables: 9.0 + 3.0 + 6.0 + 1.0 + 5.0 + 4.0 + 1.0 + 0.0 + 2.0 + 1.0 + 2.0 = 34.0
  Souhaits importants: 3.0 + 1.0 + 5.0 + 8.0 = 17.0
  Souhaits secondaires:  = 0
  TOTAL: 51.0
Calling Bedrock agent ZGK3NF5FWW (alias: YQF8BEKCCF) for centris 24569753
Prompt: Score total pour categorie SOUHAITS SECONDAIRES pour centris num 24569753
Agent response: SOUHAITS SECONDAIRES - Centris #24569753
==========================================

❌ **ÉVALUATION IMPOSSIBLE**

Aucun document trouvé dans la Knowledge Base pour le numéro Centris 24569753. 

**Raison**: La recherche dans la base de connaissances n'a retourné aucun document contenant des informations sur cette propriété.

**Action requise**: Veuillez vérifier que:
- Le numéro Centris 24569753 est correct
- Les données de cette propriété ont bien été indexées dans la Knowledge Base
- La propriété est toujours active sur Centris

Impossible d'effectuer l'évaluation des SOUHAITS SECONDAIRES sans accès aux données de la propriété.
No reference URLs found in response
No score found in response
