
centris no 26651106:
Total criteria rows to process: 129
  Processing: Prix (Source: Excel, Category: Non-négociables)
    Found 6 ranges: [('820 000 $-850 000 $', 7.0), ('800 000 $-820 000 $', 9.0), ('750 000 $-800 000 $', 10.0), ('700 000 $-750 000 $', 9.0), ('650 000 $-700 000 $', 5.0), ('400 000 $-650 000 $', 3.0)]
      Comparing '798 000 $' vs '820 000 $-850 000 $'
      Comparing '798 000 $' vs '800 000 $-820 000 $'
      Comparing '798 000 $' vs '750 000 $-800 000 $'
    Prix (Excel): 798 000 $ in range 750 000 $-800 000 $ -> 10.0 pts
  Processing: Type de bâtiment (Source: Excel, Category: Non-négociables)
    Found 2 ranges: [('Isolé (détaché)', 3.0), ('NON', 0.0)]
      Comparing 'Isolé (détaché)' vs 'Isolé (détaché)'
    Type de bâtiment (Excel): Isolé (détaché) matches Isolé (détaché) -> 3.0 pts
  Processing: Style de bâtiment (Source: Excel, Category: Non-négociables)
    Found 3 ranges: [('de plain-pied', 7.0), ('à étages', 6.0), ('Cottage', 4.0)]
      Comparing 'à étages' vs 'de plain-pied'
      Comparing 'à étages' vs 'à étages'
    Style de bâtiment (Excel): à étages matches à étages -> 6.0 pts
  Processing: Année de construction (Source: Excel, Category: Non-négociables)
    Found 6 ranges: [('2024-2025', 6.0), ('2022-2023', 5.0), ('2020-2021', 4.0), ('2017-2019', 3.0), ('2010-2016', 2.0), ('2000-2009', 1.0)]
      Comparing '2021' vs '2024-2025'
      Comparing '2021' vs '2022-2023'
      Comparing '2021' vs '2020-2021'
    Année de construction (Excel): 2021 in range 2020-2021 -> 4.0 pts
  Processing: Garage (Source: Excel, Category: Non-négociables)
    Found 2 ranges: [('OUI', 5.0), ('Non', 0.0)]
      Comparing 'Non' vs 'OUI'
      Comparing 'Non' vs 'Non'
    Garage (Excel): Non matches Non -> 0.0 pts
    Garage (Excel): Non -> No match found -> 0 pts
  Processing: Pièces (Source: Excel, Category: Non-négociables)
    Found 4 ranges: [('14-25', 8.0), ('10-13', 7.0), ('7-9', 4.0), ('0-6', 1.0)]
      Comparing '5' vs '14-25'
      Comparing '5' vs '10-13'
      Comparing '5' vs '7-9'
      Comparing '5' vs '0-6'
    Pièces (Excel): 5 in range 0-6 -> 1.0 pts
  Processing: Date d'app/maj (Source: Excel, Category: Non-négociables)
    Found 3 ranges: [('0-4', 4.0), ('5-8', 3.0), ('9-12', 1.0)]
      Comparing 'depuis 1 jour' vs '0-4'
    Date d'app/maj (Excel): depuis 1 jour in range 0-4 -> 4.0 pts
  Processing: Secteur (Source: Excel, Category: Non-négociables)
    Found 4 ranges: [('Vieux-Longueuil', 9.0), ('Greenfield Park', 4.0), ('Saint-Hubert', 7.0), ('Brossard', 6.0)]
      Comparing 'Saint-Hubert' vs 'Vieux-Longueuil'
      Comparing 'Saint-Hubert' vs 'Greenfield Park'
      Comparing 'Saint-Hubert' vs 'Saint-Hubert'
    Secteur (Excel): Saint-Hubert matches Saint-Hubert -> 7.0 pts
  Processing: DollardDistance (Source: Excel, Category: Non-négociables)
    Found 4 ranges: [('0-10', 5.0), ('11-15', 2.0), ('16-20', 1.0), ('21+', 0.0)]
      Comparing '13' vs '0-10'
      Comparing '13' vs '11-15'
    DollardDistance (Excel): 13 in range 11-15 -> 2.0 pts
  Processing: WalkScore (Source: Excel, Category: Non-négociables)
    Found 4 ranges: [('80-100', 2.0), ('60-79', 1.5), ('40-59', 1.0), ('<40', 0.0)]
      Comparing '84' vs '80-100'
    WalkScore (Excel): 84 in range 80-100 -> 2.0 pts
  Processing: SuperficieDuterrain (Source: Excel, Category: Non-négociables)
    Found 5 ranges: [('7000-15000 pc', 6.0), ('5500-6999 pc', 5.0), ('4500-5499 pc', 4.0), ('3500-4499 pc', 2.0), ('0-3499 pc', 1.0)]
      Comparing '3 150 pc' vs '7000-15000 pc'
      Comparing '3 150 pc' vs '5500-6999 pc'
      Comparing '3 150 pc' vs '4500-5499 pc'
      Comparing '3 150 pc' vs '3500-4499 pc'
      Comparing '3 150 pc' vs '0-3499 pc'
    SuperficieDuterrain (Excel): 3 150 pc in range 0-3499 pc -> 1.0 pts
  Non-négociables category total: 10.0 + 3.0 + 6.0 + 4.0 + 0.0 + 1.0 + 4.0 + 7.0 + 2.0 + 2.0 + 1.0 = 40.0
  Processing: Énergie/Chauffage (Source: Excel, Category: Souhaits importants)
    Found 3 ranges: [('Électricité', 1.0), ('Électricité, Gaz naturel', 2.0), ('Électricité, Propane', 3.0)]
  Processing: SDB + SE (Source: Excel, Category: Souhaits importants)
    Found 3 ranges: [('1+1', 1.0), ('2+0', 3.0), ('2+1', 4.0)]
      Comparing '2+1' vs '1+1'
      Comparing '2+1' vs '2+0'
      Comparing '2+1' vs '2+1'
    SDB + SE (Excel): 2+1 matches 2+1 -> 4.0 pts
  Processing: Foyer-Poêle (Source: Excel, Category: Souhaits importants)
    Found 2 ranges: [('OUI', 5.0), ('NON', 0.0)]
      Comparing 'Non' vs 'OUI'
      Comparing 'Non' vs 'NON'
    Foyer-Poêle (Excel): Non matches NON -> 0.0 pts
    Foyer-Poêle (Excel): Non -> No match found -> 0 pts
  Processing: Piscine (Source: Excel, Category: Souhaits importants)
    Found 2 ranges: [('OUI', 8.0), ('NON', 0.0)]
      Comparing 'Non' vs 'OUI'
      Comparing 'Non' vs 'NON'
    Piscine (Excel): Non matches NON -> 0.0 pts
    Piscine (Excel): Non -> No match found -> 0 pts
  Souhaits importants category total: 0.0 + 4.0 + 0.0 + 0.0 = 4.0
  Processing Souhaits secondaires via Bedrock agent...
  Criteria processed by category: {'Non-négociables': 11, 'Souhaits importants': 4, 'Souhaits secondaires': 0}
  Non-négociables: 10.0 + 3.0 + 6.0 + 4.0 + 0.0 + 1.0 + 4.0 + 7.0 + 2.0 + 2.0 + 1.0 = 40.0
  Souhaits importants: 0.0 + 4.0 + 0.0 + 0.0 = 4.0
  Souhaits secondaires:  = 0
  TOTAL: 44.0
Getting Souhaits Secondaires score for 26651106...
Calling Bedrock agent ZGK3NF5FWW (alias: YQF8BEKCCF) for centris 26651106
Prompt: Score total pour categorie SOUHAITS SECONDAIRES pour centris num 26651106
Agent response: Aucun document trouvé dans la Knowledge Base pour le numéro Centris 26651106. Impossible d'effectuer l'évaluation des SOUHAITS SECONDAIRES.

La Knowledge Base ne contient actuellement pas d'information sur cette propriété. Pour procéder à l'évaluation, veuillez vous assurer que les données de cette propriété ont été ajoutées à la base de connaissances.
No reference URLs found in response
No score found with any pattern
Full response text: Aucun document trouvé dans la Knowledge Base pour le numéro Centris 26651106. Impossible d'effectuer l'évaluation des SOUHAITS SECONDAIRES.

La Knowledge Base ne contient actuellement pas d'information sur cette propriété. Pour procéder à l'évaluation, veuillez vous assurer que les données de cette propriété ont été ajoutées à la base de connaissances.
Received score from agent: 0.0
Updated Excel - Secondaire column with value: 0.0
Saved Excel file

centris no 10639407:
Total criteria rows to process: 129
  Processing: Prix (Source: Excel, Category: Non-négociables)
    Found 6 ranges: [('820 000 $-850 000 $', 7.0), ('800 000 $-820 000 $', 9.0), ('750 000 $-800 000 $', 10.0), ('700 000 $-750 000 $', 9.0), ('650 000 $-700 000 $', 5.0), ('400 000 $-650 000 $', 3.0)]
      Comparing '799 000 $' vs '820 000 $-850 000 $'
      Comparing '799 000 $' vs '800 000 $-820 000 $'
      Comparing '799 000 $' vs '750 000 $-800 000 $'
    Prix (Excel): 799 000 $ in range 750 000 $-800 000 $ -> 10.0 pts
  Processing: Type de bâtiment (Source: Excel, Category: Non-négociables)
    Found 2 ranges: [('Isolé (détaché)', 3.0), ('NON', 0.0)]
      Comparing 'Isolé (détaché)' vs 'Isolé (détaché)'
    Type de bâtiment (Excel): Isolé (détaché) matches Isolé (détaché) -> 3.0 pts
  Processing: Style de bâtiment (Source: Excel, Category: Non-négociables)
    Found 3 ranges: [('de plain-pied', 7.0), ('à étages', 6.0), ('Cottage', 4.0)]
      Comparing 'à étages' vs 'de plain-pied'
      Comparing 'à étages' vs 'à étages'
    Style de bâtiment (Excel): à étages matches à étages -> 6.0 pts
  Processing: Année de construction (Source: Excel, Category: Non-négociables)
    Found 6 ranges: [('2024-2025', 6.0), ('2022-2023', 5.0), ('2020-2021', 4.0), ('2017-2019', 3.0), ('2010-2016', 2.0), ('2000-2009', 1.0)]
      Comparing '2018' vs '2024-2025'
      Comparing '2018' vs '2022-2023'
      Comparing '2018' vs '2020-2021'
      Comparing '2018' vs '2017-2019'
    Année de construction (Excel): 2018 in range 2017-2019 -> 3.0 pts
  Processing: Garage (Source: Excel, Category: Non-négociables)
    Found 2 ranges: [('OUI', 5.0), ('Non', 0.0)]
      Comparing 'Non' vs 'OUI'
      Comparing 'Non' vs 'Non'
    Garage (Excel): Non matches Non -> 0.0 pts
    Garage (Excel): Non -> No match found -> 0 pts
  Processing: Pièces (Source: Excel, Category: Non-négociables)
    Found 4 ranges: [('14-25', 8.0), ('10-13', 7.0), ('7-9', 4.0), ('0-6', 1.0)]
      Comparing '9' vs '14-25'
      Comparing '9' vs '10-13'
      Comparing '9' vs '7-9'
    Pièces (Excel): 9 in range 7-9 -> 4.0 pts
  Processing: Date d'app/maj (Source: Excel, Category: Non-négociables)
    Found 3 ranges: [('0-4', 4.0), ('5-8', 3.0), ('9-12', 1.0)]
      Comparing 'depuis 3 jours' vs '0-4'
    Date d'app/maj (Excel): depuis 3 jours in range 0-4 -> 4.0 pts
  Processing: Secteur (Source: Excel, Category: Non-négociables)
    Found 4 ranges: [('Vieux-Longueuil', 9.0), ('Greenfield Park', 4.0), ('Saint-Hubert', 7.0), ('Brossard', 6.0)]
      Comparing 'Le Vieux-Longueuil' vs 'Vieux-Longueuil'
      Comparing 'Le Vieux-Longueuil' vs 'Greenfield Park'
      Comparing 'Le Vieux-Longueuil' vs 'Saint-Hubert'
      Comparing 'Le Vieux-Longueuil' vs 'Brossard'
    Secteur (Excel): Le Vieux-Longueuil -> No match found -> 0 pts
  Processing: DollardDistance (Source: Excel, Category: Non-négociables)
    Found 4 ranges: [('0-10', 5.0), ('11-15', 2.0), ('16-20', 1.0), ('21+', 0.0)]
      Comparing '4' vs '0-10'
    DollardDistance (Excel): 4 in range 0-10 -> 5.0 pts
  Processing: WalkScore (Source: Excel, Category: Non-négociables)
    Found 4 ranges: [('80-100', 2.0), ('60-79', 1.5), ('40-59', 1.0), ('<40', 0.0)]
      Comparing '94' vs '80-100'
    WalkScore (Excel): 94 in range 80-100 -> 2.0 pts
  Processing: SuperficieDuterrain (Source: Excel, Category: Non-négociables)
    Found 5 ranges: [('7000-15000 pc', 6.0), ('5500-6999 pc', 5.0), ('4500-5499 pc', 4.0), ('3500-4499 pc', 2.0), ('0-3499 pc', 1.0)]
      Comparing '2 624 pc' vs '7000-15000 pc'
      Comparing '2 624 pc' vs '5500-6999 pc'
      Comparing '2 624 pc' vs '4500-5499 pc'
      Comparing '2 624 pc' vs '3500-4499 pc'
      Comparing '2 624 pc' vs '0-3499 pc'
    SuperficieDuterrain (Excel): 2 624 pc in range 0-3499 pc -> 1.0 pts
  Non-négociables category total: 10.0 + 3.0 + 6.0 + 3.0 + 0.0 + 4.0 + 4.0 + 0.0 + 5.0 + 2.0 + 1.0 = 38.0
  Processing: Énergie/Chauffage (Source: Excel, Category: Souhaits importants)
    Found 3 ranges: [('Électricité', 1.0), ('Électricité, Gaz naturel', 2.0), ('Électricité, Propane', 3.0)]
      Comparing 'Électricité' vs 'Électricité'
    Énergie/Chauffage (Excel): Électricité matches Électricité -> 1.0 pts
  Processing: SDB + SE (Source: Excel, Category: Souhaits importants)
    Found 3 ranges: [('1+1', 1.0), ('2+0', 3.0), ('2+1', 4.0)]
      Comparing '2+1' vs '1+1'
      Comparing '2+1' vs '2+0'
      Comparing '2+1' vs '2+1'
    SDB + SE (Excel): 2+1 matches 2+1 -> 4.0 pts
  Processing: Foyer-Poêle (Source: Excel, Category: Souhaits importants)
    Found 2 ranges: [('OUI', 5.0), ('NON', 0.0)]
      Comparing 'Non' vs 'OUI'
      Comparing 'Non' vs 'NON'
    Foyer-Poêle (Excel): Non matches NON -> 0.0 pts
    Foyer-Poêle (Excel): Non -> No match found -> 0 pts
  Processing: Piscine (Source: Excel, Category: Souhaits importants)
    Found 2 ranges: [('OUI', 8.0), ('NON', 0.0)]
      Comparing 'Non' vs 'OUI'
      Comparing 'Non' vs 'NON'
    Piscine (Excel): Non matches NON -> 0.0 pts
    Piscine (Excel): Non -> No match found -> 0 pts
  Souhaits importants category total: 1.0 + 4.0 + 0.0 + 0.0 = 5.0
  Processing Souhaits secondaires via Bedrock agent...
  Criteria processed by category: {'Non-négociables': 11, 'Souhaits importants': 4, 'Souhaits secondaires': 0}
  Non-négociables: 10.0 + 3.0 + 6.0 + 3.0 + 0.0 + 4.0 + 4.0 + 0.0 + 5.0 + 2.0 + 1.0 = 38.0
  Souhaits importants: 1.0 + 4.0 + 0.0 + 0.0 = 5.0
  Souhaits secondaires:  = 0
  TOTAL: 43.0
Getting Souhaits Secondaires score for 10639407...
Calling Bedrock agent ZGK3NF5FWW (alias: YQF8BEKCCF) for centris 10639407
Prompt: Score total pour categorie SOUHAITS SECONDAIRES pour centris num 10639407
Agent response: Aucun document trouvé dans la Knowledge Base pour le numéro Centris 10639407. Impossible d'effectuer l'évaluation des SOUHAITS SECONDAIRES.

La Knowledge Base ne contient pas d'information sur cette propriété. Pour effectuer le scoring, j'aurais besoin d'avoir accès aux données de la fiche Centris incluant:
- Les caractéristiques du quartier
- La superficie habitable
- Les équipements inclus (électroménagers, climatisation)
- Le stationnement
- L'aménagement intérieur et extérieur
- La date d'occupation disponible
- L'orientation et la fenestration
- Et autres détails pertinents

Veuillez vérifier que le numéro Centris est correct ou fournir les données de la propriété directement.
No reference URLs found in response
No score found with any pattern
Full response text: Aucun document trouvé dans la Knowledge Base pour le numéro Centris 10639407. Impossible d'effectuer l'évaluation des SOUHAITS SECONDAIRES.

La Knowledge Base ne contient pas d'information sur cette propriété. Pour effectuer le scoring, j'aurais besoin d'avoir accès aux données de la fiche Centris incluant:
- Les caractéristiques du quartier
- La superficie habitable
- Les équipements inclus (électroménagers, climatisation)
- Le stationnement
- L'aménagement intérieur et extérieur
- La date d'occupation disponible
- L'orientation et la fenestration
- Et autres détails pertinents

Veuillez vérifier que le numéro Centris est correct ou fournir les données de la propriété directement.
Received score from agent: 0.0
Updated Excel - Secondaire column with value: 0.0
Saved Excel file

centris no 23215645:
Total criteria rows to process: 129
  Processing: Prix (Source: Excel, Category: Non-négociables)
    Found 6 ranges: [('820 000 $-850 000 $', 7.0), ('800 000 $-820 000 $', 9.0), ('750 000 $-800 000 $', 10.0), ('700 000 $-750 000 $', 9.0), ('650 000 $-700 000 $', 5.0), ('400 000 $-650 000 $', 3.0)]
      Comparing '810 000 $' vs '820 000 $-850 000 $'
      Comparing '810 000 $' vs '800 000 $-820 000 $'
    Prix (Excel): 810 000 $ in range 800 000 $-820 000 $ -> 9.0 pts
  Processing: Type de bâtiment (Source: Excel, Category: Non-négociables)
    Found 2 ranges: [('Isolé (détaché)', 3.0), ('NON', 0.0)]
      Comparing 'Isolé (détaché)' vs 'Isolé (détaché)'
    Type de bâtiment (Excel): Isolé (détaché) matches Isolé (détaché) -> 3.0 pts
  Processing: Style de bâtiment (Source: Excel, Category: Non-négociables)
    Found 3 ranges: [('de plain-pied', 7.0), ('à étages', 6.0), ('Cottage', 4.0)]
      Comparing 'de plain-pied' vs 'de plain-pied'
    Style de bâtiment (Excel): de plain-pied matches de plain-pied -> 7.0 pts
  Processing: Année de construction (Source: Excel, Category: Non-négociables)
    Found 6 ranges: [('2024-2025', 6.0), ('2022-2023', 5.0), ('2020-2021', 4.0), ('2017-2019', 3.0), ('2010-2016', 2.0), ('2000-2009', 1.0)]
      Comparing '2017' vs '2024-2025'
      Comparing '2017' vs '2022-2023'
      Comparing '2017' vs '2020-2021'
      Comparing '2017' vs '2017-2019'
    Année de construction (Excel): 2017 in range 2017-2019 -> 3.0 pts
  Processing: Garage (Source: Excel, Category: Non-négociables)
    Found 2 ranges: [('OUI', 5.0), ('Non', 0.0)]
      Comparing 'Non' vs 'OUI'
      Comparing 'Non' vs 'Non'
    Garage (Excel): Non matches Non -> 0.0 pts
    Garage (Excel): Non -> No match found -> 0 pts
  Processing: Pièces (Source: Excel, Category: Non-négociables)
    Found 4 ranges: [('14-25', 8.0), ('10-13', 7.0), ('7-9', 4.0), ('0-6', 1.0)]
      Comparing '10' vs '14-25'
      Comparing '10' vs '10-13'
    Pièces (Excel): 10 in range 10-13 -> 7.0 pts
  Processing: Date d'app/maj (Source: Excel, Category: Non-négociables)
    Found 3 ranges: [('0-4', 4.0), ('5-8', 3.0), ('9-12', 1.0)]
      Comparing 'depuis 36 jours' vs '0-4'
      Comparing 'depuis 36 jours' vs '5-8'
      Comparing 'depuis 36 jours' vs '9-12'
    Date d'app/maj (Excel): depuis 36 jours -> No match found -> 0 pts
  Processing: Secteur (Source: Excel, Category: Non-négociables)
    Found 4 ranges: [('Vieux-Longueuil', 9.0), ('Greenfield Park', 4.0), ('Saint-Hubert', 7.0), ('Brossard', 6.0)]
      Comparing 'Saint-Hubert' vs 'Vieux-Longueuil'
      Comparing 'Saint-Hubert' vs 'Greenfield Park'
      Comparing 'Saint-Hubert' vs 'Saint-Hubert'
    Secteur (Excel): Saint-Hubert matches Saint-Hubert -> 7.0 pts
  Processing: DollardDistance (Source: Excel, Category: Non-négociables)
    Found 4 ranges: [('0-10', 5.0), ('11-15', 2.0), ('16-20', 1.0), ('21+', 0.0)]
      Comparing '19' vs '0-10'
      Comparing '19' vs '11-15'
      Comparing '19' vs '16-20'
    DollardDistance (Excel): 19 in range 16-20 -> 1.0 pts
  Processing: WalkScore (Source: Excel, Category: Non-négociables)
    Found 4 ranges: [('80-100', 2.0), ('60-79', 1.5), ('40-59', 1.0), ('<40', 0.0)]
      Comparing '76' vs '80-100'
      Comparing '76' vs '60-79'
    WalkScore (Excel): 76 in range 60-79 -> 1.5 pts
  Processing: SuperficieDuterrain (Source: Excel, Category: Non-négociables)
    Found 5 ranges: [('7000-15000 pc', 6.0), ('5500-6999 pc', 5.0), ('4500-5499 pc', 4.0), ('3500-4499 pc', 2.0), ('0-3499 pc', 1.0)]
      Comparing '4 901 pc' vs '7000-15000 pc'
      Comparing '4 901 pc' vs '5500-6999 pc'
      Comparing '4 901 pc' vs '4500-5499 pc'
    SuperficieDuterrain (Excel): 4 901 pc in range 4500-5499 pc -> 4.0 pts
  Non-négociables category total: 9.0 + 3.0 + 7.0 + 3.0 + 0.0 + 7.0 + 0.0 + 7.0 + 1.0 + 1.5 + 4.0 = 42.5
  Processing: Énergie/Chauffage (Source: Excel, Category: Souhaits importants)
    Found 3 ranges: [('Électricité', 1.0), ('Électricité, Gaz naturel', 2.0), ('Électricité, Propane', 3.0)]
      Comparing 'Électricité' vs 'Électricité'
    Énergie/Chauffage (Excel): Électricité matches Électricité -> 1.0 pts
  Processing: SDB + SE (Source: Excel, Category: Souhaits importants)
    Found 3 ranges: [('1+1', 1.0), ('2+0', 3.0), ('2+1', 4.0)]
      Comparing '2+0' vs '1+1'
      Comparing '2+0' vs '2+0'
    SDB + SE (Excel): 2+0 matches 2+0 -> 3.0 pts
  Processing: Foyer-Poêle (Source: Excel, Category: Souhaits importants)
    Found 2 ranges: [('OUI', 5.0), ('NON', 0.0)]
      Comparing 'Non' vs 'OUI'
      Comparing 'Non' vs 'NON'
    Foyer-Poêle (Excel): Non matches NON -> 0.0 pts
    Foyer-Poêle (Excel): Non -> No match found -> 0 pts
  Processing: Piscine (Source: Excel, Category: Souhaits importants)
    Found 2 ranges: [('OUI', 8.0), ('NON', 0.0)]
      Comparing 'Non' vs 'OUI'
      Comparing 'Non' vs 'NON'
    Piscine (Excel): Non matches NON -> 0.0 pts
    Piscine (Excel): Non -> No match found -> 0 pts
  Souhaits importants category total: 1.0 + 3.0 + 0.0 + 0.0 = 4.0
  Processing Souhaits secondaires via Bedrock agent...
  Criteria processed by category: {'Non-négociables': 11, 'Souhaits importants': 4, 'Souhaits secondaires': 0}
  Non-négociables: 9.0 + 3.0 + 7.0 + 3.0 + 0.0 + 7.0 + 0.0 + 7.0 + 1.0 + 1.5 + 4.0 = 42.5
  Souhaits importants: 1.0 + 3.0 + 0.0 + 0.0 = 4.0
  Souhaits secondaires:  = 0
  TOTAL: 46.5
Getting Souhaits Secondaires score for 23215645...
Calling Bedrock agent ZGK3NF5FWW (alias: YQF8BEKCCF) for centris 23215645
Prompt: Score total pour categorie SOUHAITS SECONDAIRES pour centris num 23215645
Agent response: 

SOUHAITS SECONDAIRES - Centris #23215645
==========================================
Propriété: 5140 Rue Hubert-Guertin, Longueuil (Saint-Hubert)
Document validé: Fiche descriptive Centris #23215645

Scores Individuels:
------------------

16. Calme et sécurité: 1.0/1.0
- Rue paisible sans issue (cul-de-sac), quartier très calme

17. Proximité parcs: 1.0/1.0
- À proximité immédiate de parcs et piste cyclable selon la fiche

18. Potentiel de revente: 1.0/1.0
- Propriété reconstruite en 2017, secteur recherché Saint-Hubert avec transport REM, fort potentiel

19. Flexibilité: 1.0/1.0
- Bureau indépendant à la maison, possibilité 6e chambre, sous-sol totalement aménagé avec potentiel locatif

20. Électroménagers inclus: 0.5/1.0
- Hotte micro-ondes et lave-vaisselle inclus; absence d'autres électroménagers majeurs dans les inclusions

22. Air climatisé mural: 0.5/0.5
- 2 thermopompes et 2 unités murales installées

23. Extras: 1.0/1.0
- Table patio + remise + balayeuse centrale + système d'alarme + caméras extérieures + nombreux meubles

24. Superficie habitable: 1.0/3.0
- Dimensions bâtiment 28'1" X 36' (environ 1010 pi²), score dans la tranche 0-1000 pi²

25. Fenestration/Orientation: 0.25/0.5
- Fenestration PVC manivelle (battant), mais orientation non spécifiée dans les documents

26. Stationnement (Allée): 1.0/1.0
- Allée pavé uni (2 places) + Abri d'auto (1 place) = 3 places totales

27. Isolation/Résilience hiver: 0.5/0.5
- Construction récente 2017, toiture bardeaux d'asphalte, échangeur d'air, isolation optimale

28. Date d'emménagement: 0.0/1.0
- Information non disponible dans les documents consultés

29. Aménagement intérieur: 0.5/0.5
- Cuisine fonctionnelle moderne + sous-sol totalement aménagé avec salle familiale

30. Espace rangement: 1.0/1.0
- Remise incluse ET sous-sol totalement aménagé (6 pieds et plus)

31. Zone gazon/jardin: 0.5/1.0
- Terrain 455,30 m² (54' X 90'), gazon simple présent mais jardin aménagé non mentionné

==========================================
SCORE TOTAL - SOUHAITS SECONDAIRES: 10.75 / 15 points

Calcul détaillé: 1.0 + 1.0 + 1.0 + 1.0 + 0.5 + 0.5 + 1.0 + 1.0 + 0.25 + 1.0 + 0.5 + 0.0 + 0.5 + 1.0 + 0.5 = 10.75

⚠️ Note: La date d'emménagement n'était pas disponible dans les documents, score de 0 attribué par défaut.



Reference URLs used (7 total):
  [1] https://www.remax-quebec.com/fr/proprietes/maison-a-vendre-rive-sud-de-montreal/5140-rue-hubert-guertin-longueuil-saint-hubert-orchard-23215645
  [2] https://www.remax-quebec.com/fr/proprietes/maison-a-vendre-rive-sud-de-montreal/5140-rue-hubert-guertin-longueuil-saint-hubert-orchard-23215645
  [3] https://www.remax-quebec.com/fr/proprietes/maison-a-vendre-rive-sud-de-montreal/5140-rue-hubert-guertin-longueuil-saint-hubert-orchard-23215645
  [4] https://www.remax-quebec.com/fr/proprietes/maison-a-vendre-rive-sud-de-montreal/5140-rue-hubert-guertin-longueuil-saint-hubert-orchard-23215645
  [5] https://www.remax-quebec.com/fr/proprietes/maison-a-vendre-rive-sud-de-montreal/5140-rue-hubert-guertin-longueuil-saint-hubert-orchard-23215645
  [6] https://www.remax-quebec.com/fr/proprietes/maison-a-vendre-rive-sud-de-montreal/5140-rue-hubert-guertin-longueuil-saint-hubert-orchard-23215645
  [7] https://www.remax-quebec.com/fr/proprietes/maison-a-vendre-rive-sud-de-montreal/5140-rue-hubert-guertin-longueuil-saint-hubert-orchard-23215645
Extracted score using pattern 'SCORE TOTAL - SOUHAITS SECONDAIRES:\s*(\d+\.?\d*)\s*/\s*\d+': 10.75
Received score from agent: 10.75
Updated Excel - Secondaire column with value: 10.75
Saved Excel file

centris no 25545743:
Total criteria rows to process: 129
  Processing: Prix (Source: Excel, Category: Non-négociables)
    Found 6 ranges: [('820 000 $-850 000 $', 7.0), ('800 000 $-820 000 $', 9.0), ('750 000 $-800 000 $', 10.0), ('700 000 $-750 000 $', 9.0), ('650 000 $-700 000 $', 5.0), ('400 000 $-650 000 $', 3.0)]
      Comparing '849 900 $' vs '820 000 $-850 000 $'
    Prix (Excel): 849 900 $ in range 820 000 $-850 000 $ -> 7.0 pts
  Processing: Type de bâtiment (Source: Excel, Category: Non-négociables)
    Found 2 ranges: [('Isolé (détaché)', 3.0), ('NON', 0.0)]
      Comparing 'Isolé (détaché)' vs 'Isolé (détaché)'
    Type de bâtiment (Excel): Isolé (détaché) matches Isolé (détaché) -> 3.0 pts
  Processing: Style de bâtiment (Source: Excel, Category: Non-négociables)
    Found 3 ranges: [('de plain-pied', 7.0), ('à étages', 6.0), ('Cottage', 4.0)]
      Comparing 'de plain-pied' vs 'de plain-pied'
    Style de bâtiment (Excel): de plain-pied matches de plain-pied -> 7.0 pts
  Processing: Année de construction (Source: Excel, Category: Non-négociables)
    Found 6 ranges: [('2024-2025', 6.0), ('2022-2023', 5.0), ('2020-2021', 4.0), ('2017-2019', 3.0), ('2010-2016', 2.0), ('2000-2009', 1.0)]
      Comparing '2016' vs '2024-2025'
      Comparing '2016' vs '2022-2023'
      Comparing '2016' vs '2020-2021'
      Comparing '2016' vs '2017-2019'
      Comparing '2016' vs '2010-2016'
    Année de construction (Excel): 2016 in range 2010-2016 -> 2.0 pts
  Processing: Garage (Source: Excel, Category: Non-négociables)
    Found 2 ranges: [('OUI', 5.0), ('Non', 0.0)]
      Comparing 'Non' vs 'OUI'
      Comparing 'Non' vs 'Non'
    Garage (Excel): Non matches Non -> 0.0 pts
    Garage (Excel): Non -> No match found -> 0 pts
  Processing: Pièces (Source: Excel, Category: Non-négociables)
    Found 4 ranges: [('14-25', 8.0), ('10-13', 7.0), ('7-9', 4.0), ('0-6', 1.0)]
      Comparing '12' vs '14-25'
      Comparing '12' vs '10-13'
    Pièces (Excel): 12 in range 10-13 -> 7.0 pts
  Processing: Date d'app/maj (Source: Excel, Category: Non-négociables)
    Found 3 ranges: [('0-4', 4.0), ('5-8', 3.0), ('9-12', 1.0)]
      Comparing 'depuis 1 jour' vs '0-4'
    Date d'app/maj (Excel): depuis 1 jour in range 0-4 -> 4.0 pts
  Processing: Secteur (Source: Excel, Category: Non-négociables)
    Found 4 ranges: [('Vieux-Longueuil', 9.0), ('Greenfield Park', 4.0), ('Saint-Hubert', 7.0), ('Brossard', 6.0)]
      Comparing 'Saint-Hubert' vs 'Vieux-Longueuil'
      Comparing 'Saint-Hubert' vs 'Greenfield Park'
      Comparing 'Saint-Hubert' vs 'Saint-Hubert'
    Secteur (Excel): Saint-Hubert matches Saint-Hubert -> 7.0 pts
  Processing: DollardDistance (Source: Excel, Category: Non-négociables)
    Found 4 ranges: [('0-10', 5.0), ('11-15', 2.0), ('16-20', 1.0), ('21+', 0.0)]
      Comparing '18' vs '0-10'
      Comparing '18' vs '11-15'
      Comparing '18' vs '16-20'
    DollardDistance (Excel): 18 in range 16-20 -> 1.0 pts
  Processing: WalkScore (Source: Excel, Category: Non-négociables)
    Found 4 ranges: [('80-100', 2.0), ('60-79', 1.5), ('40-59', 1.0), ('<40', 0.0)]
      Comparing '52' vs '80-100'
      Comparing '52' vs '60-79'
      Comparing '52' vs '40-59'
    WalkScore (Excel): 52 in range 40-59 -> 1.0 pts
  Processing: SuperficieDuterrain (Source: Excel, Category: Non-négociables)
    Found 5 ranges: [('7000-15000 pc', 6.0), ('5500-6999 pc', 5.0), ('4500-5499 pc', 4.0), ('3500-4499 pc', 2.0), ('0-3499 pc', 1.0)]
      Comparing '5 157 pc' vs '7000-15000 pc'
      Comparing '5 157 pc' vs '5500-6999 pc'
      Comparing '5 157 pc' vs '4500-5499 pc'
    SuperficieDuterrain (Excel): 5 157 pc in range 4500-5499 pc -> 4.0 pts
  Non-négociables category total: 7.0 + 3.0 + 7.0 + 2.0 + 0.0 + 7.0 + 4.0 + 7.0 + 1.0 + 1.0 + 4.0 = 43.0
  Processing: Énergie/Chauffage (Source: Excel, Category: Souhaits importants)
    Found 3 ranges: [('Électricité', 1.0), ('Électricité, Gaz naturel', 2.0), ('Électricité, Propane', 3.0)]
      Comparing 'Électricité' vs 'Électricité'
    Énergie/Chauffage (Excel): Électricité matches Électricité -> 1.0 pts
  Processing: SDB + SE (Source: Excel, Category: Souhaits importants)
    Found 3 ranges: [('1+1', 1.0), ('2+0', 3.0), ('2+1', 4.0)]
      Comparing '2+0' vs '1+1'
      Comparing '2+0' vs '2+0'
    SDB + SE (Excel): 2+0 matches 2+0 -> 3.0 pts
  Processing: Foyer-Poêle (Source: Excel, Category: Souhaits importants)
    Found 2 ranges: [('OUI', 5.0), ('NON', 0.0)]
      Comparing 'Non' vs 'OUI'
      Comparing 'Non' vs 'NON'
    Foyer-Poêle (Excel): Non matches NON -> 0.0 pts
    Foyer-Poêle (Excel): Non -> No match found -> 0 pts
  Processing: Piscine (Source: Excel, Category: Souhaits importants)
    Found 2 ranges: [('OUI', 8.0), ('NON', 0.0)]
      Comparing 'Oui' vs 'OUI'
    Piscine (Excel): Oui matches OUI -> 8.0 pts
  Souhaits importants category total: 1.0 + 3.0 + 0.0 + 8.0 = 12.0
  Processing Souhaits secondaires via Bedrock agent...
  Criteria processed by category: {'Non-négociables': 11, 'Souhaits importants': 4, 'Souhaits secondaires': 0}
  Non-négociables: 7.0 + 3.0 + 7.0 + 2.0 + 0.0 + 7.0 + 4.0 + 7.0 + 1.0 + 1.0 + 4.0 = 43.0
  Souhaits importants: 1.0 + 3.0 + 0.0 + 8.0 = 12.0
  Souhaits secondaires:  = 0
  TOTAL: 55.0
Getting Souhaits Secondaires score for 25545743...
Calling Bedrock agent ZGK3NF5FWW (alias: YQF8BEKCCF) for centris 25545743
Prompt: Score total pour categorie SOUHAITS SECONDAIRES pour centris num 25545743
Agent response: **SOUHAITS SECONDAIRES - Centris #25545743**
==========================================

❌ **ÉVALUATION IMPOSSIBLE**

**Aucun document trouvé dans la Knowledge Base pour le numéro Centris 25545743.**

Je ne peux pas effectuer l'évaluation des souhaits secondaires car aucune donnée sur cette propriété n'est disponible dans la base de connaissances.

**Pour procéder à l'évaluation, j'aurais besoin d'informations sur:**
- Superficie habitable
- Électroménagers inclus
- Stationnement et nombre de places
- Date d'emménagement disponible
- Aménagements intérieurs
- Espaces de rangement
- Terrain et zone extérieure
- Orientation et fenestration
- Extras et équipements
- Caractéristiques du quartier

**Veuillez vérifier que:**
1. Le numéro Centris 25545743 est correct
2. Les données de cette propriété ont été ajoutées à la Knowledge Base
No reference URLs found in response
No score found with any pattern
Full response text: **SOUHAITS SECONDAIRES - Centris #25545743**
==========================================

❌ **ÉVALUATION IMPOSSIBLE**

**Aucun document trouvé dans la Knowledge Base pour le numéro Centris 25545743.**

Je ne peux pas effectuer l'évaluation des souhaits secondaires car aucune donnée sur cette propriété n'est disponible dans la base de connaissances.

**Pour procéder à l'évaluation, j'aurais besoin d'informations sur:**
- Superficie habitable
- Électroménagers inclus
- Stationnement et nombre de places
- Date d'emménagement disponible
- Aménagements intérieurs
- Espaces de rangement
- Terrain et zone extérieure
- Orientation et fenestration
- Extras et équipements
- Caractéristiques du quartier

**Veuillez vérifier que:**
1. Le numéro Centris 25545743 est correct
2. Les données de cette propriété ont été ajoutées à la Knowledge Base
Received score from agent: 0.0
Updated Excel - Secondaire column with value: 0.0
Saved Excel file

centris no 18586802:
Total criteria rows to process: 129
  Processing: Prix (Source: Excel, Category: Non-négociables)
    Found 6 ranges: [('820 000 $-850 000 $', 7.0), ('800 000 $-820 000 $', 9.0), ('750 000 $-800 000 $', 10.0), ('700 000 $-750 000 $', 9.0), ('650 000 $-700 000 $', 5.0), ('400 000 $-650 000 $', 3.0)]
      Comparing '789 000 $' vs '820 000 $-850 000 $'
      Comparing '789 000 $' vs '800 000 $-820 000 $'
      Comparing '789 000 $' vs '750 000 $-800 000 $'
    Prix (Excel): 789 000 $ in range 750 000 $-800 000 $ -> 10.0 pts
  Processing: Type de bâtiment (Source: Excel, Category: Non-négociables)
    Found 2 ranges: [('Isolé (détaché)', 3.0), ('NON', 0.0)]
      Comparing 'Isolé (détaché)' vs 'Isolé (détaché)'
    Type de bâtiment (Excel): Isolé (détaché) matches Isolé (détaché) -> 3.0 pts
  Processing: Style de bâtiment (Source: Excel, Category: Non-négociables)
    Found 3 ranges: [('de plain-pied', 7.0), ('à étages', 6.0), ('Cottage', 4.0)]
      Comparing 'à étages' vs 'de plain-pied'
      Comparing 'à étages' vs 'à étages'
    Style de bâtiment (Excel): à étages matches à étages -> 6.0 pts
  Processing: Année de construction (Source: Excel, Category: Non-négociables)
    Found 6 ranges: [('2024-2025', 6.0), ('2022-2023', 5.0), ('2020-2021', 4.0), ('2017-2019', 3.0), ('2010-2016', 2.0), ('2000-2009', 1.0)]
      Comparing '2016' vs '2024-2025'
      Comparing '2016' vs '2022-2023'
      Comparing '2016' vs '2020-2021'
      Comparing '2016' vs '2017-2019'
      Comparing '2016' vs '2010-2016'
    Année de construction (Excel): 2016 in range 2010-2016 -> 2.0 pts
  Processing: Garage (Source: Excel, Category: Non-négociables)
    Found 2 ranges: [('OUI', 5.0), ('Non', 0.0)]
      Comparing 'Oui' vs 'OUI'
    Garage (Excel): Oui matches OUI -> 5.0 pts
  Processing: Pièces (Source: Excel, Category: Non-négociables)
    Found 4 ranges: [('14-25', 8.0), ('10-13', 7.0), ('7-9', 4.0), ('0-6', 1.0)]
      Comparing '14' vs '14-25'
    Pièces (Excel): 14 in range 14-25 -> 8.0 pts
  Processing: Date d'app/maj (Source: Excel, Category: Non-négociables)
    Found 3 ranges: [('0-4', 4.0), ('5-8', 3.0), ('9-12', 1.0)]
      Comparing 'depuis 36 jours' vs '0-4'
      Comparing 'depuis 36 jours' vs '5-8'
      Comparing 'depuis 36 jours' vs '9-12'
    Date d'app/maj (Excel): depuis 36 jours -> No match found -> 0 pts
  Processing: Secteur (Source: Excel, Category: Non-négociables)
    Found 4 ranges: [('Vieux-Longueuil', 9.0), ('Greenfield Park', 4.0), ('Saint-Hubert', 7.0), ('Brossard', 6.0)]
      Comparing 'Brossard' vs 'Vieux-Longueuil'
      Comparing 'Brossard' vs 'Greenfield Park'
      Comparing 'Brossard' vs 'Saint-Hubert'
      Comparing 'Brossard' vs 'Brossard'
    Secteur (Excel): Brossard matches Brossard -> 6.0 pts
  Processing: DollardDistance (Source: Excel, Category: Non-négociables)
    Found 4 ranges: [('0-10', 5.0), ('11-15', 2.0), ('16-20', 1.0), ('21+', 0.0)]
      Comparing '17' vs '0-10'
      Comparing '17' vs '11-15'
      Comparing '17' vs '16-20'
    DollardDistance (Excel): 17 in range 16-20 -> 1.0 pts
  Processing: WalkScore (Source: Excel, Category: Non-négociables)
    Found 4 ranges: [('80-100', 2.0), ('60-79', 1.5), ('40-59', 1.0), ('<40', 0.0)]
      Comparing '77' vs '80-100'
      Comparing '77' vs '60-79'
    WalkScore (Excel): 77 in range 60-79 -> 1.5 pts
  Processing: SuperficieDuterrain (Source: Excel, Category: Non-négociables)
    Found 5 ranges: [('7000-15000 pc', 6.0), ('5500-6999 pc', 5.0), ('4500-5499 pc', 4.0), ('3500-4499 pc', 2.0), ('0-3499 pc', 1.0)]
      Comparing '2 438 pc' vs '7000-15000 pc'
      Comparing '2 438 pc' vs '5500-6999 pc'
      Comparing '2 438 pc' vs '4500-5499 pc'
      Comparing '2 438 pc' vs '3500-4499 pc'
      Comparing '2 438 pc' vs '0-3499 pc'
    SuperficieDuterrain (Excel): 2 438 pc in range 0-3499 pc -> 1.0 pts
  Non-négociables category total: 10.0 + 3.0 + 6.0 + 2.0 + 5.0 + 8.0 + 0.0 + 6.0 + 1.0 + 1.5 + 1.0 = 43.5
  Processing: Énergie/Chauffage (Source: Excel, Category: Souhaits importants)
    Found 3 ranges: [('Électricité', 1.0), ('Électricité, Gaz naturel', 2.0), ('Électricité, Propane', 3.0)]
      Comparing 'Électricité' vs 'Électricité'
    Énergie/Chauffage (Excel): Électricité matches Électricité -> 1.0 pts
  Processing: SDB + SE (Source: Excel, Category: Souhaits importants)
    Found 3 ranges: [('1+1', 1.0), ('2+0', 3.0), ('2+1', 4.0)]
      Comparing '2+1' vs '1+1'
      Comparing '2+1' vs '2+0'
      Comparing '2+1' vs '2+1'
    SDB + SE (Excel): 2+1 matches 2+1 -> 4.0 pts
  Processing: Foyer-Poêle (Source: Excel, Category: Souhaits importants)
    Found 2 ranges: [('OUI', 5.0), ('NON', 0.0)]
      Comparing 'Non' vs 'OUI'
      Comparing 'Non' vs 'NON'
    Foyer-Poêle (Excel): Non matches NON -> 0.0 pts
    Foyer-Poêle (Excel): Non -> No match found -> 0 pts
  Processing: Piscine (Source: Excel, Category: Souhaits importants)
    Found 2 ranges: [('OUI', 8.0), ('NON', 0.0)]
      Comparing 'Non' vs 'OUI'
      Comparing 'Non' vs 'NON'
    Piscine (Excel): Non matches NON -> 0.0 pts
    Piscine (Excel): Non -> No match found -> 0 pts
  Souhaits importants category total: 1.0 + 4.0 + 0.0 + 0.0 = 5.0
  Processing Souhaits secondaires via Bedrock agent...
  Criteria processed by category: {'Non-négociables': 11, 'Souhaits importants': 4, 'Souhaits secondaires': 0}
  Non-négociables: 10.0 + 3.0 + 6.0 + 2.0 + 5.0 + 8.0 + 0.0 + 6.0 + 1.0 + 1.5 + 1.0 = 43.5
  Souhaits importants: 1.0 + 4.0 + 0.0 + 0.0 = 5.0
  Souhaits secondaires:  = 0
  TOTAL: 48.5
Getting Souhaits Secondaires score for 18586802...
Calling Bedrock agent ZGK3NF5FWW (alias: YQF8BEKCCF) for centris 18586802
Prompt: Score total pour categorie SOUHAITS SECONDAIRES pour centris num 18586802
Agent response: 

Le score total pour la catégorie SOUHAITS SECONDAIRES pour le Centris #18586802 (5925 Rue Alexandre, Brossard) est de **9.0 / 15 points**.

Les points forts de cette propriété incluent:
- Excellente proximité aux parcs et infrastructures (REM, écoles, transport)
- Fort potentiel de revente (construction 2016, secteur recherché)
- Sous-sol totalement aménagé avec nombreux rangements
- Équipements modernes (climatiseur central, thermopompe, échangeur d'air)

Les points à améliorer:
- Informations manquantes sur les électroménagers inclus et la date d'emménagement
- Absence de données sur l'orientation et la fenestration
- Stationnement non détaillé (nombre de places incertain)



Reference URLs used (5 total):
  [1] https://www.royallepage.ca/fr/property/quebec/brossard/5925-rue-alexandre/26836554/mls18586802/?print=1
  [2] https://www.royallepage.ca/fr/property/quebec/brossard/5925-rue-alexandre/26836554/mls18586802/?ref=1
  [3] https://www.royallepage.ca/fr/property/quebec/brossard/5925-rue-alexandre/26836554/mls18586802/
  [4] https://www.royallepage.ca/fr/property/quebec/brossard/5925-rue-alexandre/26836554/mls18586802/
  [5] https://www.royallepage.ca/fr/property/quebec/brossard/5925-rue-alexandre/26836554/mls18586802/?ref=1
Extracted score using pattern 'score total.*SOUHAITS SECONDAIRES.*?(\d+\.?\d*)\s*/\s*\d+': 9.0
Received score from agent: 9.0
Updated Excel - Secondaire column with value: 9.0
Saved Excel file

centris no 13028898:
Total criteria rows to process: 129
  Processing: Prix (Source: Excel, Category: Non-négociables)
    Found 6 ranges: [('820 000 $-850 000 $', 7.0), ('800 000 $-820 000 $', 9.0), ('750 000 $-800 000 $', 10.0), ('700 000 $-750 000 $', 9.0), ('650 000 $-700 000 $', 5.0), ('400 000 $-650 000 $', 3.0)]
      Comparing '769 000 $' vs '820 000 $-850 000 $'
      Comparing '769 000 $' vs '800 000 $-820 000 $'
      Comparing '769 000 $' vs '750 000 $-800 000 $'
    Prix (Excel): 769 000 $ in range 750 000 $-800 000 $ -> 10.0 pts
  Processing: Type de bâtiment (Source: Excel, Category: Non-négociables)
    Found 2 ranges: [('Isolé (détaché)', 3.0), ('NON', 0.0)]
      Comparing 'Isolé (détaché)' vs 'Isolé (détaché)'
    Type de bâtiment (Excel): Isolé (détaché) matches Isolé (détaché) -> 3.0 pts
  Processing: Style de bâtiment (Source: Excel, Category: Non-négociables)
    Found 3 ranges: [('de plain-pied', 7.0), ('à étages', 6.0), ('Cottage', 4.0)]
      Comparing 'de plain-pied' vs 'de plain-pied'
    Style de bâtiment (Excel): de plain-pied matches de plain-pied -> 7.0 pts
  Processing: Année de construction (Source: Excel, Category: Non-négociables)
    Found 6 ranges: [('2024-2025', 6.0), ('2022-2023', 5.0), ('2020-2021', 4.0), ('2017-2019', 3.0), ('2010-2016', 2.0), ('2000-2009', 1.0)]
      Comparing '2014' vs '2024-2025'
      Comparing '2014' vs '2022-2023'
      Comparing '2014' vs '2020-2021'
      Comparing '2014' vs '2017-2019'
      Comparing '2014' vs '2010-2016'
    Année de construction (Excel): 2014 in range 2010-2016 -> 2.0 pts
  Processing: Garage (Source: Excel, Category: Non-négociables)
    Found 2 ranges: [('OUI', 5.0), ('Non', 0.0)]
      Comparing 'Non' vs 'OUI'
      Comparing 'Non' vs 'Non'
    Garage (Excel): Non matches Non -> 0.0 pts
    Garage (Excel): Non -> No match found -> 0 pts
  Processing: Pièces (Source: Excel, Category: Non-négociables)
    Found 4 ranges: [('14-25', 8.0), ('10-13', 7.0), ('7-9', 4.0), ('0-6', 1.0)]
      Comparing '9' vs '14-25'
      Comparing '9' vs '10-13'
      Comparing '9' vs '7-9'
    Pièces (Excel): 9 in range 7-9 -> 4.0 pts
  Processing: Date d'app/maj (Source: Excel, Category: Non-négociables)
    Found 3 ranges: [('0-4', 4.0), ('5-8', 3.0), ('9-12', 1.0)]
      Comparing 'depuis 35 jours' vs '0-4'
      Comparing 'depuis 35 jours' vs '5-8'
      Comparing 'depuis 35 jours' vs '9-12'
    Date d'app/maj (Excel): depuis 35 jours -> No match found -> 0 pts
  Processing: Secteur (Source: Excel, Category: Non-négociables)
    Found 4 ranges: [('Vieux-Longueuil', 9.0), ('Greenfield Park', 4.0), ('Saint-Hubert', 7.0), ('Brossard', 6.0)]
      Comparing 'Brossard' vs 'Vieux-Longueuil'
      Comparing 'Brossard' vs 'Greenfield Park'
      Comparing 'Brossard' vs 'Saint-Hubert'
      Comparing 'Brossard' vs 'Brossard'
    Secteur (Excel): Brossard matches Brossard -> 6.0 pts
  Processing: DollardDistance (Source: Excel, Category: Non-négociables)
    Found 4 ranges: [('0-10', 5.0), ('11-15', 2.0), ('16-20', 1.0), ('21+', 0.0)]
      Comparing '19' vs '0-10'
      Comparing '19' vs '11-15'
      Comparing '19' vs '16-20'
    DollardDistance (Excel): 19 in range 16-20 -> 1.0 pts
  Processing: WalkScore (Source: Excel, Category: Non-négociables)
    Found 4 ranges: [('80-100', 2.0), ('60-79', 1.5), ('40-59', 1.0), ('<40', 0.0)]
      Comparing '62' vs '80-100'
      Comparing '62' vs '60-79'
    WalkScore (Excel): 62 in range 60-79 -> 1.5 pts
  Processing: SuperficieDuterrain (Source: Excel, Category: Non-négociables)
    Found 5 ranges: [('7000-15000 pc', 6.0), ('5500-6999 pc', 5.0), ('4500-5499 pc', 4.0), ('3500-4499 pc', 2.0), ('0-3499 pc', 1.0)]
      Comparing '5 915 pc' vs '7000-15000 pc'
      Comparing '5 915 pc' vs '5500-6999 pc'
    SuperficieDuterrain (Excel): 5 915 pc in range 5500-6999 pc -> 5.0 pts
  Non-négociables category total: 10.0 + 3.0 + 7.0 + 2.0 + 0.0 + 4.0 + 0.0 + 6.0 + 1.0 + 1.5 + 5.0 = 39.5
  Processing: Énergie/Chauffage (Source: Excel, Category: Souhaits importants)
    Found 3 ranges: [('Électricité', 1.0), ('Électricité, Gaz naturel', 2.0), ('Électricité, Propane', 3.0)]
      Comparing 'Électricité' vs 'Électricité'
    Énergie/Chauffage (Excel): Électricité matches Électricité -> 1.0 pts
  Processing: SDB + SE (Source: Excel, Category: Souhaits importants)
    Found 3 ranges: [('1+1', 1.0), ('2+0', 3.0), ('2+1', 4.0)]
      Comparing '2+0' vs '1+1'
      Comparing '2+0' vs '2+0'
    SDB + SE (Excel): 2+0 matches 2+0 -> 3.0 pts
  Processing: Foyer-Poêle (Source: Excel, Category: Souhaits importants)
    Found 2 ranges: [('OUI', 5.0), ('NON', 0.0)]
      Comparing 'Oui' vs 'OUI'
    Foyer-Poêle (Excel): Oui matches OUI -> 5.0 pts
  Processing: Piscine (Source: Excel, Category: Souhaits importants)
    Found 2 ranges: [('OUI', 8.0), ('NON', 0.0)]
      Comparing 'Non' vs 'OUI'
      Comparing 'Non' vs 'NON'
    Piscine (Excel): Non matches NON -> 0.0 pts
    Piscine (Excel): Non -> No match found -> 0 pts
  Souhaits importants category total: 1.0 + 3.0 + 5.0 + 0.0 = 9.0
  Processing Souhaits secondaires via Bedrock agent...
  Criteria processed by category: {'Non-négociables': 11, 'Souhaits importants': 4, 'Souhaits secondaires': 0}
  Non-négociables: 10.0 + 3.0 + 7.0 + 2.0 + 0.0 + 4.0 + 0.0 + 6.0 + 1.0 + 1.5 + 5.0 = 39.5
  Souhaits importants: 1.0 + 3.0 + 5.0 + 0.0 = 9.0
  Souhaits secondaires:  = 0
  TOTAL: 48.5
Getting Souhaits Secondaires score for 13028898...
Calling Bedrock agent ZGK3NF5FWW (alias: YQF8BEKCCF) for centris 13028898
Prompt: Score total pour categorie SOUHAITS SECONDAIRES pour centris num 13028898
Agent response: 

SOUHAITS SECONDAIRES - Centris #13028898
==========================================
Propriété: 6290 Rue Belair, Brossard
Document(s) utilisé(s) - Source validée: RE/MAX (ULS: 13028898)

Scores Individuels:
------------------
16. Calme et sécurité: 1.0 - Quartier établi avec arbres matures, environnement verdoyant, paisible et familial, secteur résidentiel de Brossard.

17. Proximité parcs: 0.5 - La fiche mentionne la proximité de parcs et pistes cyclables, mais sans précision exacte de distance.

18. Potentiel de revente: 1.0 - Fort potentiel : secteur recherché de Brossard, à quelques pas du Quartier DIX30, accès rapide aux autoroutes A-10 et A-30.

19. Flexibilité: 1.0 - Maison avec sous-sol totalement aménagé (2 chambres supplémentaires), possibilité de location ou aménagement selon besoins.

20. Électroménagers inclus: 1.0 - Plusieurs électroménagers inclus : lave-vaisselle, hotte micro-onde, aspirateur central, luminaires, fixtures, stores.

22. Air climatisé mural: 0.5 - Climatiseur mural installé pour des étés agréables (mentionné explicitement).

23. Extras: 0.5 - Allée en pavé uni, aspirateur central, mais pas de terrasse ni garantie GCR mentionnée.

24. Superficie habitable: 1.0 - Dimensions du bâtiment 41'10" x 32'10" = environ 1,375 pi² + sous-sol aménagé; estimation totale entre 1000-1199 pi² pour la superficie habitable principale.

25. Fenestration/Orientation: 0.5 - Fenestration abondante mentionnée, aire ouverte lumineuse avec fenêtre en baie (bay window), mais orientation spécifique Sud/Sud-Est non confirmée.

26. Stationnement (Allée): 1.0 - Allée en pavé uni pouvant accueillir 2 voitures.

27. Isolation/Résilience hiver: 0.25 - Construction 2014 (toiture relativement récente, revêtement en bardeaux d'asphalte), isolation standard présumée, mais pas de détails spécifiques sur isolation optimale.

28. Date d'emménagement: 1.0 - Prise de possession rapide mentionnée, propriété vacante pour emménagement sans délai (avant juillet 2026).

29. Aménagement intérieur: 0.5 - Sous-sol totalement aménagé avec salle familiale, 2 chambres et salle de bain, mais cuisine non décrite comme moderne/rénovée.

30. Espace rangement: 1.0 - Sous-sol totalement aménagé (6 pieds et plus) avec buanderie intégrée; grand terrain de 5,914 pi² permettant cabanon.

31. Zone gazon/jardin: 0.5 - Terrain généreux de 5,914 pi² (549,50 m²), cour prête à être aménagée, mais pas de jardin aménagé existant mentionné.

==========================================
SCORE TOTAL - SOUHAITS SECONDAIRES: 11.25 / 15 points

Calcul détaillé: 1.0 + 0.5 + 1.0 + 1.0 + 1.0 + 0.5 + 0.5 + 1.0 + 0.5 + 1.0 + 0.25 + 1.0 + 0.5 + 1.0 + 0.5 = 11.25

⚠️ RAPPEL: Seuls les documents avec l'ULS/Centris 13028898 (6290 Rue Belair, Brossard) ont été utilisés pour cette évaluation.



Reference URLs used (10 total):
  [1] https://www.remax-quebec.com/fr/proprietes/maison-a-vendre-rive-sud-de-montreal/6290-rue-belair-brossard-noms-de-rues-b-13028898
  [2] https://www.remax-quebec.com/fr/proprietes/maison-a-vendre-rive-sud-de-montreal/6290-rue-belair-brossard-noms-de-rues-b-13028898
  [3] https://www.remax-quebec.com/fr/proprietes/maison-a-vendre-rive-sud-de-montreal/6290-rue-belair-brossard-noms-de-rues-b-13028898
  [4] https://www.remax-quebec.com/fr/proprietes/maison-a-vendre-rive-sud-de-montreal/6290-rue-belair-brossard-noms-de-rues-b-13028898
  [5] https://www.remax-quebec.com/fr/proprietes/maison-a-vendre-rive-sud-de-montreal/6290-rue-belair-brossard-noms-de-rues-b-13028898
  [6] https://www.remax-quebec.com/fr/proprietes/maison-a-vendre-rive-sud-de-montreal/6290-rue-belair-brossard-noms-de-rues-b-13028898
  [7] https://www.remax-quebec.com/fr/proprietes/maison-a-vendre-rive-sud-de-montreal/6290-rue-belair-brossard-noms-de-rues-b-13028898
  [8] https://www.remax-quebec.com/fr/proprietes/maison-a-vendre-rive-sud-de-montreal/6290-rue-belair-brossard-noms-de-rues-b-13028898
  [9] https://www.remax-quebec.com/fr/proprietes/maison-a-vendre-rive-sud-de-montreal/6290-rue-belair-brossard-noms-de-rues-b-13028898
  [10] https://www.remax-quebec.com/fr/proprietes/maison-a-vendre-rive-sud-de-montreal/6290-rue-belair-brossard-noms-de-rues-b-13028898
Extracted score using pattern 'SCORE TOTAL - SOUHAITS SECONDAIRES:\s*(\d+\.?\d*)\s*/\s*\d+': 11.25
Received score from agent: 11.25
Updated Excel - Secondaire column with value: 11.25
Saved Excel file

centris no 28956420:
Total criteria rows to process: 129
  Processing: Prix (Source: Excel, Category: Non-négociables)
    Found 6 ranges: [('820 000 $-850 000 $', 7.0), ('800 000 $-820 000 $', 9.0), ('750 000 $-800 000 $', 10.0), ('700 000 $-750 000 $', 9.0), ('650 000 $-700 000 $', 5.0), ('400 000 $-650 000 $', 3.0)]
      Comparing '659 000 $' vs '820 000 $-850 000 $'
      Comparing '659 000 $' vs '800 000 $-820 000 $'
      Comparing '659 000 $' vs '750 000 $-800 000 $'
      Comparing '659 000 $' vs '700 000 $-750 000 $'
      Comparing '659 000 $' vs '650 000 $-700 000 $'
    Prix (Excel): 659 000 $ in range 650 000 $-700 000 $ -> 5.0 pts
  Processing: Type de bâtiment (Source: Excel, Category: Non-négociables)
    Found 2 ranges: [('Isolé (détaché)', 3.0), ('NON', 0.0)]
      Comparing 'Isolé (détaché)' vs 'Isolé (détaché)'
    Type de bâtiment (Excel): Isolé (détaché) matches Isolé (détaché) -> 3.0 pts
  Processing: Style de bâtiment (Source: Excel, Category: Non-négociables)
    Found 3 ranges: [('de plain-pied', 7.0), ('à étages', 6.0), ('Cottage', 4.0)]
      Comparing 'de plain-pied' vs 'de plain-pied'
    Style de bâtiment (Excel): de plain-pied matches de plain-pied -> 7.0 pts
  Processing: Année de construction (Source: Excel, Category: Non-négociables)
    Found 6 ranges: [('2024-2025', 6.0), ('2022-2023', 5.0), ('2020-2021', 4.0), ('2017-2019', 3.0), ('2010-2016', 2.0), ('2000-2009', 1.0)]
      Comparing '2014' vs '2024-2025'
      Comparing '2014' vs '2022-2023'
      Comparing '2014' vs '2020-2021'
      Comparing '2014' vs '2017-2019'
      Comparing '2014' vs '2010-2016'
    Année de construction (Excel): 2014 in range 2010-2016 -> 2.0 pts
  Processing: Garage (Source: Excel, Category: Non-négociables)
    Found 2 ranges: [('OUI', 5.0), ('Non', 0.0)]
      Comparing 'Non' vs 'OUI'
      Comparing 'Non' vs 'Non'
    Garage (Excel): Non matches Non -> 0.0 pts
    Garage (Excel): Non -> No match found -> 0 pts
  Processing: Pièces (Source: Excel, Category: Non-négociables)
    Found 4 ranges: [('14-25', 8.0), ('10-13', 7.0), ('7-9', 4.0), ('0-6', 1.0)]
      Comparing '12' vs '14-25'
      Comparing '12' vs '10-13'
    Pièces (Excel): 12 in range 10-13 -> 7.0 pts
  Processing: Date d'app/maj (Source: Excel, Category: Non-négociables)
    Found 3 ranges: [('0-4', 4.0), ('5-8', 3.0), ('9-12', 1.0)]
      Comparing 'depuis 36 jours' vs '0-4'
      Comparing 'depuis 36 jours' vs '5-8'
      Comparing 'depuis 36 jours' vs '9-12'
    Date d'app/maj (Excel): depuis 36 jours -> No match found -> 0 pts
  Processing: Secteur (Source: Excel, Category: Non-négociables)
    Found 4 ranges: [('Vieux-Longueuil', 9.0), ('Greenfield Park', 4.0), ('Saint-Hubert', 7.0), ('Brossard', 6.0)]
      Comparing 'Le Vieux-Longueuil' vs 'Vieux-Longueuil'
      Comparing 'Le Vieux-Longueuil' vs 'Greenfield Park'
      Comparing 'Le Vieux-Longueuil' vs 'Saint-Hubert'
      Comparing 'Le Vieux-Longueuil' vs 'Brossard'
    Secteur (Excel): Le Vieux-Longueuil -> No match found -> 0 pts
  Processing: DollardDistance (Source: Excel, Category: Non-négociables)
    Found 4 ranges: [('0-10', 5.0), ('11-15', 2.0), ('16-20', 1.0), ('21+', 0.0)]
      Comparing '4' vs '0-10'
    DollardDistance (Excel): 4 in range 0-10 -> 5.0 pts
  Processing: WalkScore (Source: Excel, Category: Non-négociables)
    Found 4 ranges: [('80-100', 2.0), ('60-79', 1.5), ('40-59', 1.0), ('<40', 0.0)]
      Comparing '89' vs '80-100'
    WalkScore (Excel): 89 in range 80-100 -> 2.0 pts
  Processing: SuperficieDuterrain (Source: Excel, Category: Non-négociables)
    Found 5 ranges: [('7000-15000 pc', 6.0), ('5500-6999 pc', 5.0), ('4500-5499 pc', 4.0), ('3500-4499 pc', 2.0), ('0-3499 pc', 1.0)]
      Comparing '4 940 pc' vs '7000-15000 pc'
      Comparing '4 940 pc' vs '5500-6999 pc'
      Comparing '4 940 pc' vs '4500-5499 pc'
    SuperficieDuterrain (Excel): 4 940 pc in range 4500-5499 pc -> 4.0 pts
  Non-négociables category total: 5.0 + 3.0 + 7.0 + 2.0 + 0.0 + 7.0 + 0.0 + 0.0 + 5.0 + 2.0 + 4.0 = 35.0
  Processing: Énergie/Chauffage (Source: Excel, Category: Souhaits importants)
    Found 3 ranges: [('Électricité', 1.0), ('Électricité, Gaz naturel', 2.0), ('Électricité, Propane', 3.0)]
      Comparing 'Électricité' vs 'Électricité'
    Énergie/Chauffage (Excel): Électricité matches Électricité -> 1.0 pts
  Processing: SDB + SE (Source: Excel, Category: Souhaits importants)
    Found 3 ranges: [('1+1', 1.0), ('2+0', 3.0), ('2+1', 4.0)]
      Comparing '2+0' vs '1+1'
      Comparing '2+0' vs '2+0'
    SDB + SE (Excel): 2+0 matches 2+0 -> 3.0 pts
  Processing: Foyer-Poêle (Source: Excel, Category: Souhaits importants)
    Found 2 ranges: [('OUI', 5.0), ('NON', 0.0)]
      Comparing 'Non' vs 'OUI'
      Comparing 'Non' vs 'NON'
    Foyer-Poêle (Excel): Non matches NON -> 0.0 pts
    Foyer-Poêle (Excel): Non -> No match found -> 0 pts
  Processing: Piscine (Source: Excel, Category: Souhaits importants)
    Found 2 ranges: [('OUI', 8.0), ('NON', 0.0)]
      Comparing 'Non' vs 'OUI'
      Comparing 'Non' vs 'NON'
    Piscine (Excel): Non matches NON -> 0.0 pts
    Piscine (Excel): Non -> No match found -> 0 pts
  Souhaits importants category total: 1.0 + 3.0 + 0.0 + 0.0 = 4.0
  Processing Souhaits secondaires via Bedrock agent...
  Criteria processed by category: {'Non-négociables': 11, 'Souhaits importants': 4, 'Souhaits secondaires': 0}
  Non-négociables: 5.0 + 3.0 + 7.0 + 2.0 + 0.0 + 7.0 + 0.0 + 0.0 + 5.0 + 2.0 + 4.0 = 35.0
  Souhaits importants: 1.0 + 3.0 + 0.0 + 0.0 = 4.0
  Souhaits secondaires:  = 0
  TOTAL: 39.0
Getting Souhaits Secondaires score for 28956420...
Calling Bedrock agent ZGK3NF5FWW (alias: YQF8BEKCCF) for centris 28956420
Prompt: Score total pour categorie SOUHAITS SECONDAIRES pour centris num 28956420
Agent response: 

Le score total pour la catégorie SOUHAITS SECONDAIRES du Centris #28956420 (1079 Rue Albani, Longueuil) est de **11.5 / 15 points**.

**Points forts** (score maximal):
- Calme et sécurité (terrain paisible)
- Proximité parcs et piste cyclable
- Fort potentiel de revente (emplacement stratégique)
- Excellente flexibilité (conversion duplex + garage possibles)
- Climatiseur mural installé
- Extras remarquables (terrasse 150 pi², cabanon 200 pi², système sécurité)
- Deux entrées de stationnement
- Isolation/résilience optimale (construction 2014, sous-sol isolé 2023)
- Disponibilité avant juillet 2026
- Aménagement intérieur complet
- Espace rangement exceptionnel
- Fenestration 4 façades

**Points à améliorer**:
- Aucun électroménager inclus (0 point)
- Superficie habitable limitée environ 900-1000 pi² (1/3 points)
- Zone gazon simple sans jardin aménagé (0.5/1 point)



Reference URLs used (1 total):
  [1] https://charisma.ca/fr/properties/?mls=28956420
Extracted score using pattern 'score total.*SOUHAITS SECONDAIRES.*?(\d+\.?\d*)\s*/\s*\d+': 11.5
Received score from agent: 11.5
Updated Excel - Secondaire column with value: 11.5
Saved Excel file

centris no 15345612:
Total criteria rows to process: 129
  Processing: Prix (Source: Excel, Category: Non-négociables)
    Found 6 ranges: [('820 000 $-850 000 $', 7.0), ('800 000 $-820 000 $', 9.0), ('750 000 $-800 000 $', 10.0), ('700 000 $-750 000 $', 9.0), ('650 000 $-700 000 $', 5.0), ('400 000 $-650 000 $', 3.0)]
      Comparing '799 000 $' vs '820 000 $-850 000 $'
      Comparing '799 000 $' vs '800 000 $-820 000 $'
      Comparing '799 000 $' vs '750 000 $-800 000 $'
    Prix (Excel): 799 000 $ in range 750 000 $-800 000 $ -> 10.0 pts
  Processing: Type de bâtiment (Source: Excel, Category: Non-négociables)
    Found 2 ranges: [('Isolé (détaché)', 3.0), ('NON', 0.0)]
      Comparing 'Isolé (détaché)' vs 'Isolé (détaché)'
    Type de bâtiment (Excel): Isolé (détaché) matches Isolé (détaché) -> 3.0 pts
  Processing: Style de bâtiment (Source: Excel, Category: Non-négociables)
    Found 3 ranges: [('de plain-pied', 7.0), ('à étages', 6.0), ('Cottage', 4.0)]
      Comparing 'à étages' vs 'de plain-pied'
      Comparing 'à étages' vs 'à étages'
    Style de bâtiment (Excel): à étages matches à étages -> 6.0 pts
  Processing: Année de construction (Source: Excel, Category: Non-négociables)
    Found 6 ranges: [('2024-2025', 6.0), ('2022-2023', 5.0), ('2020-2021', 4.0), ('2017-2019', 3.0), ('2010-2016', 2.0), ('2000-2009', 1.0)]
      Comparing '2005' vs '2024-2025'
      Comparing '2005' vs '2022-2023'
      Comparing '2005' vs '2020-2021'
      Comparing '2005' vs '2017-2019'
      Comparing '2005' vs '2010-2016'
      Comparing '2005' vs '2000-2009'
    Année de construction (Excel): 2005 in range 2000-2009 -> 1.0 pts
  Processing: Garage (Source: Excel, Category: Non-négociables)
    Found 2 ranges: [('OUI', 5.0), ('Non', 0.0)]
      Comparing 'Non' vs 'OUI'
      Comparing 'Non' vs 'Non'
    Garage (Excel): Non matches Non -> 0.0 pts
    Garage (Excel): Non -> No match found -> 0 pts
  Processing: Pièces (Source: Excel, Category: Non-négociables)
    Found 4 ranges: [('14-25', 8.0), ('10-13', 7.0), ('7-9', 4.0), ('0-6', 1.0)]
      Comparing '13' vs '14-25'
      Comparing '13' vs '10-13'
    Pièces (Excel): 13 in range 10-13 -> 7.0 pts
  Processing: Date d'app/maj (Source: Excel, Category: Non-négociables)
    Found 3 ranges: [('0-4', 4.0), ('5-8', 3.0), ('9-12', 1.0)]
      Comparing 'depuis 14 jours' vs '0-4'
      Comparing 'depuis 14 jours' vs '5-8'
      Comparing 'depuis 14 jours' vs '9-12'
    Date d'app/maj (Excel): depuis 14 jours -> No match found -> 0 pts
  Processing: Secteur (Source: Excel, Category: Non-négociables)
    Found 4 ranges: [('Vieux-Longueuil', 9.0), ('Greenfield Park', 4.0), ('Saint-Hubert', 7.0), ('Brossard', 6.0)]
      Comparing 'Brossard' vs 'Vieux-Longueuil'
      Comparing 'Brossard' vs 'Greenfield Park'
      Comparing 'Brossard' vs 'Saint-Hubert'
      Comparing 'Brossard' vs 'Brossard'
    Secteur (Excel): Brossard matches Brossard -> 6.0 pts
  Processing: DollardDistance (Source: Excel, Category: Non-négociables)
    Found 4 ranges: [('0-10', 5.0), ('11-15', 2.0), ('16-20', 1.0), ('21+', 0.0)]
      Comparing '19' vs '0-10'
      Comparing '19' vs '11-15'
      Comparing '19' vs '16-20'
    DollardDistance (Excel): 19 in range 16-20 -> 1.0 pts
  Processing: WalkScore (Source: Excel, Category: Non-négociables)
    Found 4 ranges: [('80-100', 2.0), ('60-79', 1.5), ('40-59', 1.0), ('<40', 0.0)]
      Comparing '25' vs '80-100'
      Comparing '25' vs '60-79'
      Comparing '25' vs '40-59'
      Comparing '25' vs '<40'
    WalkScore (Excel): 25 -> No match found -> 0 pts
  Processing: SuperficieDuterrain (Source: Excel, Category: Non-négociables)
    Found 5 ranges: [('7000-15000 pc', 6.0), ('5500-6999 pc', 5.0), ('4500-5499 pc', 4.0), ('3500-4499 pc', 2.0), ('0-3499 pc', 1.0)]
      Comparing '8 047 pc' vs '7000-15000 pc'
    SuperficieDuterrain (Excel): 8 047 pc in range 7000-15000 pc -> 6.0 pts
  Non-négociables category total: 10.0 + 3.0 + 6.0 + 1.0 + 0.0 + 7.0 + 0.0 + 6.0 + 1.0 + 0.0 + 6.0 = 40.0
  Processing: Énergie/Chauffage (Source: Excel, Category: Souhaits importants)
    Found 3 ranges: [('Électricité', 1.0), ('Électricité, Gaz naturel', 2.0), ('Électricité, Propane', 3.0)]
      Comparing 'Électricité' vs 'Électricité'
    Énergie/Chauffage (Excel): Électricité matches Électricité -> 1.0 pts
  Processing: SDB + SE (Source: Excel, Category: Souhaits importants)
    Found 3 ranges: [('1+1', 1.0), ('2+0', 3.0), ('2+1', 4.0)]
      Comparing '2+1' vs '1+1'
      Comparing '2+1' vs '2+0'
      Comparing '2+1' vs '2+1'
    SDB + SE (Excel): 2+1 matches 2+1 -> 4.0 pts
  Processing: Foyer-Poêle (Source: Excel, Category: Souhaits importants)
    Found 2 ranges: [('OUI', 5.0), ('NON', 0.0)]
      Comparing 'Non' vs 'OUI'
      Comparing 'Non' vs 'NON'
    Foyer-Poêle (Excel): Non matches NON -> 0.0 pts
    Foyer-Poêle (Excel): Non -> No match found -> 0 pts
  Processing: Piscine (Source: Excel, Category: Souhaits importants)
    Found 2 ranges: [('OUI', 8.0), ('NON', 0.0)]
      Comparing 'Non' vs 'OUI'
      Comparing 'Non' vs 'NON'
    Piscine (Excel): Non matches NON -> 0.0 pts
    Piscine (Excel): Non -> No match found -> 0 pts
  Souhaits importants category total: 1.0 + 4.0 + 0.0 + 0.0 = 5.0
  Processing Souhaits secondaires via Bedrock agent...
  Criteria processed by category: {'Non-négociables': 11, 'Souhaits importants': 4, 'Souhaits secondaires': 0}
  Non-négociables: 10.0 + 3.0 + 6.0 + 1.0 + 0.0 + 7.0 + 0.0 + 6.0 + 1.0 + 0.0 + 6.0 = 40.0
  Souhaits importants: 1.0 + 4.0 + 0.0 + 0.0 = 5.0
  Souhaits secondaires:  = 0
  TOTAL: 45.0
Getting Souhaits Secondaires score for 15345612...
Calling Bedrock agent ZGK3NF5FWW (alias: YQF8BEKCCF) for centris 15345612
Prompt: Score total pour categorie SOUHAITS SECONDAIRES pour centris num 15345612
Agent response: 

Aucun document trouvé dans la Knowledge Base pour le numéro Centris 15345612. Impossible d'effectuer l'évaluation des SOUHAITS SECONDAIRES.

Pour pouvoir calculer le score total de cette catégorie, j'aurais besoin d'accéder aux informations détaillées de cette propriété incluant:
- Caractéristiques du quartier (calme, proximité des parcs)
- Superficie habitable
- Électroménagers inclus
- Stationnement et allée
- Aménagements intérieurs
- Date d'emménagement disponible
- Orientation et fenestration
- Espaces de rangement
- Terrain et jardin

Veuillez vérifier que le numéro Centris est correct ou que les documents de cette propriété ont été ajoutés à la Knowledge Base.



No reference URLs found in response
No score found with any pattern
Full response text: 

Aucun document trouvé dans la Knowledge Base pour le numéro Centris 15345612. Impossible d'effectuer l'évaluation des SOUHAITS SECONDAIRES.

Pour pouvoir calculer le score total de cette catégorie, j'aurais besoin d'accéder aux informations détaillées de cette propriété incluant:
- Caractéristiques du quartier (calme, proximité des parcs)
- Superficie habitable
- Électroménagers inclus
- Stationnement et allée
- Aménagements intérieurs
- Date d'emménagement disponible
- Orientation et fenestration
- Espaces de rangement
- Terrain et jardin

Veuillez vérifier que le numéro Centris est correct ou que les documents de cette propriété ont été ajoutés à la Knowledge Base.



Received score from agent: 0.0
Updated Excel - Secondaire column with value: 0.0
Saved Excel file

centris no 18278673:
Total criteria rows to process: 129
  Processing: Prix (Source: Excel, Category: Non-négociables)
    Found 6 ranges: [('820 000 $-850 000 $', 7.0), ('800 000 $-820 000 $', 9.0), ('750 000 $-800 000 $', 10.0), ('700 000 $-750 000 $', 9.0), ('650 000 $-700 000 $', 5.0), ('400 000 $-650 000 $', 3.0)]
      Comparing '699 000 $' vs '820 000 $-850 000 $'
      Comparing '699 000 $' vs '800 000 $-820 000 $'
      Comparing '699 000 $' vs '750 000 $-800 000 $'
      Comparing '699 000 $' vs '700 000 $-750 000 $'
      Comparing '699 000 $' vs '650 000 $-700 000 $'
    Prix (Excel): 699 000 $ in range 650 000 $-700 000 $ -> 5.0 pts
  Processing: Type de bâtiment (Source: Excel, Category: Non-négociables)
    Found 2 ranges: [('Isolé (détaché)', 3.0), ('NON', 0.0)]
      Comparing 'Isolé (détaché)' vs 'Isolé (détaché)'
    Type de bâtiment (Excel): Isolé (détaché) matches Isolé (détaché) -> 3.0 pts
  Processing: Style de bâtiment (Source: Excel, Category: Non-négociables)
    Found 3 ranges: [('de plain-pied', 7.0), ('à étages', 6.0), ('Cottage', 4.0)]
      Comparing 'de plain-pied' vs 'de plain-pied'
    Style de bâtiment (Excel): de plain-pied matches de plain-pied -> 7.0 pts
  Processing: Année de construction (Source: Excel, Category: Non-négociables)
    Found 6 ranges: [('2024-2025', 6.0), ('2022-2023', 5.0), ('2020-2021', 4.0), ('2017-2019', 3.0), ('2010-2016', 2.0), ('2000-2009', 1.0)]
      Comparing '2001' vs '2024-2025'
      Comparing '2001' vs '2022-2023'
      Comparing '2001' vs '2020-2021'
      Comparing '2001' vs '2017-2019'
      Comparing '2001' vs '2010-2016'
      Comparing '2001' vs '2000-2009'
    Année de construction (Excel): 2001 in range 2000-2009 -> 1.0 pts
  Processing: Garage (Source: Excel, Category: Non-négociables)
    Found 2 ranges: [('OUI', 5.0), ('Non', 0.0)]
      Comparing 'Oui' vs 'OUI'
    Garage (Excel): Oui matches OUI -> 5.0 pts
  Processing: Pièces (Source: Excel, Category: Non-négociables)
    Found 4 ranges: [('14-25', 8.0), ('10-13', 7.0), ('7-9', 4.0), ('0-6', 1.0)]
      Comparing '11' vs '14-25'
      Comparing '11' vs '10-13'
    Pièces (Excel): 11 in range 10-13 -> 7.0 pts
  Processing: Date d'app/maj (Source: Excel, Category: Non-négociables)
    Found 3 ranges: [('0-4', 4.0), ('5-8', 3.0), ('9-12', 1.0)]
      Comparing 'depuis 36 jours' vs '0-4'
      Comparing 'depuis 36 jours' vs '5-8'
      Comparing 'depuis 36 jours' vs '9-12'
    Date d'app/maj (Excel): depuis 36 jours -> No match found -> 0 pts
  Processing: Secteur (Source: Excel, Category: Non-négociables)
    Found 4 ranges: [('Vieux-Longueuil', 9.0), ('Greenfield Park', 4.0), ('Saint-Hubert', 7.0), ('Brossard', 6.0)]
      Comparing 'Le Vieux-Longueuil' vs 'Vieux-Longueuil'
      Comparing 'Le Vieux-Longueuil' vs 'Greenfield Park'
      Comparing 'Le Vieux-Longueuil' vs 'Saint-Hubert'
      Comparing 'Le Vieux-Longueuil' vs 'Brossard'
    Secteur (Excel): Le Vieux-Longueuil -> No match found -> 0 pts
  Processing: DollardDistance (Source: Excel, Category: Non-négociables)
    Found 4 ranges: [('0-10', 5.0), ('11-15', 2.0), ('16-20', 1.0), ('21+', 0.0)]
      Comparing '14' vs '0-10'
      Comparing '14' vs '11-15'
    DollardDistance (Excel): 14 in range 11-15 -> 2.0 pts
  Processing: WalkScore (Source: Excel, Category: Non-négociables)
    Found 4 ranges: [('80-100', 2.0), ('60-79', 1.5), ('40-59', 1.0), ('<40', 0.0)]
      Comparing '46' vs '80-100'
      Comparing '46' vs '60-79'
      Comparing '46' vs '40-59'
    WalkScore (Excel): 46 in range 40-59 -> 1.0 pts
  Processing: SuperficieDuterrain (Source: Excel, Category: Non-négociables)
    Found 5 ranges: [('7000-15000 pc', 6.0), ('5500-6999 pc', 5.0), ('4500-5499 pc', 4.0), ('3500-4499 pc', 2.0), ('0-3499 pc', 1.0)]
      Comparing '4 018 pc' vs '7000-15000 pc'
      Comparing '4 018 pc' vs '5500-6999 pc'
      Comparing '4 018 pc' vs '4500-5499 pc'
      Comparing '4 018 pc' vs '3500-4499 pc'
    SuperficieDuterrain (Excel): 4 018 pc in range 3500-4499 pc -> 2.0 pts
  Non-négociables category total: 5.0 + 3.0 + 7.0 + 1.0 + 5.0 + 7.0 + 0.0 + 0.0 + 2.0 + 1.0 + 2.0 = 33.0
  Processing: Énergie/Chauffage (Source: Excel, Category: Souhaits importants)
    Found 3 ranges: [('Électricité', 1.0), ('Électricité, Gaz naturel', 2.0), ('Électricité, Propane', 3.0)]
      Comparing 'Électricité, Gaz naturel' vs 'Électricité'
      Comparing 'Électricité, Gaz naturel' vs 'Électricité, Gaz naturel'
    Énergie/Chauffage (Excel): Électricité, Gaz naturel matches Électricité, Gaz naturel -> 2.0 pts
  Processing: SDB + SE (Source: Excel, Category: Souhaits importants)
    Found 3 ranges: [('1+1', 1.0), ('2+0', 3.0), ('2+1', 4.0)]
      Comparing '2+0' vs '1+1'
      Comparing '2+0' vs '2+0'
    SDB + SE (Excel): 2+0 matches 2+0 -> 3.0 pts
  Processing: Foyer-Poêle (Source: Excel, Category: Souhaits importants)
    Found 2 ranges: [('OUI', 5.0), ('NON', 0.0)]
      Comparing 'Non' vs 'OUI'
      Comparing 'Non' vs 'NON'
    Foyer-Poêle (Excel): Non matches NON -> 0.0 pts
    Foyer-Poêle (Excel): Non -> No match found -> 0 pts
  Processing: Piscine (Source: Excel, Category: Souhaits importants)
    Found 2 ranges: [('OUI', 8.0), ('NON', 0.0)]
      Comparing 'Non' vs 'OUI'
      Comparing 'Non' vs 'NON'
    Piscine (Excel): Non matches NON -> 0.0 pts
    Piscine (Excel): Non -> No match found -> 0 pts
  Souhaits importants category total: 2.0 + 3.0 + 0.0 + 0.0 = 5.0
  Processing Souhaits secondaires via Bedrock agent...
  Criteria processed by category: {'Non-négociables': 11, 'Souhaits importants': 4, 'Souhaits secondaires': 0}
  Non-négociables: 5.0 + 3.0 + 7.0 + 1.0 + 5.0 + 7.0 + 0.0 + 0.0 + 2.0 + 1.0 + 2.0 = 33.0
  Souhaits importants: 2.0 + 3.0 + 0.0 + 0.0 = 5.0
  Souhaits secondaires:  = 0
  TOTAL: 38.0
Getting Souhaits Secondaires score for 18278673...
Calling Bedrock agent ZGK3NF5FWW (alias: YQF8BEKCCF) for centris 18278673
Prompt: Score total pour categorie SOUHAITS SECONDAIRES pour centris num 18278673
Agent response: 

**SOUHAITS SECONDAIRES - Centris #18278673**
==========================================

**Scores Individuels:**
------------------

**16. Calme et sécurité: 1.0** - Secteur Pierre-Boucher à Longueuil, décrit comme "secteur paisible"

**17. Proximité parcs: 0.5** - Quartier résidentiel établi, distance moyenne probable

**18. Potentiel de revente: 1.0** - Excellente localisation près hôpital Pierre-Boucher, écoles, services, transport en commun

**19. Flexibilité: 1.0** - Sous-sol totalement aménagé avec 2 chambres + salle familiale, potentiel de revenu/occupation multigénérationnelle

**20. Électroménagers inclus: 1.0** - Lave-vaisselle inclus, stores et rideaux, luminaires, tempo voiture, meuble rangement garage, abri jardin, BBQ

**22. Air climatisé mural: 0.5** - Système de climatisation centrale à air pulsé (thermopompe centrale mentionnée)

**23. Extras: 1.0** - Grande terrasse en bois + prise BBQ gaz naturel + installation aspirateur central + ouvre-porte électrique garage

**24. Superficie habitable: 2.0** - Plain-pied 29'8" x 35'2" ≈ 1044 pi² + sous-sol totalement aménagé ≈ 1000-1199 pi² habitable total

**25. Fenestration/Orientation: 0.25** - Fenêtres PVC manivelle et coulissantes, orientation non précisée

**26. Stationnement (Allée): 0.5** - Garage simple largeur intégré chauffé (1 place couverte) + tempo voiture

**27. Isolation/Résilience hiver: 0.25** - Maison 2001, bardeaux asphalte, chauffage air pulsé gaz naturel + électricité, bon état général

**28. Date d'emménagement: 0.0** - Information non disponible

**29. Aménagement intérieur: 0.5** - Cuisine moderne aire ouverte + sous-sol totalement aménagé (salle familiale, 2 chambres, salle de bain)

**30. Espace rangement: 1.0** - Abri de jardin ET sous-sol totalement aménagé + meuble rangement garage

**31. Zone gazon/jardin: 1.0** - Cour clôturée privée avec terrasse en bois et aménagement

==========================================
**SCORE TOTAL - SOUHAITS SECONDAIRES: 11.5 / 15 points**

**Calcul détaillé:** 1.0 + 0.5 + 1.0 + 1.0 + 1.0 + 0.5 + 1.0 + 2.0 + 0.25 + 0.5 + 0.25 + 0.0 + 0.5 + 1.0 + 1.0 = **11.5**



Reference URLs used (5 total):
  [1] https://www.remax-quebec.com/fr/proprietes/maison-a-vendre-rive-sud-de-montreal/1429-rue-du-beaujolais-longueuil-le-vieux-longueuil-pierre-boucher-18278673
  [2] https://www.remax-quebec.com/fr/proprietes/maison-a-vendre-rive-sud-de-montreal/1429-rue-du-beaujolais-longueuil-le-vieux-longueuil-pierre-boucher-18278673
  [3] https://www.remax-quebec.com/fr/proprietes/maison-a-vendre-rive-sud-de-montreal/1429-rue-du-beaujolais-longueuil-le-vieux-longueuil-pierre-boucher-18278673
  [4] https://www.remax-quebec.com/fr/proprietes/maison-a-vendre-rive-sud-de-montreal/1429-rue-du-beaujolais-longueuil-le-vieux-longueuil-pierre-boucher-18278673
  [5] https://www.remax-quebec.com/fr/proprietes/maison-a-vendre-rive-sud-de-montreal/1429-rue-du-beaujolais-longueuil-le-vieux-longueuil-pierre-boucher-18278673
Extracted score using pattern 'SCORE TOTAL - SOUHAITS SECONDAIRES:\s*(\d+\.?\d*)\s*/\s*\d+': 11.5
Received score from agent: 11.5
Updated Excel - Secondaire column with value: 11.5
Saved Excel file
